[WARN] [ros2bag]: Positional "topics" argument deprecated. Please use optional "--topics" argument instead.
stdin is not a terminal device. Keyboard handling disabled.[INFO] [1790756035.979730075] [rosbag2_recorder]: Press SPACE for pausing/resuming
[INFO] [1790756035.979779625] [rosbag2_recorder]: Event publisher thread: Started
[INFO] [1790756035.993418620] [rosbag2_recorder]: Starting recording to '/home/administrator/robosim_bags/collision-20260930-011323-20260930-011355'
[INFO] [1790756035.995853828] [rosbag2_recorder]: Listening for topics...
[INFO] [1790756035.996217259] [rosbag2_recorder]: Recording...
[INFO] [1790756035.996014254] [rosbag2_recorder]: Topics discovery started.
[INFO] [1790756036.084818493] [rosbag2_recorder]: Subscribed to topic '/scan'
[INFO] [1790756036.090732570] [rosbag2_recorder]: Subscribed to topic '/initialpose'
[INFO] [1790756036.301618745] [rosbag2_recorder]: Subscribed to topic '/tf'
[INFO] [1790756036.304439522] [rosbag2_recorder]: Subscribed to topic '/amcl_pose'
[INFO] [1790756036.534434891] [rosbag2_recorder]: Subscribed to topic '/plan'
[INFO] [1790756036.573465770] [rosbag2_recorder]: Subscribed to topic '/cmd_vel'
[WARN] [1790756036.588080130] [rosbag2_cpp]: Message definition for topic '/navigate_to_pose/_action/feedback' with type 'nav2_msgs/action/NavigateToPose_FeedbackMessage' not found. Message definition will be left empty in bag.
[INFO] [1790756036.598465774] [rosbag2_recorder]: Subscribed to topic '/navigate_to_pose/_action/feedback'
[WARN] [1790756036.599174454] [rosbag2_cpp]: Message definition for topic '/navigate_to_pose/_action/status' with type 'action_msgs/msg/GoalStatusArray' not found. Message definition will be left empty in bag.
[INFO] [1790756036.605528454] [rosbag2_recorder]: Subscribed to topic '/navigate_to_pose/_action/status'
[INFO] [1790756036.954202252] [rosbag2_recorder]: Subscribed to topic '/chassis/odom'
[INFO] [1790756036.964695098] [rosbag2_recorder]: Subscribed to topic '/clock'
[INFO] [1790756368.082429232] [rosbag2_recorder]: Topics discovery stopped.
[INFO] [1790756368.083238643] [rosbag2_recorder]: Pausing recording.
[INFO] [1790756368.083851480] [rosbag2_cpp]: Writing remaining messages from cache to the bag. It may take a while
[INFO] [1790756368.091648942] [rosbag2_recorder]: Recording stopped
[INFO] [1790756368.114509959] [rosbag2_recorder]: Event publisher thread: Exited
