[WARN] [ros2bag]: Positional "topics" argument deprecated. Please use optional "--topics" argument instead.
stdin is not a terminal device. Keyboard handling disabled.[INFO] [1790757643.309398736] [rosbag2_recorder]: Press SPACE for pausing/resuming
[INFO] [1790757643.309440942] [rosbag2_recorder]: Event publisher thread: Started
[INFO] [1790757643.328961028] [rosbag2_recorder]: Starting recording to '/home/administrator/robosim_bags/normal-20260930-014009-20260930-014042'
[INFO] [1790757643.333227019] [rosbag2_recorder]: Listening for topics...
[INFO] [1790757643.333604710] [rosbag2_recorder]: Recording...
[INFO] [1790757643.333357209] [rosbag2_recorder]: Topics discovery started.
[INFO] [1790757643.406342578] [rosbag2_recorder]: Subscribed to topic '/tf'
[INFO] [1790757643.426605356] [rosbag2_recorder]: Subscribed to topic '/chassis/odom'
[INFO] [1790757643.441174474] [rosbag2_recorder]: Subscribed to topic '/initialpose'
[INFO] [1790757643.444298275] [rosbag2_recorder]: Subscribed to topic '/clock'
[INFO] [1790757643.450448868] [rosbag2_recorder]: Subscribed to topic '/scan'
[INFO] [1790757643.682150591] [rosbag2_recorder]: Subscribed to topic '/amcl_pose'
[INFO] [1790757644.141633026] [rosbag2_recorder]: Subscribed to topic '/plan'
[INFO] [1790757644.172190095] [rosbag2_recorder]: Subscribed to topic '/cmd_vel'
[WARN] [1790757644.182578197] [rosbag2_cpp]: Message definition for topic '/navigate_to_pose/_action/status' with type 'action_msgs/msg/GoalStatusArray' not found. Message definition will be left empty in bag.
[INFO] [1790757644.189483796] [rosbag2_recorder]: Subscribed to topic '/navigate_to_pose/_action/status'
[WARN] [1790757644.190109177] [rosbag2_cpp]: Message definition for topic '/navigate_to_pose/_action/feedback' with type 'nav2_msgs/action/NavigateToPose_FeedbackMessage' not found. Message definition will be left empty in bag.
[INFO] [1790757644.201635428] [rosbag2_recorder]: Subscribed to topic '/navigate_to_pose/_action/feedback'
[INFO] [1790757813.159576554] [rosbag2_recorder]: Topics discovery stopped.
[INFO] [1790757813.160353226] [rosbag2_recorder]: Pausing recording.
[INFO] [1790757813.160704978] [rosbag2_cpp]: Writing remaining messages from cache to the bag. It may take a while
[INFO] [1790757813.166118490] [rosbag2_recorder]: Recording stopped
[INFO] [1790757813.185300511] [rosbag2_recorder]: Event publisher thread: Exited
