[INFO] [launch]: All log files can be found below /home/administrator/.ros/log/2026-09-30-01-08-26-123054-WIN-THIV01L0JAE-79921
[INFO] [launch]: Default logging verbosity is set to INFO
[INFO] [rviz2-1]: process started with pid [79945]
[INFO] [component_container_isolated-2]: process started with pid [79948]
[INFO] [pointcloud_to_laserscan_node-3]: process started with pid [79949]
[component_container_isolated-2] [INFO] [1790755707.248757454] [nav2_container]: Load Library: /opt/ros/jazzy/lib/libamcl_core.so
[component_container_isolated-2] [INFO] [1790755707.258082517] [nav2_container]: Found class: rclcpp_components::NodeFactoryTemplate<nav2_amcl::AmclNode>
[component_container_isolated-2] [INFO] [1790755707.258151783] [nav2_container]: Instantiate class: rclcpp_components::NodeFactoryTemplate<nav2_amcl::AmclNode>
[component_container_isolated-2] [INFO] [1790755707.350073887] [amcl]: 
[component_container_isolated-2] 	amcl lifecycle node launched. 
[component_container_isolated-2] 	Waiting on external lifecycle transitions to activate
[component_container_isolated-2] 	See https://design.ros2.org/articles/node_lifecycle.html for more information.
[component_container_isolated-2] [INFO] [1790755707.350547878] [amcl]: Creating
[INFO] [launch_ros.actions.load_composable_nodes]: Loaded node '/amcl' in container '/nav2_container'
[component_container_isolated-2] [INFO] [1790755707.353675915] [nav2_container]: Load Library: /opt/ros/jazzy/lib/libmap_server_core.so
[component_container_isolated-2] [INFO] [1790755707.364822050] [nav2_container]: Found class: rclcpp_components::NodeFactoryTemplate<nav2_map_server::CostmapFilterInfoServer>
[component_container_isolated-2] [INFO] [1790755707.364905000] [nav2_container]: Found class: rclcpp_components::NodeFactoryTemplate<nav2_map_server::MapSaver>
[component_container_isolated-2] [INFO] [1790755707.364910624] [nav2_container]: Found class: rclcpp_components::NodeFactoryTemplate<nav2_map_server::MapServer>
[component_container_isolated-2] [INFO] [1790755707.364914280] [nav2_container]: Instantiate class: rclcpp_components::NodeFactoryTemplate<nav2_map_server::MapServer>
[rviz2-1] [INFO] [1790755707.399622064] [rviz2]: Stereo is NOT SUPPORTED
[rviz2-1] [INFO] [1790755707.399723948] [rviz2]: OpenGl version: 4.5 (GLSL 4.5)
[component_container_isolated-2] [INFO] [1790755707.400847297] [map_server]: 
[component_container_isolated-2] 	map_server lifecycle node launched. 
[INFO] [launch_ros.actions.load_composable_nodes]: Loaded node '/map_server' in container '/nav2_container'
[component_container_isolated-2] 	Waiting on external lifecycle transitions to activate
[component_container_isolated-2] 	See https://design.ros2.org/articles/node_lifecycle.html for more information.
[component_container_isolated-2] [INFO] [1790755707.400900535] [map_server]: Creating
[component_container_isolated-2] [INFO] [1790755707.401436387] [nav2_container]: Load Library: /opt/ros/jazzy/lib/libcontroller_server_core.so
[component_container_isolated-2] [INFO] [1790755707.404082561] [nav2_container]: Found class: rclcpp_components::NodeFactoryTemplate<nav2_controller::ControllerServer>
[component_container_isolated-2] [INFO] [1790755707.404132332] [nav2_container]: Instantiate class: rclcpp_components::NodeFactoryTemplate<nav2_controller::ControllerServer>
[component_container_isolated-2] [INFO] [1790755707.438107057] [controller_server]: 
[component_container_isolated-2] 	controller_server lifecycle node launched. 
[component_container_isolated-2] 	Waiting on external lifecycle transitions to activate
[component_container_isolated-2] 	See https://design.ros2.org/articles/node_lifecycle.html for more information.
[component_container_isolated-2] [INFO] [1790755707.440927192] [controller_server]: Creating controller server
[rviz2-1] [INFO] [1790755707.452461649] [rviz2]: Stereo is NOT SUPPORTED
[component_container_isolated-2] [INFO] [1790755707.476720084] [local_costmap.local_costmap]: 
[component_container_isolated-2] 	local_costmap lifecycle node launched. 
[component_container_isolated-2] 	Waiting on external lifecycle transitions to activate
[component_container_isolated-2] 	See https://design.ros2.org/articles/node_lifecycle.html for more information.
[component_container_isolated-2] [INFO] [1790755707.477233253] [local_costmap.local_costmap]: Creating Costmap
[INFO] [launch_ros.actions.load_composable_nodes]: Loaded node '/controller_server' in container '/nav2_container'
[component_container_isolated-2] [INFO] [1790755707.480125748] [nav2_container]: Load Library: /opt/ros/jazzy/lib/libnav2_lifecycle_manager_core.so
[component_container_isolated-2] [INFO] [1790755707.481222197] [nav2_container]: Found class: rclcpp_components::NodeFactoryTemplate<nav2_lifecycle_manager::LifecycleManager>
[component_container_isolated-2] [INFO] [1790755707.481248254] [nav2_container]: Instantiate class: rclcpp_components::NodeFactoryTemplate<nav2_lifecycle_manager::LifecycleManager>
[component_container_isolated-2] [INFO] [1790755707.512385972] [lifecycle_manager_localization]: Creating
[INFO] [launch_ros.actions.load_composable_nodes]: Loaded node '/lifecycle_manager_localization' in container '/nav2_container'
[component_container_isolated-2] [INFO] [1790755707.520489176] [lifecycle_manager_localization]: [34m[1mCreating and initializing lifecycle service clients[0m[0m
[component_container_isolated-2] [INFO] [1790755707.520611305] [nav2_container]: Load Library: /opt/ros/jazzy/lib/libsmoother_server_core.so
[component_container_isolated-2] [INFO] [1790755707.523143504] [nav2_container]: Found class: rclcpp_components::NodeFactoryTemplate<nav2_smoother::SmootherServer>
[component_container_isolated-2] [INFO] [1790755707.523176778] [nav2_container]: Instantiate class: rclcpp_components::NodeFactoryTemplate<nav2_smoother::SmootherServer>
[component_container_isolated-2] [INFO] [1790755707.532776375] [lifecycle_manager_localization]: [34m[1mStarting managed nodes bringup...[0m[0m
[component_container_isolated-2] [INFO] [1790755707.532847515] [lifecycle_manager_localization]: [34m[1mConfiguring map_server[0m[0m
[component_container_isolated-2] [INFO] [1790755707.533156823] [map_server]: Configuring
[component_container_isolated-2] [INFO] [1790755707.533316070] [map_io]: Loading yaml file: /home/administrator/robotics/vendor/isaac-ros-6.1/jazzy_ws/install/carter_navigation/share/carter_navigation/maps/carter_warehouse_navigation.yaml
[component_container_isolated-2] [INFO] [1790755707.533790716] [map_io]: resolution: 0.05
[component_container_isolated-2] [INFO] [1790755707.533870949] [map_io]: origin[0]: -11.975
[component_container_isolated-2] [INFO] [1790755707.533948651] [map_io]: origin[1]: -17.975
[component_container_isolated-2] [INFO] [1790755707.533957461] [map_io]: origin[2]: 0
[component_container_isolated-2] [INFO] [1790755707.533964116] [map_io]: free_thresh: 0.196
[component_container_isolated-2] [INFO] [1790755707.533970208] [map_io]: occupied_thresh: 0.65
[component_container_isolated-2] [INFO] [1790755707.533980237] [map_io]: mode: trinary
[component_container_isolated-2] [INFO] [1790755707.533987361] [map_io]: negate: 0
[component_container_isolated-2] [INFO] [1790755707.534414393] [map_io]: Loading image_file: /home/administrator/robotics/vendor/isaac-ros-6.1/jazzy_ws/install/carter_navigation/share/carter_navigation/maps/carter_warehouse_navigation.png
[rviz2-1] [INFO] [1790755707.538952404] [rviz]: Subscribing to: /front_3d_lidar/lidar_points
[rviz2-1] 
[component_container_isolated-2] [INFO] [1790755707.577241784] [map_io]: Read map /home/administrator/robotics/vendor/isaac-ros-6.1/jazzy_ws/install/carter_navigation/share/carter_navigation/maps/carter_warehouse_navigation.png: 480 X 776 map @ 0.05 m/cell
[pointcloud_to_laserscan_node-3] [WARN] [1790755707.598718793] [pointcloud_to_laserscan]: New subscription discovered on topic '/scan', requesting incompatible QoS. No messages will be sent to it. Last incompatible policy: RELIABILITY_QOS_POLICY
[rviz2-1] [INFO] [1790755707.603708394] [rviz]: Subscribing to: /mobile_base/sensors/bumper_pointcloud
[rviz2-1] 
[component_container_isolated-2] [INFO] [1790755707.606172638] [lifecycle_manager_localization]: [34m[1mConfiguring amcl[0m[0m
[component_container_isolated-2] [INFO] [1790755707.606386717] [amcl]: Configuring
[component_container_isolated-2] [INFO] [1790755707.606534060] [amcl]: initTransforms
[rviz2-1] [INFO] [1790755707.606966059] [rviz]: Subscribing to: /mobile_base/sensors/bumper_pointcloud
[rviz2-1] 
[component_container_isolated-2] [INFO] [1790755707.608216225] [smoother_server]: 
[component_container_isolated-2] 	smoother_server lifecycle node launched. 
[component_container_isolated-2] 	Waiting on external lifecycle transitions to activate
[INFO] [launch_ros.actions.load_composable_nodes]: Loaded node '/smoother_server' in container '/nav2_container'
[component_container_isolated-2] 	See https://design.ros2.org/articles/node_lifecycle.html for more information.
[component_container_isolated-2] [INFO] [1790755707.609518972] [smoother_server]: Creating smoother server
[component_container_isolated-2] [INFO] [1790755707.613844967] [nav2_container]: Load Library: /opt/ros/jazzy/lib/libplanner_server_core.so
[component_container_isolated-2] [INFO] [1790755707.615092602] [nav2_container]: Found class: rclcpp_components::NodeFactoryTemplate<nav2_planner::PlannerServer>
[component_container_isolated-2] [INFO] [1790755707.615131031] [nav2_container]: Instantiate class: rclcpp_components::NodeFactoryTemplate<nav2_planner::PlannerServer>
[pointcloud_to_laserscan_node-3] [INFO] [1790755707.622022124] [pointcloud_to_laserscan]: Got a subscriber to laserscan, starting pointcloud subscriber
[component_container_isolated-2] [INFO] [1790755707.624632399] [amcl]: initPubSub
[component_container_isolated-2] [INFO] [1790755707.644935914] [amcl]: Subscribed to map topic.
[component_container_isolated-2] [INFO] [1790755707.665520618] [lifecycle_manager_localization]: [34m[1mActivating map_server[0m[0m
[component_container_isolated-2] [INFO] [1790755707.665823927] [map_server]: Activating
[component_container_isolated-2] [INFO] [1790755707.667820930] [amcl]: Received a 480 X 776 map @ 0.050 m/pix
[component_container_isolated-2] [INFO] [1790755707.667857297] [map_server]: Creating bond (map_server) to lifecycle manager.
[component_container_isolated-2] [INFO] [1790755707.695483061] [planner_server]: 
[component_container_isolated-2] 	planner_server lifecycle node launched. 
[component_container_isolated-2] 	Waiting on external lifecycle transitions to activate
[component_container_isolated-2] 	See https://design.ros2.org/articles/node_lifecycle.html for more information.
[component_container_isolated-2] [INFO] [1790755707.696976173] [planner_server]: Creating
[component_container_isolated-2] [INFO] [1790755707.745866931] [global_costmap.global_costmap]: 
[component_container_isolated-2] 	global_costmap lifecycle node launched. 
[component_container_isolated-2] 	Waiting on external lifecycle transitions to activate
[component_container_isolated-2] 	See https://design.ros2.org/articles/node_lifecycle.html for more information.
[component_container_isolated-2] [INFO] [1790755707.746413843] [global_costmap.global_costmap]: Creating Costmap
[INFO] [launch_ros.actions.load_composable_nodes]: Loaded node '/planner_server' in container '/nav2_container'
[component_container_isolated-2] [INFO] [1790755707.756439628] [nav2_container]: Load Library: /opt/ros/jazzy/lib/libroute_server_core.so
[component_container_isolated-2] [INFO] [1790755707.758703573] [nav2_container]: Found class: rclcpp_components::NodeFactoryTemplate<nav2_route::RouteServer>
[component_container_isolated-2] [INFO] [1790755707.758756811] [nav2_container]: Instantiate class: rclcpp_components::NodeFactoryTemplate<nav2_route::RouteServer>
[rviz2-1] [INFO] [1790755707.768864609] [rviz]: Subscribing to: /front_3d_lidar/lidar_points
[rviz2-1] 
[component_container_isolated-2] [INFO] [1790755707.776894329] [lifecycle_manager_localization]: Server map_server connected with bond.
[component_container_isolated-2] [INFO] [1790755707.777027613] [lifecycle_manager_localization]: [34m[1mActivating amcl[0m[0m
[component_container_isolated-2] [INFO] [1790755707.777521849] [amcl]: Activating
[component_container_isolated-2] [INFO] [1790755707.777626920] [amcl]: initialPoseReceived
[component_container_isolated-2] [INFO] [1790755707.777700591] [amcl]: Setting pose (5.316667): -6.000 -1.000 3.142
[component_container_isolated-2] [INFO] [1790755707.778109440] [amcl]: Creating bond (amcl) to lifecycle manager.
[rviz2-1] [INFO] [1790755707.784040085] [rviz]: Subscribing to: /mobile_base/sensors/bumper_pointcloud
[rviz2-1] 
[component_container_isolated-2] [INFO] [1790755707.821528170] [route_server]: 
[INFO] [launch_ros.actions.load_composable_nodes]: Loaded node '/route_server' in container '/nav2_container'
[component_container_isolated-2] 	route_server lifecycle node launched. 
[component_container_isolated-2] 	Waiting on external lifecycle transitions to activate
[component_container_isolated-2] 	See https://design.ros2.org/articles/node_lifecycle.html for more information.
[component_container_isolated-2] [INFO] [1790755707.824628839] [nav2_container]: Load Library: /opt/ros/jazzy/lib/libbehavior_server_core.so
[component_container_isolated-2] [INFO] [1790755707.825840294] [nav2_container]: Found class: rclcpp_components::NodeFactoryTemplate<behavior_server::BehaviorServer>
[component_container_isolated-2] [INFO] [1790755707.825886502] [nav2_container]: Instantiate class: rclcpp_components::NodeFactoryTemplate<behavior_server::BehaviorServer>
[component_container_isolated-2] [INFO] [1790755707.885823291] [behavior_server]: 
[component_container_isolated-2] 	behavior_server lifecycle node launched. 
[component_container_isolated-2] 	Waiting on external lifecycle transitions to activate
[component_container_isolated-2] 	See https://design.ros2.org/articles/node_lifecycle.html for more information.
[INFO] [launch_ros.actions.load_composable_nodes]: Loaded node '/behavior_server' in container '/nav2_container'
[component_container_isolated-2] [INFO] [1790755707.893465346] [nav2_container]: Load Library: /opt/ros/jazzy/lib/libbt_navigator_core.so
[component_container_isolated-2] [INFO] [1790755707.897273298] [nav2_container]: Found class: rclcpp_components::NodeFactoryTemplate<nav2_bt_navigator::BtNavigator>
[component_container_isolated-2] [INFO] [1790755707.897345282] [nav2_container]: Instantiate class: rclcpp_components::NodeFactoryTemplate<nav2_bt_navigator::BtNavigator>
[component_container_isolated-2] [INFO] [1790755707.898049660] [lifecycle_manager_localization]: Server amcl connected with bond.
[component_container_isolated-2] [INFO] [1790755707.898094181] [lifecycle_manager_localization]: [34m[1mManaged nodes are active[0m[0m
[component_container_isolated-2] [INFO] [1790755707.898114333] [lifecycle_manager_localization]: [34m[1mCreating bond timer...[0m[0m
[component_container_isolated-2] [INFO] [1790755707.952513485] [bt_navigator]: 
[component_container_isolated-2] 	bt_navigator lifecycle node launched. 
[component_container_isolated-2] 	Waiting on external lifecycle transitions to activate
[component_container_isolated-2] 	See https://design.ros2.org/articles/node_lifecycle.html for more information.
[component_container_isolated-2] [INFO] [1790755707.953629617] [bt_navigator]: Creating
[INFO] [launch_ros.actions.load_composable_nodes]: Loaded node '/bt_navigator' in container '/nav2_container'
[component_container_isolated-2] [INFO] [1790755707.957560167] [nav2_container]: Load Library: /opt/ros/jazzy/lib/libwaypoint_follower_core.so
[component_container_isolated-2] [INFO] [1790755707.958798991] [nav2_container]: Found class: rclcpp_components::NodeFactoryTemplate<nav2_waypoint_follower::WaypointFollower>
[component_container_isolated-2] [INFO] [1790755707.958827953] [nav2_container]: Instantiate class: rclcpp_components::NodeFactoryTemplate<nav2_waypoint_follower::WaypointFollower>
[component_container_isolated-2] [INFO] [1790755708.002730891] [waypoint_follower]: 
[component_container_isolated-2] 	waypoint_follower lifecycle node launched. 
[INFO] [launch_ros.actions.load_composable_nodes]: Loaded node '/waypoint_follower' in container '/nav2_container'
[component_container_isolated-2] 	Waiting on external lifecycle transitions to activate
[component_container_isolated-2] 	See https://design.ros2.org/articles/node_lifecycle.html for more information.
[component_container_isolated-2] [INFO] [1790755708.003095593] [waypoint_follower]: Creating
[component_container_isolated-2] [INFO] [1790755708.008030643] [nav2_container]: Load Library: /opt/ros/jazzy/lib/libvelocity_smoother_core.so
[component_container_isolated-2] [INFO] [1790755708.009189703] [nav2_container]: Found class: rclcpp_components::NodeFactoryTemplate<nav2_velocity_smoother::VelocitySmoother>
[component_container_isolated-2] [INFO] [1790755708.009225226] [nav2_container]: Instantiate class: rclcpp_components::NodeFactoryTemplate<nav2_velocity_smoother::VelocitySmoother>
[rviz2-1] [INFO] [1790755708.019222143] [rviz2]: Stereo is NOT SUPPORTED
[component_container_isolated-2] [INFO] [1790755708.060361182] [velocity_smoother]: 
[INFO] [launch_ros.actions.load_composable_nodes]: Loaded node '/velocity_smoother' in container '/nav2_container'
[component_container_isolated-2] 	velocity_smoother lifecycle node launched. 
[component_container_isolated-2] 	Waiting on external lifecycle transitions to activate
[component_container_isolated-2] 	See https://design.ros2.org/articles/node_lifecycle.html for more information.
[component_container_isolated-2] [INFO] [1790755708.063903036] [nav2_container]: Load Library: /opt/ros/jazzy/lib/libcollision_monitor_core.so
[component_container_isolated-2] [INFO] [1790755708.067363251] [nav2_container]: Found class: rclcpp_components::NodeFactoryTemplate<nav2_collision_monitor::CollisionMonitor>
[component_container_isolated-2] [INFO] [1790755708.067415365] [nav2_container]: Instantiate class: rclcpp_components::NodeFactoryTemplate<nav2_collision_monitor::CollisionMonitor>
[component_container_isolated-2] [INFO] [1790755708.099400398] [amcl]: createLaserObject
[component_container_isolated-2] [INFO] [1790755708.132015950] [collision_monitor]: 
[INFO] [launch_ros.actions.load_composable_nodes]: Loaded node '/collision_monitor' in container '/nav2_container'
[component_container_isolated-2] 	collision_monitor lifecycle node launched. 
[component_container_isolated-2] 	Waiting on external lifecycle transitions to activate
[component_container_isolated-2] 	See https://design.ros2.org/articles/node_lifecycle.html for more information.
[component_container_isolated-2] [INFO] [1790755708.135877047] [nav2_container]: Load Library: /opt/ros/jazzy/lib/libopennav_docking_core.so
[component_container_isolated-2] [INFO] [1790755708.138472044] [nav2_container]: Found class: rclcpp_components::NodeFactoryTemplate<opennav_docking::DockingServer>
[component_container_isolated-2] [INFO] [1790755708.138551058] [nav2_container]: Instantiate class: rclcpp_components::NodeFactoryTemplate<opennav_docking::DockingServer>
[rviz2-1] [INFO] [1790755708.175784855] [rviz2]: Trying to create a map of size 480 x 776 using 1 swatches
[rviz2-1] [ERROR] [1790755708.184318746] [rviz2]: rviz/glsl120/indexed_8bit_image.vert
[rviz2-1] rviz/glsl120/indexed_8bit_image.frag
[rviz2-1]  GLSL link result : 
[rviz2-1] active samplers with a different type refer to the same texture image unit
[component_container_isolated-2] [INFO] [1790755708.200895292] [docking_server]: 
[component_container_isolated-2] 	docking_server lifecycle node launched. 
[component_container_isolated-2] 	Waiting on external lifecycle transitions to activate
[component_container_isolated-2] 	See https://design.ros2.org/articles/node_lifecycle.html for more information.
[component_container_isolated-2] [INFO] [1790755708.200983304] [docking_server]: Creating docking_server
[INFO] [launch_ros.actions.load_composable_nodes]: Loaded node '/docking_server' in container '/nav2_container'
[component_container_isolated-2] [INFO] [1790755708.209677379] [nav2_container]: Found class: rclcpp_components::NodeFactoryTemplate<nav2_lifecycle_manager::LifecycleManager>
[component_container_isolated-2] [INFO] [1790755708.209731648] [nav2_container]: Instantiate class: rclcpp_components::NodeFactoryTemplate<nav2_lifecycle_manager::LifecycleManager>
[component_container_isolated-2] [INFO] [1790755708.251692134] [lifecycle_manager_navigation]: Creating
[component_container_isolated-2] [INFO] [1790755708.259741818] [lifecycle_manager_navigation]: [34m[1mCreating and initializing lifecycle service clients[0m[0m
[INFO] [launch_ros.actions.load_composable_nodes]: Loaded node '/lifecycle_manager_navigation' in container '/nav2_container'
[component_container_isolated-2] [INFO] [1790755708.329833927] [lifecycle_manager_navigation]: [34m[1mStarting managed nodes bringup...[0m[0m
[component_container_isolated-2] [INFO] [1790755708.329942091] [lifecycle_manager_navigation]: [34m[1mConfiguring controller_server[0m[0m
[component_container_isolated-2] [INFO] [1790755708.330217468] [controller_server]: Configuring controller interface
[component_container_isolated-2] [INFO] [1790755708.330251211] [controller_server]: getting progress checker plugins..
[component_container_isolated-2] [INFO] [1790755708.330734387] [controller_server]: getting goal checker plugins..
[component_container_isolated-2] [INFO] [1790755708.331134706] [controller_server]: Controller frequency set to 20.0000Hz
[component_container_isolated-2] [INFO] [1790755708.331182602] [local_costmap.local_costmap]: Configuring
[component_container_isolated-2] [INFO] [1790755708.350754839] [local_costmap.local_costmap]: Using plugin "front_3d_lidar_layer"
[component_container_isolated-2] [INFO] [1790755708.355105860] [local_costmap.local_costmap]: Subscribed to Topics: hesai_mark
[component_container_isolated-2] [INFO] [1790755708.371357352] [local_costmap.local_costmap]: Initialized plugin "front_3d_lidar_layer"
[component_container_isolated-2] [INFO] [1790755708.371413777] [local_costmap.local_costmap]: Using plugin "front_2d_lidar_layer"
[component_container_isolated-2] [INFO] [1790755708.373633387] [local_costmap.local_costmap]: Subscribed to Topics: scan
[component_container_isolated-2] [INFO] [1790755708.384281256] [local_costmap.local_costmap]: Initialized plugin "front_2d_lidar_layer"
[component_container_isolated-2] [INFO] [1790755708.384341711] [local_costmap.local_costmap]: Using plugin "back_2d_lidar_layer"
[component_container_isolated-2] [INFO] [1790755708.386350617] [local_costmap.local_costmap]: Subscribed to Topics: scan
[component_container_isolated-2] [INFO] [1790755708.396201128] [local_costmap.local_costmap]: Initialized plugin "back_2d_lidar_layer"
[component_container_isolated-2] [INFO] [1790755708.396392243] [local_costmap.local_costmap]: Using plugin "inflation_layer"
[component_container_isolated-2] [INFO] [1790755708.400093624] [local_costmap.local_costmap]: Initialized plugin "inflation_layer"
[component_container_isolated-2] [INFO] [1790755708.400160266] [local_costmap.local_costmap]: Using plugin "static_map_layer"
[component_container_isolated-2] [INFO] [1790755708.403750296] [local_costmap.local_costmap]: Subscribing to the map topic (/map) with transient local durability
[component_container_isolated-2] [INFO] [1790755708.406369382] [local_costmap.local_costmap]: Initialized plugin "static_map_layer"
[component_container_isolated-2] [INFO] [1790755708.504797069] [controller_server]: Created progress_checker : progress_checker of type nav2_controller::SimpleProgressChecker
[component_container_isolated-2] [INFO] [1790755708.505617672] [local_costmap.local_costmap]: StaticLayer: Resizing static layer to 480 X 776 at 0.050000 m/pix
[component_container_isolated-2] [INFO] [1790755708.506967190] [controller_server]: Controller Server has progress_checker  progress checkers available.
[component_container_isolated-2] [INFO] [1790755708.508494701] [controller_server]: Created goal checker : general_goal_checker of type nav2_controller::SimpleGoalChecker
[component_container_isolated-2] [INFO] [1790755708.511189333] [controller_server]: Controller Server has general_goal_checker  goal checkers available.
[component_container_isolated-2] [INFO] [1790755708.513133660] [controller_server]: Created controller : FollowPath of type dwb_core::DWBLocalPlanner
[component_container_isolated-2] [INFO] [1790755708.516662860] [controller_server]: Setting transform_tolerance to 0.200000
[component_container_isolated-2] [INFO] [1790755708.551205117] [controller_server]: Using critic "RotateToGoal" (dwb_critics::RotateToGoalCritic)
[component_container_isolated-2] [INFO] [1790755708.552999851] [controller_server]: Critic plugin initialized
[component_container_isolated-2] [INFO] [1790755708.553364834] [controller_server]: Using critic "Oscillation" (dwb_critics::OscillationCritic)
[component_container_isolated-2] [INFO] [1790755708.554979514] [controller_server]: Critic plugin initialized
[component_container_isolated-2] [INFO] [1790755708.555370366] [controller_server]: Using critic "BaseObstacle" (dwb_critics::BaseObstacleCritic)
[component_container_isolated-2] [INFO] [1790755708.556102301] [controller_server]: Critic plugin initialized
[component_container_isolated-2] [INFO] [1790755708.556459879] [controller_server]: Using critic "GoalAlign" (dwb_critics::GoalAlignCritic)
[component_container_isolated-2] [INFO] [1790755708.557643590] [controller_server]: Critic plugin initialized
[component_container_isolated-2] [INFO] [1790755708.558161352] [controller_server]: Using critic "PathAlign" (dwb_critics::PathAlignCritic)
[component_container_isolated-2] [INFO] [1790755708.559288357] [controller_server]: Critic plugin initialized
[component_container_isolated-2] [INFO] [1790755708.559688207] [controller_server]: Using critic "PathDist" (dwb_critics::PathDistCritic)
[component_container_isolated-2] [INFO] [1790755708.560529711] [controller_server]: Critic plugin initialized
[component_container_isolated-2] [INFO] [1790755708.560915596] [controller_server]: Using critic "GoalDist" (dwb_critics::GoalDistCritic)
[component_container_isolated-2] [INFO] [1790755708.561759631] [controller_server]: Critic plugin initialized
[component_container_isolated-2] [INFO] [1790755708.561793374] [controller_server]: Controller Server has FollowPath  controllers available.
[component_container_isolated-2] [INFO] [1790755708.590878695] [lifecycle_manager_navigation]: [34m[1mConfiguring smoother_server[0m[0m
[component_container_isolated-2] [INFO] [1790755708.591271328] [smoother_server]: Configuring smoother server
[component_container_isolated-2] [INFO] [1790755708.612088388] [smoother_server]: Created smoother : simple_smoother of type nav2_smoother::SimpleSmoother
[component_container_isolated-2] [INFO] [1790755708.614331993] [smoother_server]: Smoother Server has simple_smoother  smoothers available.
[component_container_isolated-2] [INFO] [1790755708.636584427] [lifecycle_manager_navigation]: [34m[1mConfiguring planner_server[0m[0m
[component_container_isolated-2] [INFO] [1790755708.636971624] [planner_server]: Configuring
[component_container_isolated-2] [INFO] [1790755708.637025331] [global_costmap.global_costmap]: Configuring
[component_container_isolated-2] [INFO] [1790755708.660223029] [global_costmap.global_costmap]: Using plugin "static_layer"
[component_container_isolated-2] [INFO] [1790755708.662858424] [global_costmap.global_costmap]: Subscribing to the map topic (/map) with transient local durability
[component_container_isolated-2] [INFO] [1790755708.666163516] [global_costmap.global_costmap]: Initialized plugin "static_layer"
[component_container_isolated-2] [INFO] [1790755708.666239343] [global_costmap.global_costmap]: Using plugin "obstacle_layer"
[component_container_isolated-2] [INFO] [1790755708.669109531] [global_costmap.global_costmap]: Subscribed to Topics: scan
[component_container_isolated-2] [INFO] [1790755708.679989848] [global_costmap.global_costmap]: Initialized plugin "obstacle_layer"
[component_container_isolated-2] [INFO] [1790755708.680050866] [global_costmap.global_costmap]: Using plugin "inflation_layer"
[component_container_isolated-2] [INFO] [1790755708.682015720] [global_costmap.global_costmap]: Initialized plugin "inflation_layer"
[component_container_isolated-2] [INFO] [1790755708.752680516] [global_costmap.global_costmap]: StaticLayer: Resizing costmap to 480 X 776 at 0.050000 m/pix
[component_container_isolated-2] [INFO] [1790755708.753047749] [planner_server]: Created global planner plugin GridBased of type nav2_navfn_planner::NavfnPlanner
[component_container_isolated-2] [INFO] [1790755708.753086271] [planner_server]: Configuring plugin GridBased of type NavfnPlanner
[component_container_isolated-2] [INFO] [1790755708.755025443] [planner_server]: Planner Server has GridBased  planners available.
[component_container_isolated-2] [INFO] [1790755708.791811868] [lifecycle_manager_navigation]: [34m[1mConfiguring route_server[0m[0m
[component_container_isolated-2] [INFO] [1790755708.792249210] [route_server]: Configuring
[component_container_isolated-2] [INFO] [1790755708.861076813] [route_server]: Created GraphFileLoader GeoJsonGraphFileLoader of type nav2_route::GeoJsonGraphFileLoader
[component_container_isolated-2] [INFO] [1790755708.861131645] [route_server]: Configuring geojson graph file loader
[component_container_isolated-2] [INFO] [1790755708.861139518] [route_server]: No graph file provided to load yet.
[component_container_isolated-2] [INFO] [1790755708.867249468] [route_server]: Created edge cost function plugin DistanceScorer of type nav2_route::DistanceScorer
[component_container_isolated-2] [INFO] [1790755708.867309362] [route_server]: Configuring distance scorer.
[component_container_isolated-2] [INFO] [1790755708.868094066] [route_server]: Created edge cost function plugin DynamicEdgesScorer of type nav2_route::DynamicEdgesScorer
[component_container_isolated-2] [INFO] [1790755708.868111312] [route_server]: Configuring adjust edges scorer.
[component_container_isolated-2] [INFO] [1790755708.875366076] [route_server]: Created route operation AdjustSpeedLimit of type nav2_route::AdjustSpeedLimit
[component_container_isolated-2] [INFO] [1790755708.875417908] [route_server]: Configuring Adjust speed limit operation.
[component_container_isolated-2] [INFO] [1790755708.879109635] [route_server]: Created route operation ReroutingService of type nav2_route::ReroutingService
[component_container_isolated-2] [INFO] [1790755708.879178808] [route_server]: Configuring Rerouting service operation.
[component_container_isolated-2] [INFO] [1790755708.886214619] [lifecycle_manager_navigation]: [34m[1mConfiguring behavior_server[0m[0m
[component_container_isolated-2] [INFO] [1790755708.886415013] [behavior_server]: Configuring
[component_container_isolated-2] [INFO] [1790755708.895508470] [behavior_server]: Creating behavior plugin spin of type nav2_behaviors::Spin
[component_container_isolated-2] [INFO] [1790755708.896500223] [behavior_server]: Creating behavior plugin backup of type nav2_behaviors::BackUp
[component_container_isolated-2] [INFO] [1790755708.897262713] [behavior_server]: Creating behavior plugin drive_on_heading of type nav2_behaviors::DriveOnHeading
[component_container_isolated-2] [INFO] [1790755708.898083784] [behavior_server]: Creating behavior plugin wait of type nav2_behaviors::Wait
[component_container_isolated-2] [INFO] [1790755708.906813289] [behavior_server]: Configuring spin
[component_container_isolated-2] [INFO] [1790755708.928482257] [behavior_server]: Configuring backup
[component_container_isolated-2] [INFO] [1790755708.946756901] [behavior_server]: Configuring drive_on_heading
[component_container_isolated-2] [INFO] [1790755708.968567401] [behavior_server]: Configuring wait
[component_container_isolated-2] [INFO] [1790755708.989960523] [lifecycle_manager_navigation]: [34m[1mConfiguring velocity_smoother[0m[0m
[component_container_isolated-2] [INFO] [1790755708.990264113] [velocity_smoother]: Configuring velocity smoother
[component_container_isolated-2] [INFO] [1790755709.003351293] [lifecycle_manager_navigation]: [34m[1mConfiguring collision_monitor[0m[0m
[component_container_isolated-2] [INFO] [1790755709.003680097] [collision_monitor]: Configuring
[component_container_isolated-2] [INFO] [1790755709.016669330] [collision_monitor]: [scan]: Creating Scan
[component_container_isolated-2] [INFO] [1790755709.024193754] [collision_monitor]: [FootprintApproach]: Creating Polygon
[component_container_isolated-2] [INFO] [1790755709.024676367] [collision_monitor]: [FootprintApproach]: Polygon points are not defined. Using dynamic subscription instead.
[component_container_isolated-2] [INFO] [1790755709.028190008] [collision_monitor]: [FootprintApproach]: Making footprint subscriber on /local_costmap/published_footprint topic
[component_container_isolated-2] [INFO] [1790755709.050099955] [lifecycle_manager_navigation]: [34m[1mConfiguring bt_navigator[0m[0m
[component_container_isolated-2] [INFO] [1790755709.050409638] [bt_navigator]: Configuring
[component_container_isolated-2] [INFO] [1790755709.063076441] [bt_navigator]: Creating navigator id navigate_to_pose of type nav2_bt_navigator::NavigateToPoseNavigator
[component_container_isolated-2] [INFO] [1790755709.213061961] [bt_navigator]: Creating navigator id navigate_through_poses of type nav2_bt_navigator::NavigateThroughPosesNavigator
[component_container_isolated-2] [INFO] [1790755709.309089233] [lifecycle_manager_navigation]: [34m[1mConfiguring waypoint_follower[0m[0m
[component_container_isolated-2] [INFO] [1790755709.309274912] [waypoint_follower]: Configuring
[component_container_isolated-2] [INFO] [1790755709.375135879] [waypoint_follower]: Created waypoint_task_executor : wait_at_waypoint of type nav2_waypoint_follower::WaitAtWaypoint
[component_container_isolated-2] [INFO] [1790755709.377058929] [lifecycle_manager_navigation]: [34m[1mConfiguring docking_server[0m[0m
[component_container_isolated-2] [INFO] [1790755709.377281068] [docking_server]: Configuring docking_server
[component_container_isolated-2] [INFO] [1790755709.377339743] [docking_server]: Controller frequency set to 50.0000Hz
[component_container_isolated-2] [INFO] [1790755709.457317042] [docking_server]: Created charging dock plugin simple_charging_dock of type opennav_docking::SimpleChargingDock
[component_container_isolated-2] [WARN] [1790755709.481777464] [docking_server]: Dock database filepath nor dock parameters set. Docking actions can only be executed specifying the dock pose via the action request. Or update the dock database via the reload_database service.
[component_container_isolated-2] [INFO] [1790755709.481852542] [docking_server]: Docking Server has 1 dock types and 0 dock instances available.
[component_container_isolated-2] [INFO] [1790755709.486040755] [lifecycle_manager_navigation]: [34m[1mActivating controller_server[0m[0m
[component_container_isolated-2] [INFO] [1790755709.486352218] [controller_server]: Activating
[component_container_isolated-2] [INFO] [1790755709.486416891] [local_costmap.local_costmap]: Activating
[component_container_isolated-2] [INFO] [1790755709.486424484] [local_costmap.local_costmap]: Checking transform
[component_container_isolated-2] [INFO] [1790755709.486584292] [local_costmap.local_costmap]: start
[component_container_isolated-2] [INFO] [1790755709.695097565] [controller_server]: Creating bond (controller_server) to lifecycle manager.
[component_container_isolated-2] [INFO] [1790755709.807309218] [lifecycle_manager_navigation]: Server controller_server connected with bond.
[component_container_isolated-2] [INFO] [1790755709.807389450] [lifecycle_manager_navigation]: [34m[1mActivating smoother_server[0m[0m
[component_container_isolated-2] [INFO] [1790755709.807800080] [smoother_server]: Activating
[component_container_isolated-2] [INFO] [1790755709.807841321] [smoother_server]: Creating bond (smoother_server) to lifecycle manager.
[component_container_isolated-2] [INFO] [1790755709.925467170] [lifecycle_manager_navigation]: Server smoother_server connected with bond.
[component_container_isolated-2] [INFO] [1790755709.925532218] [lifecycle_manager_navigation]: [34m[1mActivating planner_server[0m[0m
[component_container_isolated-2] [INFO] [1790755709.925929257] [planner_server]: Activating
[component_container_isolated-2] [INFO] [1790755709.925976122] [global_costmap.global_costmap]: Activating
[component_container_isolated-2] [INFO] [1790755709.925983526] [global_costmap.global_costmap]: Checking transform
[component_container_isolated-2] [INFO] [1790755709.926056448] [global_costmap.global_costmap]: Timed out waiting for transform from base_link to map to become available, tf error: Lookup would require extrapolation into the past.  Requested time 6.066667 but the earliest data is at time 6.600000, when looking up transform from frame [base_link] to frame [map]
[component_container_isolated-2] [INFO] [1790755710.426310458] [global_costmap.global_costmap]: Timed out waiting for transform from base_link to map to become available, tf error: Lookup would require extrapolation into the past.  Requested time 6.250000 but the earliest data is at time 6.600000, when looking up transform from frame [base_link] to frame [map]
[component_container_isolated-2] [INFO] [1790755710.926142873] [global_costmap.global_costmap]: Timed out waiting for transform from base_link to map to become available, tf error: Lookup would require extrapolation into the past.  Requested time 6.433333 but the earliest data is at time 6.600000, when looking up transform from frame [base_link] to frame [map]
[rviz2-1] [INFO] [1790755711.209817712] [rviz]: Message Filter dropping message: frame 'front_3d_lidar' at time 5.400 for reason 'discarding message because the queue is full'
[rviz2-1] [INFO] [1790755711.329131444] [rviz2]: Trying to create a map of size 120 x 120 using 1 swatches
[component_container_isolated-2] [INFO] [1790755711.426261632] [global_costmap.global_costmap]: start
[component_container_isolated-2] [INFO] [1790755712.432780062] [planner_server]: Activating plugin GridBased of type NavfnPlanner
[component_container_isolated-2] [INFO] [1790755712.438813342] [planner_server]: Creating bond (planner_server) to lifecycle manager.
[rviz2-1] [INFO] [1790755712.483507826] [rviz2]: Trying to create a map of size 480 x 776 using 1 swatches
[component_container_isolated-2] [WARN] [1790755712.549245071] [planner_server.rclcpp]: failed to send response to /planner_server/get_state (timeout): client will not receive response, at ./src/rmw_response.cpp:153, at ./src/rcl/service.c:400
[component_container_isolated-2] [INFO] [1790755712.651357268] [lifecycle_manager_navigation]: Server planner_server connected with bond.
[component_container_isolated-2] [INFO] [1790755712.651446311] [lifecycle_manager_navigation]: [34m[1mActivating route_server[0m[0m
[component_container_isolated-2] [INFO] [1790755712.651974383] [route_server]: Activating
[component_container_isolated-2] [INFO] [1790755712.652141128] [route_server]: Creating bond (route_server) to lifecycle manager.
[component_container_isolated-2] [INFO] [1790755712.762414172] [lifecycle_manager_navigation]: Server route_server connected with bond.
[component_container_isolated-2] [INFO] [1790755712.762482220] [lifecycle_manager_navigation]: [34m[1mActivating behavior_server[0m[0m
[component_container_isolated-2] [INFO] [1790755712.763000170] [behavior_server]: Activating
[component_container_isolated-2] [INFO] [1790755712.763058188] [behavior_server]: Activating spin
[component_container_isolated-2] [INFO] [1790755712.763096993] [behavior_server]: Activating backup
[component_container_isolated-2] [INFO] [1790755712.763112927] [behavior_server]: Activating drive_on_heading
[component_container_isolated-2] [INFO] [1790755712.763128579] [behavior_server]: Activating wait
[component_container_isolated-2] [INFO] [1790755712.763151543] [behavior_server]: Creating bond (behavior_server) to lifecycle manager.
[component_container_isolated-2] [INFO] [1790755712.875273122] [lifecycle_manager_navigation]: Server behavior_server connected with bond.
[component_container_isolated-2] [INFO] [1790755712.875334328] [lifecycle_manager_navigation]: [34m[1mActivating velocity_smoother[0m[0m
[component_container_isolated-2] [INFO] [1790755712.875692187] [velocity_smoother]: Activating
[component_container_isolated-2] [INFO] [1790755712.875749362] [velocity_smoother]: Creating bond (velocity_smoother) to lifecycle manager.
[component_container_isolated-2] [INFO] [1790755712.992135357] [lifecycle_manager_navigation]: Server velocity_smoother connected with bond.
[component_container_isolated-2] [INFO] [1790755712.992221682] [lifecycle_manager_navigation]: [34m[1mActivating collision_monitor[0m[0m
[component_container_isolated-2] [INFO] [1790755712.992578510] [collision_monitor]: Activating
[component_container_isolated-2] [INFO] [1790755712.992637372] [collision_monitor]: Creating bond (collision_monitor) to lifecycle manager.
[component_container_isolated-2] [INFO] [1790755713.113305590] [lifecycle_manager_navigation]: Server collision_monitor connected with bond.
[component_container_isolated-2] [INFO] [1790755713.113387791] [lifecycle_manager_navigation]: [34m[1mActivating bt_navigator[0m[0m
[component_container_isolated-2] [INFO] [1790755713.114089825] [bt_navigator]: Activating
[component_container_isolated-2] [INFO] [1790755713.398629788] [bt_navigator]: Creating bond (bt_navigator) to lifecycle manager.
[component_container_isolated-2] [INFO] [1790755713.515261260] [lifecycle_manager_navigation]: Server bt_navigator connected with bond.
[component_container_isolated-2] [INFO] [1790755713.515319373] [lifecycle_manager_navigation]: [34m[1mActivating waypoint_follower[0m[0m
[component_container_isolated-2] [INFO] [1790755713.515778273] [waypoint_follower]: Activating
[component_container_isolated-2] [INFO] [1790755713.515839572] [waypoint_follower]: Creating bond (waypoint_follower) to lifecycle manager.
[component_container_isolated-2] [INFO] [1790755713.641487361] [lifecycle_manager_navigation]: Server waypoint_follower connected with bond.
[component_container_isolated-2] [INFO] [1790755713.641557846] [lifecycle_manager_navigation]: [34m[1mActivating docking_server[0m[0m
[component_container_isolated-2] [INFO] [1790755713.642064548] [docking_server]: Activating docking_server
[component_container_isolated-2] [INFO] [1790755713.673976473] [docking_server]: Creating bond (docking_server) to lifecycle manager.
[component_container_isolated-2] [INFO] [1790755713.787297134] [lifecycle_manager_navigation]: Server docking_server connected with bond.
[component_container_isolated-2] [INFO] [1790755713.787361245] [lifecycle_manager_navigation]: [34m[1mManaged nodes are active[0m[0m
[component_container_isolated-2] [INFO] [1790755713.787366869] [lifecycle_manager_navigation]: [34m[1mCreating bond timer...[0m[0m
[component_container_isolated-2] [INFO] [1790755720.567145487] [bt_navigator]: Begin navigating from current location (-6.00, -1.00) to (0.00, -1.00)
[component_container_isolated-2] [INFO] [1790755720.598657865] [controller_server]: Received a goal, begin computing control effort.
[component_container_isolated-2] [WARN] [1790755720.598919171] [controller_server]: No goal checker was specified in parameter 'current_goal_checker'. Server will use only plugin loaded general_goal_checker . This warning will appear once.
[component_container_isolated-2] [WARN] [1790755720.598954546] [controller_server]: No progress checker was specified in parameter 'current_progress_checker'. Server will use only plugin loaded progress_checker . This warning will appear once.
[component_container_isolated-2] [INFO] [1790755721.649770963] [controller_server]: Passing new path to controller.
[component_container_isolated-2] [INFO] [1790755722.699770447] [controller_server]: Passing new path to controller.
[component_container_isolated-2] [INFO] [1790755723.699687144] [controller_server]: Passing new path to controller.
[component_container_isolated-2] [INFO] [1790755724.749824450] [controller_server]: Passing new path to controller.
[component_container_isolated-2] [INFO] [1790755725.749705472] [controller_server]: Passing new path to controller.
[component_container_isolated-2] [INFO] [1790755726.799702018] [controller_server]: Passing new path to controller.
[component_container_isolated-2] [INFO] [1790755727.799705915] [controller_server]: Passing new path to controller.
[component_container_isolated-2] [INFO] [1790755728.799736662] [controller_server]: Passing new path to controller.
[component_container_isolated-2] [INFO] [1790755729.849763544] [controller_server]: Passing new path to controller.
[component_container_isolated-2] [INFO] [1790755730.849776768] [controller_server]: Passing new path to controller.
[component_container_isolated-2] [INFO] [1790755736.999766140] [controller_server]: Passing new path to controller.
[component_container_isolated-2] [INFO] [1790755737.999702555] [controller_server]: Passing new path to controller.
[component_container_isolated-2] [INFO] [1790755739.049717216] [controller_server]: Passing new path to controller.
[component_container_isolated-2] [INFO] [1790755740.049726794] [controller_server]: Passing new path to controller.
[component_container_isolated-2] [INFO] [1790755741.099828322] [controller_server]: Passing new path to controller.
[component_container_isolated-2] [INFO] [1790755742.149968838] [controller_server]: Passing new path to controller.
[component_container_isolated-2] [INFO] [1790755743.149834045] [controller_server]: Passing new path to controller.
[component_container_isolated-2] [INFO] [1790755744.199748735] [controller_server]: Passing new path to controller.
[rviz2-1] [INFO] [1790755744.257825874] [rviz]: Message Filter dropping message: frame 'odom' at time 5.983 for reason 'the timestamp on the message is earlier than all the data in the transform cache'
[rviz2-1] [INFO] [1790755744.258138108] [rviz]: Message Filter dropping message: frame 'odom' at time 5.983 for reason 'the timestamp on the message is earlier than all the data in the transform cache'
[component_container_isolated-2] [INFO] [1790755745.199822880] [controller_server]: Passing new path to controller.
[rviz2-1] [INFO] [1790755745.738859538] [rviz]: Message Filter dropping message: frame 'front_3d_lidar' at time 5.500 for reason 'the timestamp on the message is earlier than all the data in the transform cache'
[component_container_isolated-2] [INFO] [1790755746.249715991] [controller_server]: Passing new path to controller.
[component_container_isolated-2] [INFO] [1790755747.249885833] [controller_server]: Passing new path to controller.
[component_container_isolated-2] [INFO] [1790755748.299738601] [controller_server]: Passing new path to controller.
[component_container_isolated-2] [INFO] [1790755749.299851915] [controller_server]: Passing new path to controller.
[component_container_isolated-2] [INFO] [1790755751.470663050] [controller_server]: Passing new path to controller.
[component_container_isolated-2] [INFO] [1790755752.520645391] [controller_server]: Passing new path to controller.
[component_container_isolated-2] [INFO] [1790755753.570685741] [controller_server]: Passing new path to controller.
[component_container_isolated-2] [INFO] [1790755754.570649443] [controller_server]: Passing new path to controller.
[component_container_isolated-2] [INFO] [1790755755.620679152] [controller_server]: Passing new path to controller.
[component_container_isolated-2] [INFO] [1790755756.620639370] [controller_server]: Passing new path to controller.
[component_container_isolated-2] [INFO] [1790755757.620644977] [controller_server]: Passing new path to controller.
[component_container_isolated-2] [ERROR] [1790755758.070718557] [controller_server]: Failed to make progress
[component_container_isolated-2] [WARN] [1790755758.070856705] [controller_server]: [follow_path] [ActionServer] Aborting handle.
[component_container_isolated-2] [INFO] [1790755758.088870538] [local_costmap.local_costmap]: Received request to clear entirely the local_costmap
[component_container_isolated-2] [INFO] [1790755758.089720142] [controller_server]: Received a goal, begin computing control effort.
[component_container_isolated-2] [WARN] [1790755758.234837581] [controller_server]: Control loop missed its desired rate of 20.0000 Hz. Current loop rate is 30.0000 Hz.
[component_container_isolated-2] [INFO] [1790755758.684988004] [controller_server]: Passing new path to controller.
[component_container_isolated-2] [INFO] [1790755759.684995304] [controller_server]: Passing new path to controller.
[component_container_isolated-2] [INFO] [1790755760.735001187] [controller_server]: Passing new path to controller.
[component_container_isolated-2] [INFO] [1790755761.735040303] [controller_server]: Passing new path to controller.
[component_container_isolated-2] [INFO] [1790755762.785048148] [controller_server]: Passing new path to controller.
[component_container_isolated-2] [INFO] [1790755763.785007634] [controller_server]: Passing new path to controller.
[component_container_isolated-2] [INFO] [1790755764.835018657] [controller_server]: Passing new path to controller.
[component_container_isolated-2] [INFO] [1790755765.835037585] [controller_server]: Passing new path to controller.
[component_container_isolated-2] [INFO] [1790755766.884966174] [controller_server]: Passing new path to controller.
[component_container_isolated-2] [INFO] [1790755767.885046108] [controller_server]: Passing new path to controller.
[component_container_isolated-2] [INFO] [1790755768.934953719] [controller_server]: Passing new path to controller.
[component_container_isolated-2] [INFO] [1790755769.934993027] [controller_server]: Passing new path to controller.
[component_container_isolated-2] [INFO] [1790755770.935066206] [controller_server]: Passing new path to controller.
[component_container_isolated-2] [INFO] [1790755771.985044640] [controller_server]: Passing new path to controller.
[component_container_isolated-2] [INFO] [1790755772.985009765] [controller_server]: Passing new path to controller.
[component_container_isolated-2] [INFO] [1790755774.035007887] [controller_server]: Passing new path to controller.
[component_container_isolated-2] [INFO] [1790755775.035021207] [controller_server]: Passing new path to controller.
[component_container_isolated-2] [INFO] [1790755776.084999095] [controller_server]: Passing new path to controller.
[component_container_isolated-2] [INFO] [1790755777.085129000] [controller_server]: Passing new path to controller.
[component_container_isolated-2] [INFO] [1790755778.135045433] [controller_server]: Passing new path to controller.
[component_container_isolated-2] [INFO] [1790755779.185420097] [controller_server]: Passing new path to controller.
[component_container_isolated-2] [INFO] [1790755780.185097230] [controller_server]: Passing new path to controller.
[component_container_isolated-2] [INFO] [1790755781.185015289] [controller_server]: Passing new path to controller.
[component_container_isolated-2] [INFO] [1790755782.286520803] [controller_server]: Passing new path to controller.
[component_container_isolated-2] [INFO] [1790755783.539406281] [controller_server]: Passing new path to controller.
[component_container_isolated-2] [INFO] [1790755784.539537316] [controller_server]: Passing new path to controller.
[component_container_isolated-2] [INFO] [1790755785.589557932] [controller_server]: Passing new path to controller.
[component_container_isolated-2] [INFO] [1790755786.589395593] [controller_server]: Passing new path to controller.
[component_container_isolated-2] [INFO] [1790755787.639542844] [controller_server]: Passing new path to controller.
[component_container_isolated-2] [INFO] [1790755788.639448785] [controller_server]: Passing new path to controller.
[component_container_isolated-2] [ERROR] [1790755788.739502542] [controller_server]: Failed to make progress
[component_container_isolated-2] [WARN] [1790755788.739623583] [controller_server]: [follow_path] [ActionServer] Aborting handle.
[component_container_isolated-2] [INFO] [1790755788.753405204] [local_costmap.local_costmap]: Received request to clear entirely the local_costmap
[component_container_isolated-2] [INFO] [1790755788.753916076] [global_costmap.global_costmap]: Received request to clear entirely the global_costmap
[component_container_isolated-2] [WARN] [1790755789.387410741] [planner_server]: Planner loop missed its desired rate of 10.0000 Hz. Current loop rate is 4.2857 Hz
[component_container_isolated-2] [INFO] [1790755789.403447745] [controller_server]: Received a goal, begin computing control effort.
[component_container_isolated-2] [INFO] [1790755790.453823251] [controller_server]: Passing new path to controller.
[component_container_isolated-2] [INFO] [1790755791.503783439] [controller_server]: Passing new path to controller.
[component_container_isolated-2] [INFO] [1790755792.503818039] [controller_server]: Passing new path to controller.
[component_container_isolated-2] [INFO] [1790755793.553750068] [controller_server]: Passing new path to controller.
[component_container_isolated-2] [INFO] [1790755794.553832421] [controller_server]: Passing new path to controller.
[component_container_isolated-2] [INFO] [1790755795.603742283] [controller_server]: Passing new path to controller.
[component_container_isolated-2] [INFO] [1790755796.603794672] [controller_server]: Passing new path to controller.
[component_container_isolated-2] [INFO] [1790755797.653734779] [controller_server]: Passing new path to controller.
[component_container_isolated-2] [INFO] [1790755798.653766631] [controller_server]: Passing new path to controller.
[component_container_isolated-2] [INFO] [1790755799.703753038] [controller_server]: Passing new path to controller.
[component_container_isolated-2] [INFO] [1790755800.703794132] [controller_server]: Passing new path to controller.
[component_container_isolated-2] [INFO] [1790755801.753797487] [controller_server]: Passing new path to controller.
[component_container_isolated-2] [INFO] [1790755802.753759004] [controller_server]: Passing new path to controller.
[component_container_isolated-2] [INFO] [1790755803.803769102] [controller_server]: Passing new path to controller.
[component_container_isolated-2] [INFO] [1790755804.803791332] [controller_server]: Passing new path to controller.
[component_container_isolated-2] [INFO] [1790755805.853901868] [controller_server]: Passing new path to controller.
[component_container_isolated-2] [INFO] [1790755806.853796583] [controller_server]: Passing new path to controller.
[component_container_isolated-2] [INFO] [1790755807.903864957] [controller_server]: Passing new path to controller.
[component_container_isolated-2] [INFO] [1790755808.903798929] [controller_server]: Passing new path to controller.
[component_container_isolated-2] [INFO] [1790755809.953791901] [controller_server]: Passing new path to controller.
[component_container_isolated-2] [INFO] [1790755810.953852855] [controller_server]: Passing new path to controller.
[component_container_isolated-2] [INFO] [1790755812.003803255] [controller_server]: Passing new path to controller.
[component_container_isolated-2] [INFO] [1790755813.003748336] [controller_server]: Passing new path to controller.
[component_container_isolated-2] [INFO] [1790755814.293897355] [controller_server]: Passing new path to controller.
[component_container_isolated-2] [INFO] [1790755815.556421574] [controller_server]: Passing new path to controller.
[component_container_isolated-2] [INFO] [1790755816.556410483] [controller_server]: Passing new path to controller.
[component_container_isolated-2] [INFO] [1790755817.606412518] [controller_server]: Passing new path to controller.
[component_container_isolated-2] [INFO] [1790755818.606425881] [controller_server]: Passing new path to controller.
[component_container_isolated-2] [ERROR] [1790755819.406496413] [controller_server]: Failed to make progress
[component_container_isolated-2] [WARN] [1790755819.406687114] [controller_server]: [follow_path] [ActionServer] Aborting handle.
[component_container_isolated-2] [INFO] [1790755819.425885834] [local_costmap.local_costmap]: Received request to clear entirely the local_costmap
[component_container_isolated-2] [INFO] [1790755819.426585135] [controller_server]: Received a goal, begin computing control effort.
[component_container_isolated-2] [INFO] [1790755819.626991825] [controller_server]: Passing new path to controller.
[component_container_isolated-2] [INFO] [1790755820.677034843] [controller_server]: Passing new path to controller.
[component_container_isolated-2] [INFO] [1790755821.677014866] [controller_server]: Passing new path to controller.
[component_container_isolated-2] [INFO] [1790755822.726993344] [controller_server]: Passing new path to controller.
[component_container_isolated-2] [INFO] [1790755823.777037304] [controller_server]: Passing new path to controller.
[component_container_isolated-2] [INFO] [1790755824.776994338] [controller_server]: Passing new path to controller.
[component_container_isolated-2] [INFO] [1790755825.827059686] [controller_server]: Passing new path to controller.
[component_container_isolated-2] [INFO] [1790755826.827056480] [controller_server]: Passing new path to controller.
[component_container_isolated-2] [INFO] [1790755827.877079811] [controller_server]: Passing new path to controller.
[component_container_isolated-2] [INFO] [1790755828.877068070] [controller_server]: Passing new path to controller.
[component_container_isolated-2] [INFO] [1790755829.927028083] [controller_server]: Passing new path to controller.
[component_container_isolated-2] [INFO] [1790755830.927041639] [controller_server]: Passing new path to controller.
[component_container_isolated-2] [INFO] [1790755831.977059195] [controller_server]: Passing new path to controller.
[component_container_isolated-2] [INFO] [1790755832.977036150] [controller_server]: Passing new path to controller.
[component_container_isolated-2] [INFO] [1790755833.977016440] [controller_server]: Passing new path to controller.
[component_container_isolated-2] [INFO] [1790755835.027056976] [controller_server]: Passing new path to controller.
[component_container_isolated-2] [INFO] [1790755836.077026216] [controller_server]: Passing new path to controller.
[component_container_isolated-2] [INFO] [1790755837.077027558] [controller_server]: Passing new path to controller.
[component_container_isolated-2] [INFO] [1790755838.127138058] [controller_server]: Passing new path to controller.
[component_container_isolated-2] [INFO] [1790755839.127026714] [controller_server]: Passing new path to controller.
[component_container_isolated-2] [INFO] [1790755840.177062651] [controller_server]: Passing new path to controller.
[component_container_isolated-2] [INFO] [1790755841.177094343] [controller_server]: Passing new path to controller.
[component_container_isolated-2] [INFO] [1790755842.227077917] [controller_server]: Passing new path to controller.
[component_container_isolated-2] [INFO] [1790755843.227071020] [controller_server]: Passing new path to controller.
[component_container_isolated-2] [INFO] [1790755844.227031278] [controller_server]: Passing new path to controller.
[component_container_isolated-2] [INFO] [1790755845.276993686] [controller_server]: Passing new path to controller.
[component_container_isolated-2] [INFO] [1790755846.302040220] [controller_server]: Passing new path to controller.
[component_container_isolated-2] [INFO] [1790755847.556531734] [controller_server]: Passing new path to controller.
[component_container_isolated-2] [INFO] [1790755848.556613119] [controller_server]: Passing new path to controller.
[component_container_isolated-2] [INFO] [1790755849.606622034] [controller_server]: Passing new path to controller.
[component_container_isolated-2] [ERROR] [1790755850.356614655] [controller_server]: Failed to make progress
[component_container_isolated-2] [WARN] [1790755850.356750403] [controller_server]: [follow_path] [ActionServer] Aborting handle.
[component_container_isolated-2] [INFO] [1790755850.376113597] [behavior_server]: Running spin
[component_container_isolated-2] [INFO] [1790755850.376348113] [behavior_server]: Turning 1.57 for spin behavior.
[component_container_isolated-2] [INFO] [1790755856.576635031] [behavior_server]: spin completed successfully
[component_container_isolated-2] [INFO] [1790755856.616531962] [controller_server]: Received a goal, begin computing control effort.
[component_container_isolated-2] [INFO] [1790755857.667090141] [controller_server]: Passing new path to controller.
[component_container_isolated-2] [INFO] [1790755858.717080454] [controller_server]: Passing new path to controller.
[component_container_isolated-2] [INFO] [1790755859.717055776] [controller_server]: Passing new path to controller.
[component_container_isolated-2] [INFO] [1790755860.767071999] [controller_server]: Passing new path to controller.
[component_container_isolated-2] [INFO] [1790755861.767041959] [controller_server]: Passing new path to controller.
[component_container_isolated-2] [INFO] [1790755862.817103191] [controller_server]: Passing new path to controller.
[component_container_isolated-2] [INFO] [1790755863.817037487] [controller_server]: Passing new path to controller.
[component_container_isolated-2] [INFO] [1790755864.867167934] [controller_server]: Passing new path to controller.
[component_container_isolated-2] [INFO] [1790755865.867035638] [controller_server]: Passing new path to controller.
[component_container_isolated-2] [INFO] [1790755866.867117356] [controller_server]: Passing new path to controller.
[component_container_isolated-2] [INFO] [1790755867.917032291] [controller_server]: Passing new path to controller.
[component_container_isolated-2] [INFO] [1790755868.917047510] [controller_server]: Passing new path to controller.
[component_container_isolated-2] [INFO] [1790755869.967518634] [controller_server]: Passing new path to controller.
[component_container_isolated-2] [INFO] [1790755870.967072615] [controller_server]: Passing new path to controller.
[component_container_isolated-2] [INFO] [1790755872.017045145] [controller_server]: Passing new path to controller.
[component_container_isolated-2] [INFO] [1790755873.018177315] [controller_server]: Passing new path to controller.
[component_container_isolated-2] [INFO] [1790755874.017017903] [controller_server]: Passing new path to controller.
[component_container_isolated-2] [INFO] [1790755875.067042964] [controller_server]: Passing new path to controller.
[component_container_isolated-2] [INFO] [1790755876.067045524] [controller_server]: Passing new path to controller.
[component_container_isolated-2] [INFO] [1790755877.117027997] [controller_server]: Passing new path to controller.
[component_container_isolated-2] [INFO] [1790755878.234398413] [controller_server]: Passing new path to controller.
[component_container_isolated-2] [INFO] [1790755879.488859068] [controller_server]: Passing new path to controller.
[component_container_isolated-2] [INFO] [1790755880.538942025] [controller_server]: Passing new path to controller.
[component_container_isolated-2] [INFO] [1790755881.538925520] [controller_server]: Passing new path to controller.
[component_container_isolated-2] [INFO] [1790755882.588955915] [controller_server]: Passing new path to controller.
[component_container_isolated-2] [INFO] [1790755883.588856613] [controller_server]: Passing new path to controller.
[component_container_isolated-2] [INFO] [1790755884.588898698] [controller_server]: Passing new path to controller.
[component_container_isolated-2] [INFO] [1790755885.638937759] [controller_server]: Passing new path to controller.
[component_container_isolated-2] [INFO] [1790755886.638862100] [controller_server]: Passing new path to controller.
[component_container_isolated-2] [INFO] [1790755887.388983633] [controller_server]: Reached the goal!
[component_container_isolated-2] [INFO] [1790755887.417258373] [bt_navigator]: Goal succeeded
[WARNING] [launch]: user interrupted with ctrl-c (SIGINT)
[INFO] [pointcloud_to_laserscan_node-3]: sending signal 'SIGINT' to process[pointcloud_to_laserscan_node-3]
[INFO] [component_container_isolated-2]: sending signal 'SIGINT' to process[component_container_isolated-2]
[INFO] [rviz2-1]: sending signal 'SIGINT' to process[rviz2-1]
[pointcloud_to_laserscan_node-3] [INFO] [1790755905.252709819] [rclcpp]: signal_handler(SIGINT/SIGTERM)
[component_container_isolated-2] [INFO] [1790755905.253423245] [rclcpp]: signal_handler(SIGINT/SIGTERM)
[component_container_isolated-2] [INFO] [1790755905.253510412] [amcl]: Running Nav2 LifecycleNode rcl preshutdown (amcl)
[component_container_isolated-2] [INFO] [1790755905.253643326] [amcl]: Deactivating
[component_container_isolated-2] [INFO] [1790755905.253693122] [amcl]: Destroying bond (amcl) to lifecycle manager.
[rviz2-1] [INFO] [1790755905.254280976] [rclcpp]: signal_handler(SIGINT/SIGTERM)
[component_container_isolated-2] [INFO] [1790755905.264737438] [amcl]: Cleaning up
[component_container_isolated-2] [INFO] [1790755905.309300552] [amcl]: Destroying bond (amcl) to lifecycle manager.
[component_container_isolated-2] [INFO] [1790755905.309379246] [map_server]: Running Nav2 LifecycleNode rcl preshutdown (map_server)
[component_container_isolated-2] [INFO] [1790755905.309446080] [map_server]: Deactivating
[component_container_isolated-2] [INFO] [1790755905.309469424] [map_server]: Destroying bond (map_server) to lifecycle manager.
[component_container_isolated-2] [INFO] [1790755905.322632746] [map_server]: Cleaning up
[component_container_isolated-2] [INFO] [1790755905.322788911] [map_server]: Destroying bond (map_server) to lifecycle manager.
[component_container_isolated-2] [INFO] [1790755905.322811032] [controller_server]: Running Nav2 LifecycleNode rcl preshutdown (controller_server)
[component_container_isolated-2] [INFO] [1790755905.322880784] [controller_server]: Deactivating
[component_container_isolated-2] [INFO] [1790755905.322965973] [local_costmap.local_costmap]: Deactivating
[component_container_isolated-2] [INFO] [1790755905.386281023] [controller_server]: Destroying bond (controller_server) to lifecycle manager.
[component_container_isolated-2] [INFO] [1790755905.396979593] [controller_server]: Cleaning up
[INFO] [pointcloud_to_laserscan_node-3]: process has finished cleanly [pid 79949]
[component_container_isolated-2] [INFO] [1790755905.397631551] [lifecycle_manager_localization]: [34m[1mHave not received a heartbeat from map_server.[0m[0m
[component_container_isolated-2] [ERROR] [1790755905.397662803] [lifecycle_manager_localization]: CRITICAL FAILURE: SERVER map_server IS DOWN after not receiving a heartbeat for 4000 ms. Shutting down related nodes.
[component_container_isolated-2] [INFO] [1790755905.397723612] [lifecycle_manager_localization]: [34m[1mTerminating bond timer...[0m[0m
[component_container_isolated-2] [INFO] [1790755905.397737826] [lifecycle_manager_localization]: [34m[1mResetting managed nodes...[0m[0m
[component_container_isolated-2] [INFO] [1790755905.397752511] [lifecycle_manager_localization]: [34m[1mDeactivating amcl[0m[0m
[component_container_isolated-2] [INFO] [1790755905.397951129] [local_costmap.local_costmap]: Cleaning up
[component_container_isolated-2] [WARN] [1790755905.398112189] [rcl_lifecycle]: No transition matching 4 found for current state unconfigured
[component_container_isolated-2] [WARN] [1790755905.398120190] [rcl_lifecycle]: No transition matching 4 found for current state unconfigured
[component_container_isolated-2] [ERROR] [1790755905.398123579] [amcl]: Unable to start transition 4 from current state unconfigured: Transition is not registered., at ./src/rcl_lifecycle.c:355
[component_container_isolated-2] [ERROR] [1790755905.398474786] [lifecycle_manager_localization]: Failed to change state for node: amcl
[component_container_isolated-2] [INFO] [1790755905.398503308] [lifecycle_manager_localization]: [34m[1mDeactivating map_server[0m[0m
[component_container_isolated-2] [WARN] [1790755905.398661355] [rcl_lifecycle]: No transition matching 4 found for current state unconfigured
[component_container_isolated-2] [WARN] [1790755905.398679711] [rcl_lifecycle]: No transition matching 4 found for current state unconfigured
[component_container_isolated-2] [ERROR] [1790755905.398686394] [map_server]: Unable to start transition 4 from current state unconfigured: Transition is not registered., at ./src/rcl_lifecycle.c:355
[component_container_isolated-2] [ERROR] [1790755905.399293263] [lifecycle_manager_localization]: Failed to change state for node: map_server
[component_container_isolated-2] [INFO] [1790755905.399321503] [lifecycle_manager_localization]: [34m[1mCleaning up amcl[0m[0m
[component_container_isolated-2] [WARN] [1790755905.399483880] [rcl_lifecycle]: No transition matching 2 found for current state unconfigured
[component_container_isolated-2] [WARN] [1790755905.399501483] [rcl_lifecycle]: No transition matching 2 found for current state unconfigured
[component_container_isolated-2] [ERROR] [1790755905.399506190] [amcl]: Unable to start transition 2 from current state unconfigured: Transition is not registered., at ./src/rcl_lifecycle.c:355
[component_container_isolated-2] [INFO] [1790755905.399962541] [lifecycle_manager_localization]: [34m[1mCleaning up map_server[0m[0m
[component_container_isolated-2] [WARN] [1790755905.400240890] [rcl_lifecycle]: No transition matching 2 found for current state unconfigured
[component_container_isolated-2] [WARN] [1790755905.400254727] [rcl_lifecycle]: No transition matching 2 found for current state unconfigured
[component_container_isolated-2] [ERROR] [1790755905.400257833] [map_server]: Unable to start transition 2 from current state unconfigured: Transition is not registered., at ./src/rcl_lifecycle.c:355
[component_container_isolated-2] [INFO] [1790755905.400713809] [lifecycle_manager_localization]: [34m[1mManaged nodes have been reset[0m[0m
[component_container_isolated-2] [INFO] [1790755905.486828942] [lifecycle_manager_navigation]: [34m[1mHave not received a heartbeat from controller_server.[0m[0m
[component_container_isolated-2] [ERROR] [1790755905.486915072] [lifecycle_manager_navigation]: CRITICAL FAILURE: SERVER controller_server IS DOWN after not receiving a heartbeat for 4000 ms. Shutting down related nodes.
[component_container_isolated-2] [INFO] [1790755905.486962421] [lifecycle_manager_navigation]: [34m[1mTerminating bond timer...[0m[0m
[component_container_isolated-2] [INFO] [1790755905.486972493] [lifecycle_manager_navigation]: [34m[1mResetting managed nodes...[0m[0m
[component_container_isolated-2] [INFO] [1790755905.486978706] [lifecycle_manager_navigation]: [34m[1mDeactivating docking_server[0m[0m
[component_container_isolated-2] [INFO] [1790755905.487493513] [docking_server]: Deactivating docking_server
[component_container_isolated-2] [INFO] [1790755905.561738322] [docking_server]: Destroying bond (docking_server) to lifecycle manager.
[component_container_isolated-2] [INFO] [1790755905.695056688] [lifecycle_manager_navigation]: [34m[1mDeactivating waypoint_follower[0m[0m
[component_container_isolated-2] [INFO] [1790755905.695474163] [waypoint_follower]: Deactivating
[component_container_isolated-2] [INFO] [1790755905.695583262] [waypoint_follower]: Destroying bond (waypoint_follower) to lifecycle manager.
[component_container_isolated-2] [INFO] [1790755905.747329586] [controller_server]: Destroying bond (controller_server) to lifecycle manager.
[component_container_isolated-2] [INFO] [1790755905.747421177] [lifecycle_manager_localization]: Running Nav2 LifecycleManager rcl preshutdown (lifecycle_manager_localization)
[component_container_isolated-2] [INFO] [1790755905.771459566] [smoother_server]: Running Nav2 LifecycleNode rcl preshutdown (smoother_server)
[component_container_isolated-2] [INFO] [1790755905.771555392] [smoother_server]: Deactivating
[component_container_isolated-2] [INFO] [1790755905.771579490] [smoother_server]: Destroying bond (smoother_server) to lifecycle manager.
[component_container_isolated-2] [INFO] [1790755905.781951233] [smoother_server]: Cleaning up
[component_container_isolated-2] [INFO] [1790755905.830911628] [lifecycle_manager_navigation]: [34m[1mDeactivating bt_navigator[0m[0m
[component_container_isolated-2] [INFO] [1790755905.831299640] [bt_navigator]: Deactivating
[component_container_isolated-2] [INFO] [1790755905.831349247] [bt_navigator]: Destroying bond (bt_navigator) to lifecycle manager.
[component_container_isolated-2] [INFO] [1790755905.839493922] [smoother_server]: Destroying bond (smoother_server) to lifecycle manager.
[component_container_isolated-2] [INFO] [1790755905.839552096] [planner_server]: Running Nav2 LifecycleNode rcl preshutdown (planner_server)
[component_container_isolated-2] [INFO] [1790755905.839624107] [planner_server]: Deactivating
[component_container_isolated-2] [INFO] [1790755905.839663078] [global_costmap.global_costmap]: Deactivating
[component_container_isolated-2] [INFO] [1790755905.950858546] [lifecycle_manager_navigation]: [34m[1mDeactivating collision_monitor[0m[0m
[component_container_isolated-2] [INFO] [1790755905.951284776] [collision_monitor]: Deactivating
[component_container_isolated-2] [INFO] [1790755905.951346150] [collision_monitor]: Destroying bond (collision_monitor) to lifecycle manager.
[component_container_isolated-2] [INFO] [1790755906.071672044] [lifecycle_manager_navigation]: [34m[1mDeactivating velocity_smoother[0m[0m
[component_container_isolated-2] [INFO] [1790755906.072417569] [velocity_smoother]: Deactivating
[component_container_isolated-2] [INFO] [1790755906.072478190] [velocity_smoother]: Destroying bond (velocity_smoother) to lifecycle manager.
[component_container_isolated-2] [INFO] [1790755906.193214405] [lifecycle_manager_navigation]: [34m[1mDeactivating behavior_server[0m[0m
[component_container_isolated-2] [INFO] [1790755906.193692031] [behavior_server]: Deactivating
[component_container_isolated-2] [INFO] [1790755906.193763383] [behavior_server]: Destroying bond (behavior_server) to lifecycle manager.
[component_container_isolated-2] [INFO] [1790755906.315632570] [lifecycle_manager_navigation]: [34m[1mDeactivating route_server[0m[0m
[component_container_isolated-2] [INFO] [1790755906.316132788] [route_server]: Deactivating
[component_container_isolated-2] [INFO] [1790755906.316184278] [route_server]: Destroying bond (route_server) to lifecycle manager.
[component_container_isolated-2] [INFO] [1790755906.327044472] [planner_server]: Deactivating plugin GridBased of type NavfnPlanner
[component_container_isolated-2] [INFO] [1790755906.327132674] [planner_server]: Destroying bond (planner_server) to lifecycle manager.
[component_container_isolated-2] [INFO] [1790755906.337410850] [planner_server]: Cleaning up
[component_container_isolated-2] [INFO] [1790755906.395303993] [global_costmap.global_costmap]: Cleaning up
[component_container_isolated-2] [INFO] [1790755906.423389869] [planner_server]: Cleaning up plugin GridBased of type NavfnPlanner
[component_container_isolated-2] [INFO] [1790755906.423753124] [planner_server]: Destroying plugin GridBased of type NavfnPlanner
[component_container_isolated-2] [INFO] [1790755906.440766349] [lifecycle_manager_navigation]: [34m[1mDeactivating planner_server[0m[0m
[component_container_isolated-2] [WARN] [1790755906.447235099] [rcl_lifecycle]: No transition matching 4 found for current state cleaningup
[component_container_isolated-2] [WARN] [1790755906.447270775] [rcl_lifecycle]: No transition matching 4 found for current state cleaningup
[component_container_isolated-2] [ERROR] [1790755906.447275105] [planner_server]: Unable to start transition 4 from current state cleaningup: Transition is not registered., at ./src/rcl_lifecycle.c:355
[component_container_isolated-2] [ERROR] [1790755906.448215201] [lifecycle_manager_navigation]: Failed to change state for node: planner_server
[component_container_isolated-2] [INFO] [1790755906.448267256] [lifecycle_manager_navigation]: [34m[1mDeactivating smoother_server[0m[0m
[component_container_isolated-2] [WARN] [1790755906.485267335] [rcl_lifecycle]: No transition matching 4 found for current state unconfigured
[component_container_isolated-2] [WARN] [1790755906.485355631] [rcl_lifecycle]: No transition matching 4 found for current state unconfigured
[component_container_isolated-2] [ERROR] [1790755906.485361091] [smoother_server]: Unable to start transition 4 from current state unconfigured: Transition is not registered., at ./src/rcl_lifecycle.c:355
[component_container_isolated-2] [ERROR] [1790755906.486361337] [lifecycle_manager_navigation]: Failed to change state for node: smoother_server
[component_container_isolated-2] [INFO] [1790755906.486395413] [lifecycle_manager_navigation]: [34m[1mDeactivating controller_server[0m[0m
[component_container_isolated-2] [WARN] [1790755906.511389524] [rcl_lifecycle]: No transition matching 4 found for current state unconfigured
[component_container_isolated-2] [WARN] [1790755906.511431224] [rcl_lifecycle]: No transition matching 4 found for current state unconfigured
[component_container_isolated-2] [ERROR] [1790755906.511436590] [controller_server]: Unable to start transition 4 from current state unconfigured: Transition is not registered., at ./src/rcl_lifecycle.c:355
[component_container_isolated-2] [ERROR] [1790755906.511987638] [lifecycle_manager_navigation]: Failed to change state for node: controller_server
[component_container_isolated-2] [INFO] [1790755906.512025009] [lifecycle_manager_navigation]: [34m[1mCleaning up docking_server[0m[0m
[component_container_isolated-2] [INFO] [1790755906.512331973] [docking_server]: Cleaning up docking_server
[component_container_isolated-2] [INFO] [1790755906.619697870] [planner_server]: Destroying bond (planner_server) to lifecycle manager.
[component_container_isolated-2] [INFO] [1790755906.619775341] [route_server]: Running Nav2 LifecycleNode rcl preshutdown (route_server)
[component_container_isolated-2] [INFO] [1790755906.619796238] [route_server]: Cleaning up
[component_container_isolated-2] [INFO] [1790755906.691500048] [lifecycle_manager_navigation]: [34m[1mCleaning up waypoint_follower[0m[0m
[component_container_isolated-2] [INFO] [1790755906.691785927] [waypoint_follower]: Cleaning up
[component_container_isolated-2] [INFO] [1790755906.735472577] [route_server]: Destroying bond (route_server) to lifecycle manager.
[component_container_isolated-2] [INFO] [1790755906.735535363] [behavior_server]: Running Nav2 LifecycleNode rcl preshutdown (behavior_server)
[component_container_isolated-2] [INFO] [1790755906.735552401] [behavior_server]: Cleaning up
[component_container_isolated-2] [INFO] [1790755906.755475152] [behavior_server]: Destroying bond (behavior_server) to lifecycle manager.
[component_container_isolated-2] [INFO] [1790755906.755551681] [bt_navigator]: Running Nav2 LifecycleNode rcl preshutdown (bt_navigator)
[component_container_isolated-2] [INFO] [1790755906.755576061] [bt_navigator]: Cleaning up
[component_container_isolated-2] [INFO] [1790755906.899389295] [lifecycle_manager_navigation]: [34m[1mCleaning up bt_navigator[0m[0m
[component_container_isolated-2] [WARN] [1790755906.899738902] [rcl_lifecycle]: No transition matching 2 found for current state cleaningup
[component_container_isolated-2] [WARN] [1790755906.899763752] [rcl_lifecycle]: No transition matching 2 found for current state cleaningup
[component_container_isolated-2] [ERROR] [1790755906.899771659] [bt_navigator]: Unable to start transition 2 from current state cleaningup: Transition is not registered., at ./src/rcl_lifecycle.c:355
[component_container_isolated-2] [ERROR] [1790755906.900386624] [lifecycle_manager_navigation]: Failed to change state for node: bt_navigator
[component_container_isolated-2] [INFO] [1790755906.900424747] [lifecycle_manager_navigation]: [34m[1mCleaning up collision_monitor[0m[0m
[component_container_isolated-2] [INFO] [1790755906.900695565] [collision_monitor]: Cleaning up
[component_container_isolated-2] [INFO] [1790755906.945683307] [collision_monitor]: [FootprintApproach]: Destroying Polygon
[component_container_isolated-2] [INFO] [1790755906.956492953] [collision_monitor]: [scan]: Destroying Scan
[component_container_isolated-2] [INFO] [1790755906.989660261] [lifecycle_manager_navigation]: [34m[1mCleaning up velocity_smoother[0m[0m
[component_container_isolated-2] [INFO] [1790755906.990032082] [velocity_smoother]: Cleaning up
[component_container_isolated-2] [INFO] [1790755907.013517916] [lifecycle_manager_navigation]: [34m[1mCleaning up behavior_server[0m[0m
[component_container_isolated-2] [WARN] [1790755907.090310218] [rcl_lifecycle]: No transition matching 2 found for current state unconfigured
[component_container_isolated-2] [WARN] [1790755907.090357190] [rcl_lifecycle]: No transition matching 2 found for current state unconfigured
[component_container_isolated-2] [ERROR] [1790755907.090362556] [behavior_server]: Unable to start transition 2 from current state unconfigured: Transition is not registered., at ./src/rcl_lifecycle.c:355
[component_container_isolated-2] [INFO] [1790755907.090937514] [lifecycle_manager_navigation]: [34m[1mCleaning up route_server[0m[0m
[component_container_isolated-2] Magick: abort due to signal 11 (SIGSEGV) "Segmentation Fault"...
[ERROR] [component_container_isolated-2]: process[component_container_isolated-2] failed to terminate '5' seconds after receiving 'SIGINT', escalating to 'SIGTERM'
[ERROR] [rviz2-1]: process[rviz2-1] failed to terminate '5' seconds after receiving 'SIGINT', escalating to 'SIGTERM'
[INFO] [component_container_isolated-2]: sending signal 'SIGTERM' to process[component_container_isolated-2]
[INFO] [rviz2-1]: sending signal 'SIGTERM' to process[rviz2-1]
[rviz2-1] [INFO] [1790755912.269247524] [rclcpp]: signal_handler(SIGINT/SIGTERM)
[ERROR] [component_container_isolated-2]: process has died [pid 79948, exit code -6, cmd '/opt/ros/jazzy/lib/rclcpp_components/component_container_isolated --ros-args --log-level info --ros-args -r __node:=nav2_container --params-file /tmp/launch_params_tmhwrnbl --params-file /tmp/launch_params_udq27o7u -r /tf:=tf -r /tf_static:=tf_static'].
[ERROR] [rviz2-1]: process[rviz2-1] failed to terminate '10.0' seconds after receiving 'SIGTERM', escalating to 'SIGKILL'
[INFO] [rviz2-1]: sending signal 'SIGKILL' to process[rviz2-1]
[ERROR] [rviz2-1]: process has died [pid 79945, exit code -9, cmd '/opt/ros/jazzy/lib/rviz2/rviz2 -d /home/administrator/robotics/vendor/isaac-ros-6.1/jazzy_ws/install/carter_navigation/share/carter_navigation/rviz2/carter_navigation.rviz --ros-args --params-file /tmp/launch_params_a780duh8'].
[ERROR] [launch]: Caught exception in launch (see debug for traceback): Cannot shutdown a ROS adapter that is not running
