[WARN] [ros2bag]: Positional "topics" argument deprecated. Please use optional "--topics" argument instead.
stdin is not a terminal device. Keyboard handling disabled.[INFO] [1790754263.504322451] [rosbag2_recorder]: Press SPACE for pausing/resuming
[INFO] [1790754263.504370717] [rosbag2_recorder]: Event publisher thread: Started
[INFO] [1790754263.517327286] [rosbag2_recorder]: Starting recording to '/home/administrator/robosim_bags/normal-20260930-004343-20260930-004422'
[INFO] [1790754263.521484726] [rosbag2_recorder]: Listening for topics...
[INFO] [1790754263.521755652] [rosbag2_recorder]: Recording...
[INFO] [1790754263.521633259] [rosbag2_recorder]: Topics discovery started.
[INFO] [1790754263.595772118] [rosbag2_recorder]: Subscribed to topic '/chassis/odom'
[INFO] [1790754263.605813102] [rosbag2_recorder]: Subscribed to topic '/tf'
[INFO] [1790754263.611991193] [rosbag2_recorder]: Subscribed to topic '/clock'
[INFO] [1790754263.617805652] [rosbag2_recorder]: Subscribed to topic '/initialpose'
[INFO] [1790754263.623406880] [rosbag2_recorder]: Subscribed to topic '/scan'
[INFO] [1790754263.823046603] [rosbag2_recorder]: Subscribed to topic '/amcl_pose'
[INFO] [1790754265.209731401] [rosbag2_recorder]: Subscribed to topic '/plan'
[INFO] [1790754265.237811621] [rosbag2_recorder]: Subscribed to topic '/cmd_vel'
[WARN] [1790754265.240921732] [rosbag2_cpp]: Message definition for topic '/navigate_to_pose/_action/status' with type 'action_msgs/msg/GoalStatusArray' not found. Message definition will be left empty in bag.
[INFO] [1790754265.247337230] [rosbag2_recorder]: Subscribed to topic '/navigate_to_pose/_action/status'
[WARN] [1790754265.247919785] [rosbag2_cpp]: Message definition for topic '/navigate_to_pose/_action/feedback' with type 'nav2_msgs/action/NavigateToPose_FeedbackMessage' not found. Message definition will be left empty in bag.
[INFO] [1790754265.262940531] [rosbag2_recorder]: Subscribed to topic '/navigate_to_pose/_action/feedback'
[INFO] [1790754308.977740852] [rosbag2_recorder]: Topics discovery stopped.
[INFO] [1790754308.980645449] [rosbag2_recorder]: Pausing recording.
[INFO] [1790754308.981003302] [rosbag2_cpp]: Writing remaining messages from cache to the bag. It may take a while
[INFO] [1790754308.986015697] [rosbag2_recorder]: Recording stopped
[INFO] [1790754309.012746613] [rosbag2_recorder]: Event publisher thread: Exited
