[WARN] [ros2bag]: Positional "topics" argument deprecated. Please use optional "--topics" argument instead.
stdin is not a terminal device. Keyboard handling disabled.[INFO] [1790758113.052884972] [rosbag2_recorder]: Press SPACE for pausing/resuming
[INFO] [1790758113.052938756] [rosbag2_recorder]: Event publisher thread: Started
[INFO] [1790758113.072966471] [rosbag2_recorder]: Starting recording to '/home/administrator/robosim_bags/unreachable-20260930-014759-20260930-014832'
[INFO] [1790758113.076516185] [rosbag2_recorder]: Listening for topics...
[INFO] [1790758113.076999299] [rosbag2_recorder]: Recording...
[INFO] [1790758113.076591706] [rosbag2_recorder]: Topics discovery started.
[INFO] [1790758113.143275892] [rosbag2_recorder]: Subscribed to topic '/clock'
[INFO] [1790758113.156064568] [rosbag2_recorder]: Subscribed to topic '/scan'
[INFO] [1790758113.161050320] [rosbag2_recorder]: Subscribed to topic '/initialpose'
[INFO] [1790758113.301318163] [rosbag2_recorder]: Subscribed to topic '/tf'
[INFO] [1790758113.305599389] [rosbag2_recorder]: Subscribed to topic '/amcl_pose'
[INFO] [1790758114.084368627] [rosbag2_recorder]: Subscribed to topic '/chassis/odom'
[INFO] [1790758114.221003177] [rosbag2_recorder]: Subscribed to topic '/plan'
[INFO] [1790758114.250710149] [rosbag2_recorder]: Subscribed to topic '/cmd_vel'
[WARN] [1790758114.253829032] [rosbag2_cpp]: Message definition for topic '/navigate_to_pose/_action/status' with type 'action_msgs/msg/GoalStatusArray' not found. Message definition will be left empty in bag.
[INFO] [1790758114.258410377] [rosbag2_recorder]: Subscribed to topic '/navigate_to_pose/_action/status'
[WARN] [1790758114.258861072] [rosbag2_cpp]: Message definition for topic '/navigate_to_pose/_action/feedback' with type 'nav2_msgs/action/NavigateToPose_FeedbackMessage' not found. Message definition will be left empty in bag.
[INFO] [1790758114.273524863] [rosbag2_recorder]: Subscribed to topic '/navigate_to_pose/_action/feedback'
[INFO] [1790758170.128336982] [rosbag2_recorder]: Topics discovery stopped.
[INFO] [1790758170.128999164] [rosbag2_recorder]: Pausing recording.
[INFO] [1790758170.129446426] [rosbag2_cpp]: Writing remaining messages from cache to the bag. It may take a while
[INFO] [1790758170.142373522] [rosbag2_recorder]: Recording stopped
[INFO] [1790758170.169251450] [rosbag2_recorder]: Event publisher thread: Exited
