[WARN] [ros2bag]: Positional "topics" argument deprecated. Please use optional "--topics" argument instead.
stdin is not a terminal device. Keyboard handling disabled.[INFO] [1790759520.503222880] [rosbag2_recorder]: Press SPACE for pausing/resuming
[INFO] [1790759520.503260262] [rosbag2_recorder]: Event publisher thread: Started
[INFO] [1790759520.519963138] [rosbag2_recorder]: Starting recording to '/home/administrator/robosim_bags/normal-20260930-021122-20260930-021200'
[INFO] [1790759520.522037472] [rosbag2_recorder]: Listening for topics...
[INFO] [1790759520.522319846] [rosbag2_recorder]: Recording...
[INFO] [1790759520.522210232] [rosbag2_recorder]: Topics discovery started.
[INFO] [1790759520.595162014] [rosbag2_recorder]: Subscribed to topic '/clock'
[INFO] [1790759520.606255168] [rosbag2_recorder]: Subscribed to topic '/chassis/odom'
[INFO] [1790759520.611085786] [rosbag2_recorder]: Subscribed to topic '/initialpose'
[INFO] [1790759520.617755113] [rosbag2_recorder]: Subscribed to topic '/scan'
[INFO] [1790759520.624896907] [rosbag2_recorder]: Subscribed to topic '/tf'
[INFO] [1790759520.745464765] [rosbag2_recorder]: Subscribed to topic '/amcl_pose'
[INFO] [1790759520.914591290] [rosbag2_recorder]: Subscribed to topic '/plan'
[INFO] [1790759520.928908510] [rosbag2_recorder]: Subscribed to topic '/cmd_vel'
[WARN] [1790759520.932286035] [rosbag2_cpp]: Message definition for topic '/navigate_to_pose/_action/status' with type 'action_msgs/msg/GoalStatusArray' not found. Message definition will be left empty in bag.
[INFO] [1790759520.937507424] [rosbag2_recorder]: Subscribed to topic '/navigate_to_pose/_action/status'
[WARN] [1790759520.938258797] [rosbag2_cpp]: Message definition for topic '/navigate_to_pose/_action/feedback' with type 'nav2_msgs/action/NavigateToPose_FeedbackMessage' not found. Message definition will be left empty in bag.
[INFO] [1790759520.947107856] [rosbag2_recorder]: Subscribed to topic '/navigate_to_pose/_action/feedback'
[INFO] [1790759582.918962334] [rosbag2_recorder]: Topics discovery stopped.
[INFO] [1790759582.919327625] [rosbag2_recorder]: Pausing recording.
[INFO] [1790759582.919647231] [rosbag2_cpp]: Writing remaining messages from cache to the bag. It may take a while
[INFO] [1790759582.926649242] [rosbag2_recorder]: Recording stopped
[INFO] [1790759582.951802826] [rosbag2_recorder]: Event publisher thread: Exited
