[INFO] [launch]: All log files can be found below /home/administrator/.ros/log/2026-09-30-02-22-45-963412-WIN-THIV01L0JAE-535
[INFO] [launch]: Default logging verbosity is set to INFO
[INFO] [rviz2-1]: process started with pid [559]
[INFO] [component_container_isolated-2]: process started with pid [562]
[INFO] [pointcloud_to_laserscan_node-3]: process started with pid [563]
[component_container_isolated-2] [INFO] [1790760167.102495834] [nav2_container]: Load Library: /opt/ros/jazzy/lib/libamcl_core.so
[component_container_isolated-2] [INFO] [1790760167.115550798] [nav2_container]: Found class: rclcpp_components::NodeFactoryTemplate<nav2_amcl::AmclNode>
[component_container_isolated-2] [INFO] [1790760167.115660905] [nav2_container]: Instantiate class: rclcpp_components::NodeFactoryTemplate<nav2_amcl::AmclNode>
[component_container_isolated-2] [INFO] [1790760167.159571151] [amcl]: 
[component_container_isolated-2] 	amcl lifecycle node launched. 
[component_container_isolated-2] 	Waiting on external lifecycle transitions to activate
[component_container_isolated-2] 	See https://design.ros2.org/articles/node_lifecycle.html for more information.
[component_container_isolated-2] [INFO] [1790760167.160056463] [amcl]: Creating
[component_container_isolated-2] [INFO] [1790760167.162518067] [nav2_container]: Load Library: /opt/ros/jazzy/lib/libcontroller_server_core.so
[INFO] [launch_ros.actions.load_composable_nodes]: Loaded node '/amcl' in container '/nav2_container'
[component_container_isolated-2] [INFO] [1790760167.165431717] [nav2_container]: Found class: rclcpp_components::NodeFactoryTemplate<nav2_controller::ControllerServer>
[component_container_isolated-2] [INFO] [1790760167.165471449] [nav2_container]: Instantiate class: rclcpp_components::NodeFactoryTemplate<nav2_controller::ControllerServer>
[rviz2-1] [INFO] [1790760167.189017258] [rviz2]: Stereo is NOT SUPPORTED
[rviz2-1] [INFO] [1790760167.189113683] [rviz2]: OpenGl version: 4.5 (GLSL 4.5)
[component_container_isolated-2] [INFO] [1790760167.196977623] [controller_server]: 
[component_container_isolated-2] 	controller_server lifecycle node launched. 
[component_container_isolated-2] 	Waiting on external lifecycle transitions to activate
[component_container_isolated-2] 	See https://design.ros2.org/articles/node_lifecycle.html for more information.
[component_container_isolated-2] [INFO] [1790760167.200124323] [controller_server]: Creating controller server
[component_container_isolated-2] [INFO] [1790760167.232697077] [local_costmap.local_costmap]: 
[component_container_isolated-2] 	local_costmap lifecycle node launched. 
[component_container_isolated-2] 	Waiting on external lifecycle transitions to activate
[component_container_isolated-2] 	See https://design.ros2.org/articles/node_lifecycle.html for more information.
[component_container_isolated-2] [INFO] [1790760167.233248359] [local_costmap.local_costmap]: Creating Costmap
[INFO] [launch_ros.actions.load_composable_nodes]: Loaded node '/controller_server' in container '/nav2_container'
[component_container_isolated-2] [INFO] [1790760167.235948543] [nav2_container]: Load Library: /opt/ros/jazzy/lib/libmap_server_core.so
[rviz2-1] [INFO] [1790760167.237896911] [rviz2]: Stereo is NOT SUPPORTED
[component_container_isolated-2] [INFO] [1790760167.247207977] [nav2_container]: Found class: rclcpp_components::NodeFactoryTemplate<nav2_map_server::CostmapFilterInfoServer>
[component_container_isolated-2] [INFO] [1790760167.247299342] [nav2_container]: Found class: rclcpp_components::NodeFactoryTemplate<nav2_map_server::MapSaver>
[component_container_isolated-2] [INFO] [1790760167.247306745] [nav2_container]: Found class: rclcpp_components::NodeFactoryTemplate<nav2_map_server::MapServer>
[component_container_isolated-2] [INFO] [1790760167.247309837] [nav2_container]: Instantiate class: rclcpp_components::NodeFactoryTemplate<nav2_map_server::MapServer>
[component_container_isolated-2] [INFO] [1790760167.289303295] [map_server]: 
[component_container_isolated-2] 	map_server lifecycle node launched. 
[INFO] [launch_ros.actions.load_composable_nodes]: Loaded node '/map_server' in container '/nav2_container'
[component_container_isolated-2] 	Waiting on external lifecycle transitions to activate
[component_container_isolated-2] 	See https://design.ros2.org/articles/node_lifecycle.html for more information.
[component_container_isolated-2] [INFO] [1790760167.289386038] [map_server]: Creating
[component_container_isolated-2] [INFO] [1790760167.290162593] [nav2_container]: Load Library: /opt/ros/jazzy/lib/libnav2_lifecycle_manager_core.so
[component_container_isolated-2] [INFO] [1790760167.291524820] [nav2_container]: Found class: rclcpp_components::NodeFactoryTemplate<nav2_lifecycle_manager::LifecycleManager>
[component_container_isolated-2] [INFO] [1790760167.291557712] [nav2_container]: Instantiate class: rclcpp_components::NodeFactoryTemplate<nav2_lifecycle_manager::LifecycleManager>
[component_container_isolated-2] [INFO] [1790760167.320472309] [lifecycle_manager_localization]: Creating
[rviz2-1] [INFO] [1790760167.322190156] [rviz]: Subscribing to: /front_3d_lidar/lidar_points
[rviz2-1] 
[rviz2-1] [INFO] [1790760167.323619665] [rviz]: Subscribing to: /mobile_base/sensors/bumper_pointcloud
[rviz2-1] 
[rviz2-1] [INFO] [1790760167.327439186] [rviz]: Subscribing to: /mobile_base/sensors/bumper_pointcloud
[rviz2-1] 
[component_container_isolated-2] [INFO] [1790760167.328239730] [lifecycle_manager_localization]: [34m[1mCreating and initializing lifecycle service clients[0m[0m
[INFO] [launch_ros.actions.load_composable_nodes]: Loaded node '/lifecycle_manager_localization' in container '/nav2_container'
[component_container_isolated-2] [INFO] [1790760167.328251818] [nav2_container]: Load Library: /opt/ros/jazzy/lib/libsmoother_server_core.so
[component_container_isolated-2] [INFO] [1790760167.330369516] [nav2_container]: Found class: rclcpp_components::NodeFactoryTemplate<nav2_smoother::SmootherServer>
[component_container_isolated-2] [INFO] [1790760167.330396410] [nav2_container]: Instantiate class: rclcpp_components::NodeFactoryTemplate<nav2_smoother::SmootherServer>
[pointcloud_to_laserscan_node-3] [WARN] [1790760167.344882664] [pointcloud_to_laserscan]: New subscription discovered on topic '/scan', requesting incompatible QoS. No messages will be sent to it. Last incompatible policy: RELIABILITY_QOS_POLICY
[component_container_isolated-2] [INFO] [1790760167.346445894] [lifecycle_manager_localization]: [34m[1mStarting managed nodes bringup...[0m[0m
[component_container_isolated-2] [INFO] [1790760167.346511583] [lifecycle_manager_localization]: [34m[1mConfiguring map_server[0m[0m
[component_container_isolated-2] [INFO] [1790760167.346831126] [map_server]: Configuring
[component_container_isolated-2] [INFO] [1790760167.346910309] [map_io]: Loading yaml file: /home/administrator/robotics/vendor/isaac-ros-6.1/jazzy_ws/install/carter_navigation/share/carter_navigation/maps/carter_warehouse_navigation.yaml
[component_container_isolated-2] [INFO] [1790760167.347181686] [map_io]: resolution: 0.05
[component_container_isolated-2] [INFO] [1790760167.347194618] [map_io]: origin[0]: -11.975
[component_container_isolated-2] [INFO] [1790760167.347235006] [map_io]: origin[1]: -17.975
[component_container_isolated-2] [INFO] [1790760167.347239504] [map_io]: origin[2]: 0
[component_container_isolated-2] [INFO] [1790760167.347243721] [map_io]: free_thresh: 0.196
[component_container_isolated-2] [INFO] [1790760167.347247469] [map_io]: occupied_thresh: 0.65
[component_container_isolated-2] [INFO] [1790760167.347252998] [map_io]: mode: trinary
[component_container_isolated-2] [INFO] [1790760167.347257308] [map_io]: negate: 0
[component_container_isolated-2] [INFO] [1790760167.347472648] [map_io]: Loading image_file: /home/administrator/robotics/vendor/isaac-ros-6.1/jazzy_ws/install/carter_navigation/share/carter_navigation/maps/carter_warehouse_navigation.png
[component_container_isolated-2] [INFO] [1790760167.389160994] [map_io]: Read map /home/administrator/robotics/vendor/isaac-ros-6.1/jazzy_ws/install/carter_navigation/share/carter_navigation/maps/carter_warehouse_navigation.png: 480 X 776 map @ 0.05 m/cell
[pointcloud_to_laserscan_node-3] [INFO] [1790760167.390091791] [pointcloud_to_laserscan]: Got a subscriber to laserscan, starting pointcloud subscriber
[component_container_isolated-2] [INFO] [1790760167.410512172] [lifecycle_manager_localization]: [34m[1mConfiguring amcl[0m[0m
[component_container_isolated-2] [INFO] [1790760167.410974244] [amcl]: Configuring
[component_container_isolated-2] [INFO] [1790760167.411196331] [amcl]: initTransforms
[component_container_isolated-2] [INFO] [1790760167.418433461] [smoother_server]: 
[component_container_isolated-2] 	smoother_server lifecycle node launched. 
[component_container_isolated-2] 	Waiting on external lifecycle transitions to activate
[component_container_isolated-2] 	See https://design.ros2.org/articles/node_lifecycle.html for more information.
[component_container_isolated-2] [INFO] [1790760167.419491700] [smoother_server]: Creating smoother server
[INFO] [launch_ros.actions.load_composable_nodes]: Loaded node '/smoother_server' in container '/nav2_container'
[component_container_isolated-2] [INFO] [1790760167.425131022] [nav2_container]: Load Library: /opt/ros/jazzy/lib/libplanner_server_core.so
[component_container_isolated-2] [INFO] [1790760167.426637091] [nav2_container]: Found class: rclcpp_components::NodeFactoryTemplate<nav2_planner::PlannerServer>
[component_container_isolated-2] [INFO] [1790760167.426760222] [nav2_container]: Instantiate class: rclcpp_components::NodeFactoryTemplate<nav2_planner::PlannerServer>
[component_container_isolated-2] [INFO] [1790760167.438203698] [amcl]: initPubSub
[component_container_isolated-2] [INFO] [1790760167.459287247] [amcl]: Subscribed to map topic.
[component_container_isolated-2] [INFO] [1790760167.473359314] [lifecycle_manager_localization]: [34m[1mActivating map_server[0m[0m
[component_container_isolated-2] [INFO] [1790760167.473606514] [map_server]: Activating
[component_container_isolated-2] [INFO] [1790760167.474460940] [amcl]: Received a 480 X 776 map @ 0.050 m/pix
[component_container_isolated-2] [INFO] [1790760167.476459067] [map_server]: Creating bond (map_server) to lifecycle manager.
[component_container_isolated-2] [INFO] [1790760167.501216890] [planner_server]: 
[component_container_isolated-2] 	planner_server lifecycle node launched. 
[component_container_isolated-2] 	Waiting on external lifecycle transitions to activate
[component_container_isolated-2] 	See https://design.ros2.org/articles/node_lifecycle.html for more information.
[component_container_isolated-2] [INFO] [1790760167.502734484] [planner_server]: Creating
[rviz2-1] [INFO] [1790760167.518574438] [rviz]: Subscribing to: /front_3d_lidar/lidar_points
[rviz2-1] 
[rviz2-1] [INFO] [1790760167.522692886] [rviz]: Subscribing to: /mobile_base/sensors/bumper_pointcloud
[rviz2-1] 
[component_container_isolated-2] [INFO] [1790760167.553184863] [global_costmap.global_costmap]: 
[component_container_isolated-2] 	global_costmap lifecycle node launched. 
[component_container_isolated-2] 	Waiting on external lifecycle transitions to activate
[component_container_isolated-2] 	See https://design.ros2.org/articles/node_lifecycle.html for more information.
[component_container_isolated-2] [INFO] [1790760167.553731834] [global_costmap.global_costmap]: Creating Costmap
[INFO] [launch_ros.actions.load_composable_nodes]: Loaded node '/planner_server' in container '/nav2_container'
[component_container_isolated-2] [INFO] [1790760167.560860170] [nav2_container]: Load Library: /opt/ros/jazzy/lib/libroute_server_core.so
[component_container_isolated-2] [INFO] [1790760167.562741256] [nav2_container]: Found class: rclcpp_components::NodeFactoryTemplate<nav2_route::RouteServer>
[component_container_isolated-2] [INFO] [1790760167.562788953] [nav2_container]: Instantiate class: rclcpp_components::NodeFactoryTemplate<nav2_route::RouteServer>
[component_container_isolated-2] [INFO] [1790760167.591182630] [lifecycle_manager_localization]: Server map_server connected with bond.
[component_container_isolated-2] [INFO] [1790760167.591271746] [lifecycle_manager_localization]: [34m[1mActivating amcl[0m[0m
[component_container_isolated-2] [INFO] [1790760167.591519509] [amcl]: Activating
[component_container_isolated-2] [INFO] [1790760167.591558679] [amcl]: initialPoseReceived
[component_container_isolated-2] [INFO] [1790760167.591580981] [amcl]: Setting pose (4.233333): -6.000 -1.000 3.142
[component_container_isolated-2] [INFO] [1790760167.591957873] [amcl]: Creating bond (amcl) to lifecycle manager.
[component_container_isolated-2] [INFO] [1790760167.625442120] [route_server]: 
[INFO] [launch_ros.actions.load_composable_nodes]: Loaded node '/route_server' in container '/nav2_container'
[component_container_isolated-2] 	route_server lifecycle node launched. 
[component_container_isolated-2] 	Waiting on external lifecycle transitions to activate
[component_container_isolated-2] 	See https://design.ros2.org/articles/node_lifecycle.html for more information.
[component_container_isolated-2] [INFO] [1790760167.628036415] [nav2_container]: Load Library: /opt/ros/jazzy/lib/libbehavior_server_core.so
[component_container_isolated-2] [INFO] [1790760167.629075350] [nav2_container]: Found class: rclcpp_components::NodeFactoryTemplate<behavior_server::BehaviorServer>
[component_container_isolated-2] [INFO] [1790760167.629123141] [nav2_container]: Instantiate class: rclcpp_components::NodeFactoryTemplate<behavior_server::BehaviorServer>
[component_container_isolated-2] [INFO] [1790760167.688854038] [behavior_server]: 
[component_container_isolated-2] 	behavior_server lifecycle node launched. 
[component_container_isolated-2] 	Waiting on external lifecycle transitions to activate
[component_container_isolated-2] 	See https://design.ros2.org/articles/node_lifecycle.html for more information.
[INFO] [launch_ros.actions.load_composable_nodes]: Loaded node '/behavior_server' in container '/nav2_container'
[component_container_isolated-2] [INFO] [1790760167.695532108] [nav2_container]: Load Library: /opt/ros/jazzy/lib/libbt_navigator_core.so
[component_container_isolated-2] [INFO] [1790760167.698674592] [nav2_container]: Found class: rclcpp_components::NodeFactoryTemplate<nav2_bt_navigator::BtNavigator>
[component_container_isolated-2] [INFO] [1790760167.698733721] [nav2_container]: Instantiate class: rclcpp_components::NodeFactoryTemplate<nav2_bt_navigator::BtNavigator>
[component_container_isolated-2] [INFO] [1790760167.702610591] [lifecycle_manager_localization]: Server amcl connected with bond.
[component_container_isolated-2] [INFO] [1790760167.702680497] [lifecycle_manager_localization]: [34m[1mManaged nodes are active[0m[0m
[component_container_isolated-2] [INFO] [1790760167.702695397] [lifecycle_manager_localization]: [34m[1mCreating bond timer...[0m[0m
[component_container_isolated-2] [INFO] [1790760167.748934276] [bt_navigator]: 
[component_container_isolated-2] 	bt_navigator lifecycle node launched. 
[component_container_isolated-2] 	Waiting on external lifecycle transitions to activate
[component_container_isolated-2] 	See https://design.ros2.org/articles/node_lifecycle.html for more information.
[component_container_isolated-2] [INFO] [1790760167.750073292] [bt_navigator]: Creating
[INFO] [launch_ros.actions.load_composable_nodes]: Loaded node '/bt_navigator' in container '/nav2_container'
[component_container_isolated-2] [INFO] [1790760167.752691294] [nav2_container]: Load Library: /opt/ros/jazzy/lib/libwaypoint_follower_core.so
[component_container_isolated-2] [INFO] [1790760167.753907525] [nav2_container]: Found class: rclcpp_components::NodeFactoryTemplate<nav2_waypoint_follower::WaypointFollower>
[component_container_isolated-2] [INFO] [1790760167.753951661] [nav2_container]: Instantiate class: rclcpp_components::NodeFactoryTemplate<nav2_waypoint_follower::WaypointFollower>
[rviz2-1] [INFO] [1790760167.763651988] [rviz2]: Stereo is NOT SUPPORTED
[component_container_isolated-2] [INFO] [1790760167.800375988] [waypoint_follower]: 
[component_container_isolated-2] 	waypoint_follower lifecycle node launched. 
[component_container_isolated-2] 	Waiting on external lifecycle transitions to activate
[component_container_isolated-2] 	See https://design.ros2.org/articles/node_lifecycle.html for more information.
[component_container_isolated-2] [INFO] [1790760167.800755785] [waypoint_follower]: Creating
[INFO] [launch_ros.actions.load_composable_nodes]: Loaded node '/waypoint_follower' in container '/nav2_container'
[component_container_isolated-2] [INFO] [1790760167.805353172] [nav2_container]: Load Library: /opt/ros/jazzy/lib/libvelocity_smoother_core.so
[component_container_isolated-2] [INFO] [1790760167.806915652] [nav2_container]: Found class: rclcpp_components::NodeFactoryTemplate<nav2_velocity_smoother::VelocitySmoother>
[component_container_isolated-2] [INFO] [1790760167.806968691] [nav2_container]: Instantiate class: rclcpp_components::NodeFactoryTemplate<nav2_velocity_smoother::VelocitySmoother>
[component_container_isolated-2] [INFO] [1790760167.860761807] [velocity_smoother]: 
[INFO] [launch_ros.actions.load_composable_nodes]: Loaded node '/velocity_smoother' in container '/nav2_container'
[component_container_isolated-2] 	velocity_smoother lifecycle node launched. 
[component_container_isolated-2] 	Waiting on external lifecycle transitions to activate
[component_container_isolated-2] 	See https://design.ros2.org/articles/node_lifecycle.html for more information.
[component_container_isolated-2] [INFO] [1790760167.864283056] [nav2_container]: Load Library: /opt/ros/jazzy/lib/libcollision_monitor_core.so
[component_container_isolated-2] [INFO] [1790760167.867814239] [nav2_container]: Found class: rclcpp_components::NodeFactoryTemplate<nav2_collision_monitor::CollisionMonitor>
[component_container_isolated-2] [INFO] [1790760167.867864841] [nav2_container]: Instantiate class: rclcpp_components::NodeFactoryTemplate<nav2_collision_monitor::CollisionMonitor>
[component_container_isolated-2] [INFO] [1790760167.889570046] [amcl]: createLaserObject
[rviz2-1] [INFO] [1790760167.898476577] [rviz2]: Trying to create a map of size 480 x 776 using 1 swatches
[rviz2-1] [ERROR] [1790760167.908234347] [rviz2]: rviz/glsl120/indexed_8bit_image.vert
[rviz2-1] rviz/glsl120/indexed_8bit_image.frag
[rviz2-1]  GLSL link result : 
[rviz2-1] active samplers with a different type refer to the same texture image unit
[component_container_isolated-2] [INFO] [1790760167.933212757] [collision_monitor]: 
[INFO] [launch_ros.actions.load_composable_nodes]: Loaded node '/collision_monitor' in container '/nav2_container'
[component_container_isolated-2] 	collision_monitor lifecycle node launched. 
[component_container_isolated-2] 	Waiting on external lifecycle transitions to activate
[component_container_isolated-2] 	See https://design.ros2.org/articles/node_lifecycle.html for more information.
[component_container_isolated-2] [INFO] [1790760167.937010632] [nav2_container]: Load Library: /opt/ros/jazzy/lib/libopennav_docking_core.so
[component_container_isolated-2] [INFO] [1790760167.940004870] [nav2_container]: Found class: rclcpp_components::NodeFactoryTemplate<opennav_docking::DockingServer>
[component_container_isolated-2] [INFO] [1790760167.940078430] [nav2_container]: Instantiate class: rclcpp_components::NodeFactoryTemplate<opennav_docking::DockingServer>
[component_container_isolated-2] [INFO] [1790760168.001103710] [docking_server]: 
[component_container_isolated-2] 	docking_server lifecycle node launched. 
[component_container_isolated-2] 	Waiting on external lifecycle transitions to activate
[component_container_isolated-2] 	See https://design.ros2.org/articles/node_lifecycle.html for more information.
[component_container_isolated-2] [INFO] [1790760168.001196574] [docking_server]: Creating docking_server
[INFO] [launch_ros.actions.load_composable_nodes]: Loaded node '/docking_server' in container '/nav2_container'
[component_container_isolated-2] [INFO] [1790760168.007294969] [nav2_container]: Found class: rclcpp_components::NodeFactoryTemplate<nav2_lifecycle_manager::LifecycleManager>
[component_container_isolated-2] [INFO] [1790760168.007344822] [nav2_container]: Instantiate class: rclcpp_components::NodeFactoryTemplate<nav2_lifecycle_manager::LifecycleManager>
[component_container_isolated-2] [INFO] [1790760168.051509484] [lifecycle_manager_navigation]: Creating
[INFO] [launch_ros.actions.load_composable_nodes]: Loaded node '/lifecycle_manager_navigation' in container '/nav2_container'
[component_container_isolated-2] [INFO] [1790760168.059616314] [lifecycle_manager_navigation]: [34m[1mCreating and initializing lifecycle service clients[0m[0m
[component_container_isolated-2] [INFO] [1790760168.131962593] [lifecycle_manager_navigation]: [34m[1mStarting managed nodes bringup...[0m[0m
[component_container_isolated-2] [INFO] [1790760168.132071013] [lifecycle_manager_navigation]: [34m[1mConfiguring controller_server[0m[0m
[component_container_isolated-2] [INFO] [1790760168.132371346] [controller_server]: Configuring controller interface
[component_container_isolated-2] [INFO] [1790760168.132442845] [controller_server]: getting progress checker plugins..
[component_container_isolated-2] [INFO] [1790760168.133145651] [controller_server]: getting goal checker plugins..
[component_container_isolated-2] [INFO] [1790760168.134169407] [controller_server]: Controller frequency set to 20.0000Hz
[component_container_isolated-2] [INFO] [1790760168.134309593] [local_costmap.local_costmap]: Configuring
[component_container_isolated-2] [INFO] [1790760168.158573952] [local_costmap.local_costmap]: Using plugin "front_3d_lidar_layer"
[component_container_isolated-2] [INFO] [1790760168.163716343] [local_costmap.local_costmap]: Subscribed to Topics: hesai_mark
[component_container_isolated-2] [INFO] [1790760168.181782695] [local_costmap.local_costmap]: Initialized plugin "front_3d_lidar_layer"
[component_container_isolated-2] [INFO] [1790760168.181838358] [local_costmap.local_costmap]: Using plugin "front_2d_lidar_layer"
[component_container_isolated-2] [INFO] [1790760168.184218811] [local_costmap.local_costmap]: Subscribed to Topics: scan
[component_container_isolated-2] [INFO] [1790760168.195544309] [local_costmap.local_costmap]: Initialized plugin "front_2d_lidar_layer"
[component_container_isolated-2] [INFO] [1790760168.195612341] [local_costmap.local_costmap]: Using plugin "back_2d_lidar_layer"
[component_container_isolated-2] [INFO] [1790760168.197774362] [local_costmap.local_costmap]: Subscribed to Topics: scan
[component_container_isolated-2] [INFO] [1790760168.206643784] [local_costmap.local_costmap]: Initialized plugin "back_2d_lidar_layer"
[component_container_isolated-2] [INFO] [1790760168.206709286] [local_costmap.local_costmap]: Using plugin "inflation_layer"
[component_container_isolated-2] [INFO] [1790760168.208758202] [local_costmap.local_costmap]: Initialized plugin "inflation_layer"
[component_container_isolated-2] [INFO] [1790760168.208795591] [local_costmap.local_costmap]: Using plugin "static_map_layer"
[component_container_isolated-2] [INFO] [1790760168.211000437] [local_costmap.local_costmap]: Subscribing to the map topic (/map) with transient local durability
[component_container_isolated-2] [INFO] [1790760168.213543754] [local_costmap.local_costmap]: Initialized plugin "static_map_layer"
[component_container_isolated-2] [INFO] [1790760168.305820136] [local_costmap.local_costmap]: StaticLayer: Resizing static layer to 480 X 776 at 0.050000 m/pix
[component_container_isolated-2] [INFO] [1790760168.305880109] [controller_server]: Created progress_checker : progress_checker of type nav2_controller::SimpleProgressChecker
[component_container_isolated-2] [INFO] [1790760168.306808751] [controller_server]: Controller Server has progress_checker  progress checkers available.
[component_container_isolated-2] [INFO] [1790760168.307608639] [controller_server]: Created goal checker : general_goal_checker of type nav2_controller::SimpleGoalChecker
[component_container_isolated-2] [INFO] [1790760168.308996354] [controller_server]: Controller Server has general_goal_checker  goal checkers available.
[component_container_isolated-2] [INFO] [1790760168.311118081] [controller_server]: Created controller : FollowPath of type dwb_core::DWBLocalPlanner
[component_container_isolated-2] [INFO] [1790760168.314504111] [controller_server]: Setting transform_tolerance to 0.200000
[component_container_isolated-2] [INFO] [1790760168.346883077] [controller_server]: Using critic "RotateToGoal" (dwb_critics::RotateToGoalCritic)
[component_container_isolated-2] [INFO] [1790760168.348763413] [controller_server]: Critic plugin initialized
[component_container_isolated-2] [INFO] [1790760168.349118097] [controller_server]: Using critic "Oscillation" (dwb_critics::OscillationCritic)
[component_container_isolated-2] [INFO] [1790760168.350720309] [controller_server]: Critic plugin initialized
[component_container_isolated-2] [INFO] [1790760168.351057469] [controller_server]: Using critic "BaseObstacle" (dwb_critics::BaseObstacleCritic)
[component_container_isolated-2] [INFO] [1790760168.351779298] [controller_server]: Critic plugin initialized
[component_container_isolated-2] [INFO] [1790760168.352137823] [controller_server]: Using critic "GoalAlign" (dwb_critics::GoalAlignCritic)
[component_container_isolated-2] [INFO] [1790760168.353305888] [controller_server]: Critic plugin initialized
[component_container_isolated-2] [INFO] [1790760168.353686528] [controller_server]: Using critic "PathAlign" (dwb_critics::PathAlignCritic)
[component_container_isolated-2] [INFO] [1790760168.354882050] [controller_server]: Critic plugin initialized
[component_container_isolated-2] [INFO] [1790760168.355295488] [controller_server]: Using critic "PathDist" (dwb_critics::PathDistCritic)
[component_container_isolated-2] [INFO] [1790760168.356542735] [controller_server]: Critic plugin initialized
[component_container_isolated-2] [INFO] [1790760168.356958984] [controller_server]: Using critic "GoalDist" (dwb_critics::GoalDistCritic)
[component_container_isolated-2] [INFO] [1790760168.357786985] [controller_server]: Critic plugin initialized
[component_container_isolated-2] [INFO] [1790760168.357806101] [controller_server]: Controller Server has FollowPath  controllers available.
[component_container_isolated-2] [INFO] [1790760168.387072852] [lifecycle_manager_navigation]: [34m[1mConfiguring smoother_server[0m[0m
[component_container_isolated-2] [INFO] [1790760168.387399235] [smoother_server]: Configuring smoother server
[component_container_isolated-2] [INFO] [1790760168.408226962] [smoother_server]: Created smoother : simple_smoother of type nav2_smoother::SimpleSmoother
[component_container_isolated-2] [INFO] [1790760168.410529545] [smoother_server]: Smoother Server has simple_smoother  smoothers available.
[component_container_isolated-2] [INFO] [1790760168.432557666] [lifecycle_manager_navigation]: [34m[1mConfiguring planner_server[0m[0m
[component_container_isolated-2] [INFO] [1790760168.432846473] [planner_server]: Configuring
[component_container_isolated-2] [INFO] [1790760168.432895669] [global_costmap.global_costmap]: Configuring
[component_container_isolated-2] [INFO] [1790760168.452820431] [global_costmap.global_costmap]: Using plugin "static_layer"
[component_container_isolated-2] [INFO] [1790760168.457440683] [global_costmap.global_costmap]: Subscribing to the map topic (/map) with transient local durability
[component_container_isolated-2] [INFO] [1790760168.460089983] [global_costmap.global_costmap]: Initialized plugin "static_layer"
[component_container_isolated-2] [INFO] [1790760168.460137118] [global_costmap.global_costmap]: Using plugin "obstacle_layer"
[component_container_isolated-2] [INFO] [1790760168.462232701] [global_costmap.global_costmap]: Subscribed to Topics: scan
[component_container_isolated-2] [INFO] [1790760168.472606223] [global_costmap.global_costmap]: Initialized plugin "obstacle_layer"
[component_container_isolated-2] [INFO] [1790760168.472679784] [global_costmap.global_costmap]: Using plugin "inflation_layer"
[component_container_isolated-2] [INFO] [1790760168.474791109] [global_costmap.global_costmap]: Initialized plugin "inflation_layer"
[component_container_isolated-2] [INFO] [1790760168.543207011] [global_costmap.global_costmap]: StaticLayer: Resizing costmap to 480 X 776 at 0.050000 m/pix
[component_container_isolated-2] [INFO] [1790760168.543643876] [planner_server]: Created global planner plugin GridBased of type nav2_navfn_planner::NavfnPlanner
[component_container_isolated-2] [INFO] [1790760168.543695134] [planner_server]: Configuring plugin GridBased of type NavfnPlanner
[component_container_isolated-2] [INFO] [1790760168.545670771] [planner_server]: Planner Server has GridBased  planners available.
[component_container_isolated-2] [INFO] [1790760168.583521885] [lifecycle_manager_navigation]: [34m[1mConfiguring route_server[0m[0m
[component_container_isolated-2] [INFO] [1790760168.583848081] [route_server]: Configuring
[component_container_isolated-2] [INFO] [1790760168.644209255] [route_server]: Created GraphFileLoader GeoJsonGraphFileLoader of type nav2_route::GeoJsonGraphFileLoader
[component_container_isolated-2] [INFO] [1790760168.644266698] [route_server]: Configuring geojson graph file loader
[component_container_isolated-2] [INFO] [1790760168.644274663] [route_server]: No graph file provided to load yet.
[component_container_isolated-2] [INFO] [1790760168.652358535] [route_server]: Created edge cost function plugin DistanceScorer of type nav2_route::DistanceScorer
[component_container_isolated-2] [INFO] [1790760168.652429940] [route_server]: Configuring distance scorer.
[component_container_isolated-2] [INFO] [1790760168.653309479] [route_server]: Created edge cost function plugin DynamicEdgesScorer of type nav2_route::DynamicEdgesScorer
[component_container_isolated-2] [INFO] [1790760168.653336748] [route_server]: Configuring adjust edges scorer.
[component_container_isolated-2] [INFO] [1790760168.660767853] [route_server]: Created route operation AdjustSpeedLimit of type nav2_route::AdjustSpeedLimit
[component_container_isolated-2] [INFO] [1790760168.660834853] [route_server]: Configuring Adjust speed limit operation.
[component_container_isolated-2] [INFO] [1790760168.664415795] [route_server]: Created route operation ReroutingService of type nav2_route::ReroutingService
[component_container_isolated-2] [INFO] [1790760168.664464898] [route_server]: Configuring Rerouting service operation.
[component_container_isolated-2] [INFO] [1790760168.673366836] [lifecycle_manager_navigation]: [34m[1mConfiguring behavior_server[0m[0m
[component_container_isolated-2] [INFO] [1790760168.673604947] [behavior_server]: Configuring
[component_container_isolated-2] [INFO] [1790760168.682110597] [behavior_server]: Creating behavior plugin spin of type nav2_behaviors::Spin
[component_container_isolated-2] [INFO] [1790760168.683702501] [behavior_server]: Creating behavior plugin backup of type nav2_behaviors::BackUp
[component_container_isolated-2] [INFO] [1790760168.684643138] [behavior_server]: Creating behavior plugin drive_on_heading of type nav2_behaviors::DriveOnHeading
[component_container_isolated-2] [INFO] [1790760168.685474886] [behavior_server]: Creating behavior plugin wait of type nav2_behaviors::Wait
[component_container_isolated-2] [INFO] [1790760168.694686810] [behavior_server]: Configuring spin
[component_container_isolated-2] [INFO] [1790760168.716370837] [behavior_server]: Configuring backup
[component_container_isolated-2] [INFO] [1790760168.736144822] [behavior_server]: Configuring drive_on_heading
[component_container_isolated-2] [INFO] [1790760168.757780590] [behavior_server]: Configuring wait
[component_container_isolated-2] [INFO] [1790760168.780183823] [lifecycle_manager_navigation]: [34m[1mConfiguring velocity_smoother[0m[0m
[component_container_isolated-2] [INFO] [1790760168.780472723] [velocity_smoother]: Configuring velocity smoother
[component_container_isolated-2] [INFO] [1790760168.795507448] [lifecycle_manager_navigation]: [34m[1mConfiguring collision_monitor[0m[0m
[component_container_isolated-2] [INFO] [1790760168.795821556] [collision_monitor]: Configuring
[component_container_isolated-2] [INFO] [1790760168.810090971] [collision_monitor]: [scan]: Creating Scan
[component_container_isolated-2] [INFO] [1790760168.815335409] [collision_monitor]: [FootprintApproach]: Creating Polygon
[component_container_isolated-2] [INFO] [1790760168.815830185] [collision_monitor]: [FootprintApproach]: Polygon points are not defined. Using dynamic subscription instead.
[component_container_isolated-2] [INFO] [1790760168.819548502] [collision_monitor]: [FootprintApproach]: Making footprint subscriber on /local_costmap/published_footprint topic
[component_container_isolated-2] [INFO] [1790760168.841014846] [lifecycle_manager_navigation]: [34m[1mConfiguring bt_navigator[0m[0m
[component_container_isolated-2] [INFO] [1790760168.841427909] [bt_navigator]: Configuring
[component_container_isolated-2] [INFO] [1790760168.860612474] [bt_navigator]: Creating navigator id navigate_to_pose of type nav2_bt_navigator::NavigateToPoseNavigator
[component_container_isolated-2] [INFO] [1790760169.033026920] [bt_navigator]: Creating navigator id navigate_through_poses of type nav2_bt_navigator::NavigateThroughPosesNavigator
[component_container_isolated-2] [INFO] [1790760169.121480782] [lifecycle_manager_navigation]: [34m[1mConfiguring waypoint_follower[0m[0m
[component_container_isolated-2] [INFO] [1790760169.121755720] [waypoint_follower]: Configuring
[component_container_isolated-2] [INFO] [1790760169.187276058] [waypoint_follower]: Created waypoint_task_executor : wait_at_waypoint of type nav2_waypoint_follower::WaitAtWaypoint
[component_container_isolated-2] [INFO] [1790760169.188865526] [lifecycle_manager_navigation]: [34m[1mConfiguring docking_server[0m[0m
[component_container_isolated-2] [INFO] [1790760169.189232110] [docking_server]: Configuring docking_server
[component_container_isolated-2] [INFO] [1790760169.189292926] [docking_server]: Controller frequency set to 50.0000Hz
[component_container_isolated-2] [INFO] [1790760169.279078279] [docking_server]: Created charging dock plugin simple_charging_dock of type opennav_docking::SimpleChargingDock
[component_container_isolated-2] [WARN] [1790760169.303027406] [docking_server]: Dock database filepath nor dock parameters set. Docking actions can only be executed specifying the dock pose via the action request. Or update the dock database via the reload_database service.
[component_container_isolated-2] [INFO] [1790760169.303124674] [docking_server]: Docking Server has 1 dock types and 0 dock instances available.
[component_container_isolated-2] [INFO] [1790760169.307975635] [lifecycle_manager_navigation]: [34m[1mActivating controller_server[0m[0m
[component_container_isolated-2] [INFO] [1790760169.308324320] [controller_server]: Activating
[component_container_isolated-2] [INFO] [1790760169.308384949] [local_costmap.local_costmap]: Activating
[component_container_isolated-2] [INFO] [1790760169.308392258] [local_costmap.local_costmap]: Checking transform
[component_container_isolated-2] [INFO] [1790760169.308578924] [local_costmap.local_costmap]: start
[component_container_isolated-2] [INFO] [1790760169.519746982] [controller_server]: Creating bond (controller_server) to lifecycle manager.
[component_container_isolated-2] [INFO] [1790760169.632633689] [lifecycle_manager_navigation]: Server controller_server connected with bond.
[component_container_isolated-2] [INFO] [1790760169.632701533] [lifecycle_manager_navigation]: [34m[1mActivating smoother_server[0m[0m
[component_container_isolated-2] [INFO] [1790760169.633163512] [smoother_server]: Activating
[component_container_isolated-2] [INFO] [1790760169.633203525] [smoother_server]: Creating bond (smoother_server) to lifecycle manager.
[component_container_isolated-2] [INFO] [1790760169.749048299] [lifecycle_manager_navigation]: Server smoother_server connected with bond.
[component_container_isolated-2] [INFO] [1790760169.749122609] [lifecycle_manager_navigation]: [34m[1mActivating planner_server[0m[0m
[component_container_isolated-2] [INFO] [1790760169.749510277] [planner_server]: Activating
[component_container_isolated-2] [INFO] [1790760169.749556944] [global_costmap.global_costmap]: Activating
[component_container_isolated-2] [INFO] [1790760169.749563972] [global_costmap.global_costmap]: Checking transform
[component_container_isolated-2] [INFO] [1790760169.749628443] [global_costmap.global_costmap]: Timed out waiting for transform from base_link to map to become available, tf error: Lookup would require extrapolation into the past.  Requested time 4.850000 but the earliest data is at time 5.500000, when looking up transform from frame [base_link] to frame [map]
[component_container_isolated-2] [INFO] [1790760170.249704700] [global_costmap.global_costmap]: Timed out waiting for transform from base_link to map to become available, tf error: Lookup would require extrapolation into the past.  Requested time 5.016667 but the earliest data is at time 5.500000, when looking up transform from frame [base_link] to frame [map]
[component_container_isolated-2] [INFO] [1790760171.202334674] [global_costmap.global_costmap]: Timed out waiting for transform from base_link to map to become available, tf error: Lookup would require extrapolation into the past.  Requested time 5.050000 but the earliest data is at time 5.500000, when looking up transform from frame [base_link] to frame [map]
[component_container_isolated-2] [INFO] [1790760171.249819050] [global_costmap.global_costmap]: Timed out waiting for transform from base_link to map to become available, tf error: Lookup would require extrapolation into the past.  Requested time 5.083333 but the earliest data is at time 5.500000, when looking up transform from frame [base_link] to frame [map]
[component_container_isolated-2] [INFO] [1790760172.508883138] [global_costmap.global_costmap]: Timed out waiting for transform from base_link to map to become available, tf error: Lookup would require extrapolation into the past.  Requested time 5.083333 but the earliest data is at time 5.500000, when looking up transform from frame [base_link] to frame [map]
[component_container_isolated-2] [INFO] [1790760172.508990271] [global_costmap.global_costmap]: Timed out waiting for transform from base_link to map to become available, tf error: Lookup would require extrapolation into the past.  Requested time 5.083333 but the earliest data is at time 5.500000, when looking up transform from frame [base_link] to frame [map]
[component_container_isolated-2] [INFO] [1790760172.749839919] [global_costmap.global_costmap]: Timed out waiting for transform from base_link to map to become available, tf error: Lookup would require extrapolation into the past.  Requested time 5.150000 but the earliest data is at time 5.500000, when looking up transform from frame [base_link] to frame [map]
[rviz2-1] [INFO] [1790760172.996188374] [rviz]: Message Filter dropping message: frame 'front_3d_lidar' at time 4.200 for reason 'discarding message because the queue is full'
[component_container_isolated-2] [INFO] [1790760173.249721279] [global_costmap.global_costmap]: Timed out waiting for transform from base_link to map to become available, tf error: Lookup would require extrapolation into the past.  Requested time 5.316667 but the earliest data is at time 5.500000, when looking up transform from frame [base_link] to frame [map]
[rviz2-1] [INFO] [1790760173.373733254] [rviz2]: Trying to create a map of size 120 x 120 using 1 swatches
[component_container_isolated-2] [INFO] [1790760173.749664381] [global_costmap.global_costmap]: Timed out waiting for transform from base_link to map to become available, tf error: Lookup would require extrapolation into the past.  Requested time 5.450000 but the earliest data is at time 5.500000, when looking up transform from frame [base_link] to frame [map]
[component_container_isolated-2] [INFO] [1790760174.249800227] [global_costmap.global_costmap]: start
[rviz2-1] [INFO] [1790760175.289298360] [rviz2]: Trying to create a map of size 480 x 776 using 1 swatches
[component_container_isolated-2] [INFO] [1790760175.302915924] [planner_server]: Activating plugin GridBased of type NavfnPlanner
[component_container_isolated-2] [INFO] [1790760175.306685575] [planner_server]: Creating bond (planner_server) to lifecycle manager.
[component_container_isolated-2] [WARN] [1790760175.414869299] [planner_server.rclcpp]: failed to send response to /planner_server/get_state (timeout): client will not receive response, at ./src/rmw_response.cpp:153, at ./src/rcl/service.c:400
[component_container_isolated-2] [WARN] [1790760175.515293253] [planner_server.rclcpp]: failed to send response to /planner_server/get_state (timeout): client will not receive response, at ./src/rmw_response.cpp:153, at ./src/rcl/service.c:400
[component_container_isolated-2] [INFO] [1790760175.624690111] [lifecycle_manager_navigation]: Server planner_server connected with bond.
[component_container_isolated-2] [INFO] [1790760175.624755236] [lifecycle_manager_navigation]: [34m[1mActivating route_server[0m[0m
[component_container_isolated-2] [INFO] [1790760175.625159426] [route_server]: Activating
[component_container_isolated-2] [INFO] [1790760175.625442857] [route_server]: Creating bond (route_server) to lifecycle manager.
[component_container_isolated-2] [INFO] [1790760175.747004977] [lifecycle_manager_navigation]: Server route_server connected with bond.
[component_container_isolated-2] [INFO] [1790760175.747107880] [lifecycle_manager_navigation]: [34m[1mActivating behavior_server[0m[0m
[component_container_isolated-2] [INFO] [1790760175.747683200] [behavior_server]: Activating
[component_container_isolated-2] [INFO] [1790760175.747708292] [behavior_server]: Activating spin
[component_container_isolated-2] [INFO] [1790760175.747728402] [behavior_server]: Activating backup
[component_container_isolated-2] [INFO] [1790760175.747736108] [behavior_server]: Activating drive_on_heading
[component_container_isolated-2] [INFO] [1790760175.747743533] [behavior_server]: Activating wait
[component_container_isolated-2] [INFO] [1790760175.747755185] [behavior_server]: Creating bond (behavior_server) to lifecycle manager.
[component_container_isolated-2] [INFO] [1790760175.864868772] [lifecycle_manager_navigation]: Server behavior_server connected with bond.
[component_container_isolated-2] [INFO] [1790760175.864970924] [lifecycle_manager_navigation]: [34m[1mActivating velocity_smoother[0m[0m
[component_container_isolated-2] [INFO] [1790760175.865484784] [velocity_smoother]: Activating
[component_container_isolated-2] [INFO] [1790760175.865543707] [velocity_smoother]: Creating bond (velocity_smoother) to lifecycle manager.
[component_container_isolated-2] [INFO] [1790760175.983020134] [lifecycle_manager_navigation]: Server velocity_smoother connected with bond.
[component_container_isolated-2] [INFO] [1790760175.983098792] [lifecycle_manager_navigation]: [34m[1mActivating collision_monitor[0m[0m
[component_container_isolated-2] [INFO] [1790760175.983491047] [collision_monitor]: Activating
[component_container_isolated-2] [INFO] [1790760175.983598273] [collision_monitor]: Creating bond (collision_monitor) to lifecycle manager.
[component_container_isolated-2] [INFO] [1790760176.099020671] [lifecycle_manager_navigation]: Server collision_monitor connected with bond.
[component_container_isolated-2] [INFO] [1790760176.099120192] [lifecycle_manager_navigation]: [34m[1mActivating bt_navigator[0m[0m
[component_container_isolated-2] [INFO] [1790760176.099689497] [bt_navigator]: Activating
[component_container_isolated-2] [INFO] [1790760176.448355424] [bt_navigator]: Creating bond (bt_navigator) to lifecycle manager.
[component_container_isolated-2] [INFO] [1790760176.571470776] [lifecycle_manager_navigation]: Server bt_navigator connected with bond.
[component_container_isolated-2] [INFO] [1790760176.571687672] [lifecycle_manager_navigation]: [34m[1mActivating waypoint_follower[0m[0m
[component_container_isolated-2] [INFO] [1790760176.572299736] [waypoint_follower]: Activating
[component_container_isolated-2] [INFO] [1790760176.572376609] [waypoint_follower]: Creating bond (waypoint_follower) to lifecycle manager.
[component_container_isolated-2] [INFO] [1790760176.692733206] [lifecycle_manager_navigation]: Server waypoint_follower connected with bond.
[component_container_isolated-2] [INFO] [1790760176.692806226] [lifecycle_manager_navigation]: [34m[1mActivating docking_server[0m[0m
[component_container_isolated-2] [INFO] [1790760176.693302042] [docking_server]: Activating docking_server
[component_container_isolated-2] [INFO] [1790760176.730693041] [docking_server]: Creating bond (docking_server) to lifecycle manager.
[component_container_isolated-2] [INFO] [1790760176.851891380] [lifecycle_manager_navigation]: Server docking_server connected with bond.
[component_container_isolated-2] [INFO] [1790760176.851988927] [lifecycle_manager_navigation]: [34m[1mManaged nodes are active[0m[0m
[component_container_isolated-2] [INFO] [1790760176.852004339] [lifecycle_manager_navigation]: [34m[1mCreating bond timer...[0m[0m
[component_container_isolated-2] [INFO] [1790760181.809915875] [bt_navigator]: Begin navigating from current location (-6.00, -1.00) to (0.00, -1.00)
[component_container_isolated-2] [INFO] [1790760181.841876374] [controller_server]: Received a goal, begin computing control effort.
[component_container_isolated-2] [WARN] [1790760181.842005316] [controller_server]: No goal checker was specified in parameter 'current_goal_checker'. Server will use only plugin loaded general_goal_checker . This warning will appear once.
[component_container_isolated-2] [WARN] [1790760181.842045499] [controller_server]: No progress checker was specified in parameter 'current_progress_checker'. Server will use only plugin loaded progress_checker . This warning will appear once.
[component_container_isolated-2] [INFO] [1790760182.893438160] [controller_server]: Passing new path to controller.
[component_container_isolated-2] [INFO] [1790760183.893439981] [controller_server]: Passing new path to controller.
[component_container_isolated-2] [INFO] [1790760184.943414473] [controller_server]: Passing new path to controller.
[component_container_isolated-2] [INFO] [1790760185.993414884] [controller_server]: Passing new path to controller.
[component_container_isolated-2] [INFO] [1790760186.993501080] [controller_server]: Passing new path to controller.
[component_container_isolated-2] [INFO] [1790760188.043540889] [controller_server]: Passing new path to controller.
[component_container_isolated-2] [INFO] [1790760189.043411282] [controller_server]: Passing new path to controller.
[component_container_isolated-2] [INFO] [1790760190.043488891] [controller_server]: Passing new path to controller.
[component_container_isolated-2] [INFO] [1790760191.093516771] [controller_server]: Passing new path to controller.
[component_container_isolated-2] [INFO] [1790760192.093418070] [controller_server]: Passing new path to controller.
[component_container_isolated-2] [INFO] [1790760193.093460678] [controller_server]: Passing new path to controller.
[component_container_isolated-2] [INFO] [1790760194.143399844] [controller_server]: Passing new path to controller.
[component_container_isolated-2] [INFO] [1790760195.193405103] [controller_server]: Passing new path to controller.
[component_container_isolated-2] [INFO] [1790760196.193422596] [controller_server]: Passing new path to controller.
[component_container_isolated-2] [INFO] [1790760197.243497633] [controller_server]: Passing new path to controller.
[component_container_isolated-2] [INFO] [1790760198.243420112] [controller_server]: Passing new path to controller.
[component_container_isolated-2] [INFO] [1790760199.293410589] [controller_server]: Passing new path to controller.
[component_container_isolated-2] [ERROR] [1790760200.255725814] [planner_server]: Failed to create a plan from potential when a legal potential was found. This shouldn't happen.
[component_container_isolated-2] [WARN] [1790760200.255922272] [planner_server]: GridBased plugin failed to plan from (-5.98, -1.21) to (0.00, -1.00): "Failed to create plan with tolerance of: 0.500000"
[component_container_isolated-2] [WARN] [1790760200.255939466] [planner_server]: [compute_path_to_pose] [ActionServer] Aborting handle.
[component_container_isolated-2] [INFO] [1790760200.270518498] [global_costmap.global_costmap]: Received request to clear entirely the global_costmap
[component_container_isolated-2] [WARN] [1790760201.263798146] [planner_server]: Planner loop missed its desired rate of 10.0000 Hz. Current loop rate is 3.5294 Hz
[component_container_isolated-2] [INFO] [1790760201.293443173] [controller_server]: Passing new path to controller.
[component_container_isolated-2] [INFO] [1790760202.343366568] [controller_server]: Passing new path to controller.
[component_container_isolated-2] [INFO] [1790760203.343083090] [controller_server]: Passing new path to controller.
[component_container_isolated-2] [INFO] [1790760204.618114279] [controller_server]: Passing new path to controller.
[component_container_isolated-2] [INFO] [1790760205.668114810] [controller_server]: Passing new path to controller.
[rviz2-1] [INFO] [1790760206.098949550] [rviz]: Message Filter dropping message: frame 'odom' at time 4.783 for reason 'the timestamp on the message is earlier than all the data in the transform cache'
[rviz2-1] [INFO] [1790760206.099060801] [rviz]: Message Filter dropping message: frame 'odom' at time 4.783 for reason 'the timestamp on the message is earlier than all the data in the transform cache'
[component_container_isolated-2] [INFO] [1790760206.668114823] [controller_server]: Passing new path to controller.
[component_container_isolated-2] [INFO] [1790760207.718152971] [controller_server]: Passing new path to controller.
[rviz2-1] [INFO] [1790760208.190080830] [rviz]: Message Filter dropping message: frame 'front_3d_lidar' at time 4.400 for reason 'the timestamp on the message is earlier than all the data in the transform cache'
[component_container_isolated-2] [INFO] [1790760208.718164668] [controller_server]: Passing new path to controller.
[component_container_isolated-2] [INFO] [1790760209.718085574] [controller_server]: Passing new path to controller.
[component_container_isolated-2] [INFO] [1790760210.768065457] [controller_server]: Passing new path to controller.
[component_container_isolated-2] [INFO] [1790760211.768140793] [controller_server]: Passing new path to controller.
[component_container_isolated-2] [INFO] [1790760212.818143869] [controller_server]: Passing new path to controller.
[component_container_isolated-2] [INFO] [1790760213.868106782] [controller_server]: Passing new path to controller.
[component_container_isolated-2] [INFO] [1790760214.868074254] [controller_server]: Passing new path to controller.
[component_container_isolated-2] [INFO] [1790760215.918118476] [controller_server]: Passing new path to controller.
[component_container_isolated-2] [INFO] [1790760216.918115191] [controller_server]: Passing new path to controller.
[component_container_isolated-2] [INFO] [1790760217.968109542] [controller_server]: Passing new path to controller.
[component_container_isolated-2] [INFO] [1790760218.968098648] [controller_server]: Passing new path to controller.
[component_container_isolated-2] [INFO] [1790760220.018084381] [controller_server]: Passing new path to controller.
[component_container_isolated-2] [INFO] [1790760221.018127851] [controller_server]: Passing new path to controller.
[component_container_isolated-2] [INFO] [1790760222.068086299] [controller_server]: Passing new path to controller.
[component_container_isolated-2] [INFO] [1790760223.068098189] [controller_server]: Passing new path to controller.
[component_container_isolated-2] [INFO] [1790760224.118116032] [controller_server]: Passing new path to controller.
[component_container_isolated-2] [INFO] [1790760225.118100916] [controller_server]: Passing new path to controller.
[component_container_isolated-2] [INFO] [1790760226.169191829] [controller_server]: Passing new path to controller.
[component_container_isolated-2] [INFO] [1790760227.168129899] [controller_server]: Passing new path to controller.
[component_container_isolated-2] [INFO] [1790760228.219164833] [controller_server]: Passing new path to controller.
[component_container_isolated-2] [INFO] [1790760229.218133095] [controller_server]: Passing new path to controller.
[component_container_isolated-2] [INFO] [1790760230.268058905] [controller_server]: Passing new path to controller.
[component_container_isolated-2] [INFO] [1790760231.268106600] [controller_server]: Passing new path to controller.
[component_container_isolated-2] [INFO] [1790760232.318102424] [controller_server]: Passing new path to controller.
[component_container_isolated-2] [INFO] [1790760233.318125224] [controller_server]: Passing new path to controller.
[component_container_isolated-2] [INFO] [1790760234.368129913] [controller_server]: Passing new path to controller.
[component_container_isolated-2] [INFO] [1790760235.435755194] [controller_server]: Passing new path to controller.
[component_container_isolated-2] [INFO] [1790760236.758876735] [controller_server]: Passing new path to controller.
[component_container_isolated-2] [INFO] [1790760237.758887653] [controller_server]: Passing new path to controller.
[component_container_isolated-2] [INFO] [1790760238.808918651] [controller_server]: Passing new path to controller.
[component_container_isolated-2] [INFO] [1790760239.808820556] [controller_server]: Passing new path to controller.
[component_container_isolated-2] [INFO] [1790760240.808846540] [controller_server]: Passing new path to controller.
[component_container_isolated-2] [INFO] [1790760241.858789477] [controller_server]: Passing new path to controller.
[component_container_isolated-2] [INFO] [1790760242.908823250] [controller_server]: Passing new path to controller.
[component_container_isolated-2] [INFO] [1790760243.908807525] [controller_server]: Passing new path to controller.
[component_container_isolated-2] [INFO] [1790760244.958877728] [controller_server]: Passing new path to controller.
[component_container_isolated-2] [INFO] [1790760245.958817573] [controller_server]: Passing new path to controller.
[component_container_isolated-2] [INFO] [1790760247.008826967] [controller_server]: Passing new path to controller.
[component_container_isolated-2] [INFO] [1790760248.008858778] [controller_server]: Passing new path to controller.
[component_container_isolated-2] [INFO] [1790760249.008831771] [controller_server]: Passing new path to controller.
[component_container_isolated-2] [INFO] [1790760250.058832816] [controller_server]: Passing new path to controller.
[component_container_isolated-2] [INFO] [1790760251.058814083] [controller_server]: Passing new path to controller.
[component_container_isolated-2] [INFO] [1790760252.108824828] [controller_server]: Passing new path to controller.
[component_container_isolated-2] [INFO] [1790760253.108966918] [controller_server]: Passing new path to controller.
[component_container_isolated-2] [INFO] [1790760254.158878176] [controller_server]: Passing new path to controller.
[component_container_isolated-2] [INFO] [1790760255.158773720] [controller_server]: Passing new path to controller.
[component_container_isolated-2] [INFO] [1790760256.208822473] [controller_server]: Passing new path to controller.
[component_container_isolated-2] [INFO] [1790760257.208962977] [controller_server]: Passing new path to controller.
[component_container_isolated-2] [INFO] [1790760258.258808706] [controller_server]: Passing new path to controller.
[component_container_isolated-2] [INFO] [1790760259.258841073] [controller_server]: Passing new path to controller.
[component_container_isolated-2] [INFO] [1790760260.308810454] [controller_server]: Passing new path to controller.
[component_container_isolated-2] [INFO] [1790760261.308830315] [controller_server]: Passing new path to controller.
[component_container_isolated-2] [INFO] [1790760262.308819240] [controller_server]: Passing new path to controller.
[component_container_isolated-2] [INFO] [1790760263.358823507] [controller_server]: Passing new path to controller.
[component_container_isolated-2] [INFO] [1790760264.408907050] [controller_server]: Passing new path to controller.
[component_container_isolated-2] [INFO] [1790760265.408822726] [controller_server]: Passing new path to controller.
[component_container_isolated-2] [INFO] [1790760266.408763267] [controller_server]: Passing new path to controller.
[component_container_isolated-2] [INFO] [1790760267.469281720] [controller_server]: Passing new path to controller.
[component_container_isolated-2] [INFO] [1790760268.795954363] [controller_server]: Passing new path to controller.
[component_container_isolated-2] [INFO] [1790760269.795945202] [controller_server]: Passing new path to controller.
[component_container_isolated-2] [INFO] [1790760270.846015832] [controller_server]: Passing new path to controller.
[component_container_isolated-2] [INFO] [1790760271.846037377] [controller_server]: Passing new path to controller.
[component_container_isolated-2] [INFO] [1790760272.896030866] [controller_server]: Passing new path to controller.
[component_container_isolated-2] [INFO] [1790760273.895930718] [controller_server]: Passing new path to controller.
[component_container_isolated-2] [INFO] [1790760274.546024339] [controller_server]: Reached the goal!
[component_container_isolated-2] [INFO] [1790760274.573135927] [bt_navigator]: Goal succeeded
[WARNING] [launch]: user interrupted with ctrl-c (SIGINT)
[INFO] [pointcloud_to_laserscan_node-3]: sending signal 'SIGINT' to process[pointcloud_to_laserscan_node-3]
[INFO] [component_container_isolated-2]: sending signal 'SIGINT' to process[component_container_isolated-2]
[INFO] [rviz2-1]: sending signal 'SIGINT' to process[rviz2-1]
[pointcloud_to_laserscan_node-3] [INFO] [1790760291.349412515] [rclcpp]: signal_handler(SIGINT/SIGTERM)
[component_container_isolated-2] [INFO] [1790760291.350215591] [rclcpp]: signal_handler(SIGINT/SIGTERM)
[component_container_isolated-2] [INFO] [1790760291.350296292] [amcl]: Running Nav2 LifecycleNode rcl preshutdown (amcl)
[component_container_isolated-2] [INFO] [1790760291.350456195] [amcl]: Deactivating
[component_container_isolated-2] [INFO] [1790760291.350522087] [amcl]: Destroying bond (amcl) to lifecycle manager.
[rviz2-1] [INFO] [1790760291.351018948] [rclcpp]: signal_handler(SIGINT/SIGTERM)
[component_container_isolated-2] [INFO] [1790760291.361688669] [amcl]: Cleaning up
[component_container_isolated-2] [INFO] [1790760291.455234376] [amcl]: Destroying bond (amcl) to lifecycle manager.
[component_container_isolated-2] [INFO] [1790760291.455285084] [controller_server]: Running Nav2 LifecycleNode rcl preshutdown (controller_server)
[component_container_isolated-2] [INFO] [1790760291.455316671] [controller_server]: Deactivating
[component_container_isolated-2] [INFO] [1790760291.455351163] [local_costmap.local_costmap]: Deactivating
[INFO] [pointcloud_to_laserscan_node-3]: process has finished cleanly [pid 563]
[component_container_isolated-2] [INFO] [1790760291.524512340] [lifecycle_manager_localization]: [34m[1mHave not received a heartbeat from amcl.[0m[0m
[component_container_isolated-2] [ERROR] [1790760291.524623597] [lifecycle_manager_localization]: CRITICAL FAILURE: SERVER amcl IS DOWN after not receiving a heartbeat for 4000 ms. Shutting down related nodes.
[component_container_isolated-2] [INFO] [1790760291.524704673] [lifecycle_manager_localization]: [34m[1mTerminating bond timer...[0m[0m
[component_container_isolated-2] [INFO] [1790760291.524711047] [lifecycle_manager_localization]: [34m[1mResetting managed nodes...[0m[0m
[component_container_isolated-2] [INFO] [1790760291.524715921] [lifecycle_manager_localization]: [34m[1mDeactivating amcl[0m[0m
[component_container_isolated-2] [WARN] [1790760291.525211563] [rcl_lifecycle]: No transition matching 4 found for current state unconfigured
[component_container_isolated-2] [WARN] [1790760291.525231997] [rcl_lifecycle]: No transition matching 4 found for current state unconfigured
[component_container_isolated-2] [ERROR] [1790760291.525236683] [amcl]: Unable to start transition 4 from current state unconfigured: Transition is not registered., at ./src/rcl_lifecycle.c:355
[component_container_isolated-2] [ERROR] [1790760291.525703363] [lifecycle_manager_localization]: Failed to change state for node: amcl
[component_container_isolated-2] [INFO] [1790760291.525733450] [lifecycle_manager_localization]: [34m[1mDeactivating map_server[0m[0m
[component_container_isolated-2] [INFO] [1790760291.525909006] [map_server]: Deactivating
[component_container_isolated-2] [INFO] [1790760291.525962620] [map_server]: Destroying bond (map_server) to lifecycle manager.
[component_container_isolated-2] [INFO] [1790760291.530727931] [controller_server]: Destroying bond (controller_server) to lifecycle manager.
[component_container_isolated-2] [INFO] [1790760291.541818873] [controller_server]: Cleaning up
[component_container_isolated-2] [INFO] [1790760291.542782976] [local_costmap.local_costmap]: Cleaning up
[component_container_isolated-2] [INFO] [1790760291.654644030] [lifecycle_manager_navigation]: [34m[1mHave not received a heartbeat from controller_server.[0m[0m
[component_container_isolated-2] [ERROR] [1790760291.654732042] [lifecycle_manager_navigation]: CRITICAL FAILURE: SERVER controller_server IS DOWN after not receiving a heartbeat for 4000 ms. Shutting down related nodes.
[component_container_isolated-2] [INFO] [1790760291.654867762] [lifecycle_manager_navigation]: [34m[1mTerminating bond timer...[0m[0m
[component_container_isolated-2] [INFO] [1790760291.654883415] [lifecycle_manager_navigation]: [34m[1mResetting managed nodes...[0m[0m
[component_container_isolated-2] [INFO] [1790760291.654887820] [lifecycle_manager_navigation]: [34m[1mDeactivating docking_server[0m[0m
[component_container_isolated-2] [INFO] [1790760291.655177633] [docking_server]: Deactivating docking_server
[component_container_isolated-2] [INFO] [1790760291.664428004] [lifecycle_manager_localization]: [34m[1mCleaning up amcl[0m[0m
[component_container_isolated-2] [WARN] [1790760291.665108576] [rcl_lifecycle]: No transition matching 2 found for current state unconfigured
[component_container_isolated-2] [WARN] [1790760291.665130789] [rcl_lifecycle]: No transition matching 2 found for current state unconfigured
[component_container_isolated-2] [ERROR] [1790760291.665135195] [amcl]: Unable to start transition 2 from current state unconfigured: Transition is not registered., at ./src/rcl_lifecycle.c:355
[component_container_isolated-2] [INFO] [1790760291.665709664] [lifecycle_manager_localization]: [34m[1mCleaning up map_server[0m[0m
[component_container_isolated-2] [INFO] [1790760291.666011849] [map_server]: Cleaning up
[component_container_isolated-2] [INFO] [1790760291.729998958] [lifecycle_manager_localization]: [34m[1mManaged nodes have been reset[0m[0m
[component_container_isolated-2] [INFO] [1790760291.764243104] [docking_server]: Destroying bond (docking_server) to lifecycle manager.
[component_container_isolated-2] [INFO] [1790760291.893102225] [lifecycle_manager_navigation]: [34m[1mDeactivating waypoint_follower[0m[0m
[component_container_isolated-2] [INFO] [1790760291.893554565] [waypoint_follower]: Deactivating
[component_container_isolated-2] [INFO] [1790760291.893651669] [waypoint_follower]: Destroying bond (waypoint_follower) to lifecycle manager.
[component_container_isolated-2] [INFO] [1790760291.927187499] [controller_server]: Destroying bond (controller_server) to lifecycle manager.
[component_container_isolated-2] [INFO] [1790760291.927256484] [map_server]: Running Nav2 LifecycleNode rcl preshutdown (map_server)
[component_container_isolated-2] [INFO] [1790760291.927272887] [map_server]: Destroying bond (map_server) to lifecycle manager.
[component_container_isolated-2] [INFO] [1790760291.927287040] [lifecycle_manager_localization]: Running Nav2 LifecycleManager rcl preshutdown (lifecycle_manager_localization)
[component_container_isolated-2] [INFO] [1790760291.947994461] [smoother_server]: Running Nav2 LifecycleNode rcl preshutdown (smoother_server)
[component_container_isolated-2] [INFO] [1790760291.948095689] [smoother_server]: Deactivating
[component_container_isolated-2] [INFO] [1790760291.948118934] [smoother_server]: Destroying bond (smoother_server) to lifecycle manager.
[component_container_isolated-2] [INFO] [1790760291.959211938] [smoother_server]: Cleaning up
[component_container_isolated-2] [INFO] [1790760292.012025999] [smoother_server]: Destroying bond (smoother_server) to lifecycle manager.
[component_container_isolated-2] [INFO] [1790760292.012083268] [planner_server]: Running Nav2 LifecycleNode rcl preshutdown (planner_server)
[component_container_isolated-2] [INFO] [1790760292.012118416] [planner_server]: Deactivating
[component_container_isolated-2] [INFO] [1790760292.012153659] [global_costmap.global_costmap]: Deactivating
[component_container_isolated-2] [INFO] [1790760292.023552783] [lifecycle_manager_navigation]: [34m[1mDeactivating bt_navigator[0m[0m
[component_container_isolated-2] [INFO] [1790760292.024390258] [bt_navigator]: Deactivating
[component_container_isolated-2] [INFO] [1790760292.024535539] [bt_navigator]: Destroying bond (bt_navigator) to lifecycle manager.
[component_container_isolated-2] [INFO] [1790760292.144492870] [lifecycle_manager_navigation]: [34m[1mDeactivating collision_monitor[0m[0m
[component_container_isolated-2] [INFO] [1790760292.145029004] [collision_monitor]: Deactivating
[component_container_isolated-2] [INFO] [1790760292.145097427] [collision_monitor]: Destroying bond (collision_monitor) to lifecycle manager.
[component_container_isolated-2] [INFO] [1790760292.266354414] [lifecycle_manager_navigation]: [34m[1mDeactivating velocity_smoother[0m[0m
[component_container_isolated-2] [INFO] [1790760292.266963282] [velocity_smoother]: Deactivating
[component_container_isolated-2] [INFO] [1790760292.267030767] [velocity_smoother]: Destroying bond (velocity_smoother) to lifecycle manager.
[component_container_isolated-2] [INFO] [1790760292.387122975] [lifecycle_manager_navigation]: [34m[1mDeactivating behavior_server[0m[0m
[component_container_isolated-2] [INFO] [1790760292.387674293] [behavior_server]: Deactivating
[component_container_isolated-2] [INFO] [1790760292.387771678] [behavior_server]: Destroying bond (behavior_server) to lifecycle manager.
[component_container_isolated-2] [INFO] [1790760292.452600574] [planner_server]: Deactivating plugin GridBased of type NavfnPlanner
[component_container_isolated-2] [INFO] [1790760292.452673965] [planner_server]: Destroying bond (planner_server) to lifecycle manager.
[component_container_isolated-2] [INFO] [1790760292.462967548] [planner_server]: Cleaning up
[component_container_isolated-2] [INFO] [1790760292.515399004] [lifecycle_manager_navigation]: [34m[1mDeactivating route_server[0m[0m
[component_container_isolated-2] [INFO] [1790760292.516065235] [route_server]: Deactivating
[component_container_isolated-2] [INFO] [1790760292.516152591] [route_server]: Destroying bond (route_server) to lifecycle manager.
[component_container_isolated-2] [INFO] [1790760292.533055523] [global_costmap.global_costmap]: Cleaning up
[component_container_isolated-2] [INFO] [1790760292.559750867] [planner_server]: Cleaning up plugin GridBased of type NavfnPlanner
[component_container_isolated-2] [INFO] [1790760292.559927172] [planner_server]: Destroying plugin GridBased of type NavfnPlanner
[component_container_isolated-2] [INFO] [1790760292.641366096] [lifecycle_manager_navigation]: [34m[1mDeactivating planner_server[0m[0m
[component_container_isolated-2] [WARN] [1790760292.647738497] [rcl_lifecycle]: No transition matching 4 found for current state cleaningup
[component_container_isolated-2] [WARN] [1790760292.647783112] [rcl_lifecycle]: No transition matching 4 found for current state cleaningup
[component_container_isolated-2] [ERROR] [1790760292.647788548] [planner_server]: Unable to start transition 4 from current state cleaningup: Transition is not registered., at ./src/rcl_lifecycle.c:355
[component_container_isolated-2] [ERROR] [1790760292.648594249] [lifecycle_manager_navigation]: Failed to change state for node: planner_server
[component_container_isolated-2] [INFO] [1790760292.648637364] [lifecycle_manager_navigation]: [34m[1mDeactivating smoother_server[0m[0m
[component_container_isolated-2] [WARN] [1790760292.681633405] [rcl_lifecycle]: No transition matching 4 found for current state unconfigured
[component_container_isolated-2] [WARN] [1790760292.681673428] [rcl_lifecycle]: No transition matching 4 found for current state unconfigured
[component_container_isolated-2] [ERROR] [1790760292.681678302] [smoother_server]: Unable to start transition 4 from current state unconfigured: Transition is not registered., at ./src/rcl_lifecycle.c:355
[component_container_isolated-2] [ERROR] [1790760292.682209374] [lifecycle_manager_navigation]: Failed to change state for node: smoother_server
[component_container_isolated-2] [INFO] [1790760292.682244804] [lifecycle_manager_navigation]: [34m[1mDeactivating controller_server[0m[0m
[component_container_isolated-2] [INFO] [1790760292.699748076] [planner_server]: Destroying bond (planner_server) to lifecycle manager.
[component_container_isolated-2] [INFO] [1790760292.699859333] [route_server]: Running Nav2 LifecycleNode rcl preshutdown (route_server)
[component_container_isolated-2] [INFO] [1790760292.699881734] [route_server]: Cleaning up
[component_container_isolated-2] [WARN] [1790760292.701089441] [rcl_lifecycle]: No transition matching 4 found for current state unconfigured
[component_container_isolated-2] [WARN] [1790760292.701104157] [rcl_lifecycle]: No transition matching 4 found for current state unconfigured
[component_container_isolated-2] [ERROR] [1790760292.701107812] [controller_server]: Unable to start transition 4 from current state unconfigured: Transition is not registered., at ./src/rcl_lifecycle.c:355
[component_container_isolated-2] [ERROR] [1790760292.701703558] [lifecycle_manager_navigation]: Failed to change state for node: controller_server
[component_container_isolated-2] [INFO] [1790760292.701727928] [lifecycle_manager_navigation]: [34m[1mCleaning up docking_server[0m[0m
[component_container_isolated-2] [INFO] [1790760292.701884175] [docking_server]: Cleaning up docking_server
[component_container_isolated-2] [INFO] [1790760292.813474069] [route_server]: Destroying bond (route_server) to lifecycle manager.
[component_container_isolated-2] [INFO] [1790760292.813540054] [behavior_server]: Running Nav2 LifecycleNode rcl preshutdown (behavior_server)
[component_container_isolated-2] [INFO] [1790760292.813556082] [behavior_server]: Cleaning up
[component_container_isolated-2] [INFO] [1790760292.829979587] [behavior_server]: Destroying bond (behavior_server) to lifecycle manager.
[component_container_isolated-2] [INFO] [1790760292.830044073] [bt_navigator]: Running Nav2 LifecycleNode rcl preshutdown (bt_navigator)
[component_container_isolated-2] [INFO] [1790760292.830060851] [bt_navigator]: Cleaning up
[component_container_isolated-2] [INFO] [1790760292.917028046] [lifecycle_manager_navigation]: [34m[1mCleaning up waypoint_follower[0m[0m
[component_container_isolated-2] [INFO] [1790760292.917342134] [waypoint_follower]: Cleaning up
[component_container_isolated-2] [INFO] [1790760293.129177253] [lifecycle_manager_navigation]: [34m[1mCleaning up bt_navigator[0m[0m
[component_container_isolated-2] [WARN] [1790760293.129605879] [rcl_lifecycle]: No transition matching 2 found for current state cleaningup
[component_container_isolated-2] [WARN] [1790760293.129622000] [rcl_lifecycle]: No transition matching 2 found for current state cleaningup
[component_container_isolated-2] [ERROR] [1790760293.129629686] [bt_navigator]: Unable to start transition 2 from current state cleaningup: Transition is not registered., at ./src/rcl_lifecycle.c:355
[component_container_isolated-2] [ERROR] [1790760293.130288137] [lifecycle_manager_navigation]: Failed to change state for node: bt_navigator
[component_container_isolated-2] [INFO] [1790760293.130342781] [lifecycle_manager_navigation]: [34m[1mCleaning up collision_monitor[0m[0m
[component_container_isolated-2] [INFO] [1790760293.130677959] [collision_monitor]: Cleaning up
[component_container_isolated-2] [INFO] [1790760293.176044633] [collision_monitor]: [FootprintApproach]: Destroying Polygon
[component_container_isolated-2] [INFO] [1790760293.186822611] [collision_monitor]: [scan]: Destroying Scan
[component_container_isolated-2] [INFO] [1790760293.210478487] [lifecycle_manager_navigation]: [34m[1mCleaning up velocity_smoother[0m[0m
[component_container_isolated-2] [INFO] [1790760293.210825193] [velocity_smoother]: Cleaning up
[component_container_isolated-2] [INFO] [1790760293.223477484] [lifecycle_manager_navigation]: [34m[1mCleaning up behavior_server[0m[0m
[component_container_isolated-2] [WARN] [1790760293.223806569] [rcl_lifecycle]: No transition matching 2 found for current state unconfigured
[component_container_isolated-2] [WARN] [1790760293.223831033] [rcl_lifecycle]: No transition matching 2 found for current state unconfigured
[component_container_isolated-2] [ERROR] [1790760293.223839000] [behavior_server]: Unable to start transition 2 from current state unconfigured: Transition is not registered., at ./src/rcl_lifecycle.c:355
[component_container_isolated-2] [INFO] [1790760293.224265282] [lifecycle_manager_navigation]: [34m[1mCleaning up route_server[0m[0m
[component_container_isolated-2] Magick: abort due to signal 11 (SIGSEGV) "Segmentation Fault"...
[ERROR] [component_container_isolated-2]: process[component_container_isolated-2] failed to terminate '5' seconds after receiving 'SIGINT', escalating to 'SIGTERM'
[ERROR] [rviz2-1]: process[rviz2-1] failed to terminate '5' seconds after receiving 'SIGINT', escalating to 'SIGTERM'
[INFO] [component_container_isolated-2]: sending signal 'SIGTERM' to process[component_container_isolated-2]
[INFO] [rviz2-1]: sending signal 'SIGTERM' to process[rviz2-1]
[rviz2-1] [INFO] [1790760296.355553324] [rclcpp]: signal_handler(SIGINT/SIGTERM)
[ERROR] [component_container_isolated-2]: process has died [pid 562, exit code -6, cmd '/opt/ros/jazzy/lib/rclcpp_components/component_container_isolated --ros-args --log-level info --ros-args -r __node:=nav2_container --params-file /tmp/launch_params_2prj5prp --params-file /tmp/launch_params_ts4z_8y3 -r /tf:=tf -r /tf_static:=tf_static'].
[ERROR] [rviz2-1]: process[rviz2-1] failed to terminate '10.0' seconds after receiving 'SIGTERM', escalating to 'SIGKILL'
[INFO] [rviz2-1]: sending signal 'SIGKILL' to process[rviz2-1]
[ERROR] [rviz2-1]: process has died [pid 559, exit code -9, cmd '/opt/ros/jazzy/lib/rviz2/rviz2 -d /home/administrator/robotics/vendor/isaac-ros-6.1/jazzy_ws/install/carter_navigation/share/carter_navigation/rviz2/carter_navigation.rviz --ros-args --params-file /tmp/launch_params_oekc6vaa'].
[ERROR] [launch]: Caught exception in launch (see debug for traceback): Cannot shutdown a ROS adapter that is not running
