doctor_watch_pause.sh start 2026-09-29T23:44:37-07:00 deadline=1800s
2026-09-29T23:44:42-07:00 try 1: doctor exit 0 (verdict: healthy (exit 0); window 3.05 s wall)
2026-09-29T23:44:47-07:00 try 2: doctor exit 0 (verdict: healthy (exit 0); window 3.00 s wall)
2026-09-29T23:44:53-07:00 try 3: doctor exit 0 (verdict: healthy (exit 0); window 3.02 s wall)
2026-09-29T23:44:58-07:00 try 4: doctor exit 0 (verdict: healthy (exit 0); window 3.00 s wall)
2026-09-29T23:45:05-07:00 try 5: doctor exit 0 (verdict: healthy (exit 0); window 3.00 s wall)
2026-09-29T23:45:11-07:00 try 6: doctor exit 0 (verdict: healthy (exit 0); window 3.02 s wall)
2026-09-29T23:45:16-07:00 try 7: doctor exit 0 (verdict: healthy (exit 0); window 3.03 s wall)
2026-09-29T23:45:22-07:00 try 8: doctor exit 0 (verdict: healthy (exit 0); window 3.01 s wall)
2026-09-29T23:45:27-07:00 try 9: doctor exit 0 (verdict: healthy (exit 0); window 3.01 s wall)
2026-09-29T23:45:32-07:00 try 10: doctor exit 0 (verdict: healthy (exit 0); window 3.00 s wall)
2026-09-29T23:45:40-07:00 try 11: doctor exit 0 (verdict: healthy (exit 0); window 3.01 s wall)
2026-09-29T23:45:45-07:00 try 12: doctor exit 0 (verdict: healthy (exit 0); window 3.00 s wall)
2026-09-29T23:45:50-07:00 try 13: doctor exit 0 (verdict: healthy (exit 0); window 3.01 s wall)
2026-09-29T23:45:56-07:00 try 14: doctor exit 0 (verdict: healthy (exit 0); window 3.01 s wall)
2026-09-29T23:46:01-07:00 try 15: doctor exit 0 (verdict: healthy (exit 0); window 3.04 s wall)
2026-09-29T23:46:08-07:00 try 16: doctor exit 12 (verdict: degraded (exit 12); window 3.02 s wall)
2026-09-29T23:46:14-07:00 try 17: doctor exit 0 (verdict: healthy (exit 0); window 3.02 s wall)
2026-09-29T23:46:19-07:00 try 18: doctor exit 0 (verdict: healthy (exit 0); window 3.04 s wall)
2026-09-29T23:46:25-07:00 try 19: doctor exit 0 (verdict: healthy (exit 0); window 3.03 s wall)
2026-09-29T23:46:30-07:00 try 20: doctor exit 0 (verdict: healthy (exit 0); window 3.03 s wall)
2026-09-29T23:46:36-07:00 try 21: doctor exit 0 (verdict: healthy (exit 0); window 3.00 s wall)
2026-09-29T23:46:43-07:00 try 22: doctor exit 0 (verdict: healthy (exit 0); window 3.02 s wall)
2026-09-29T23:46:48-07:00 try 23: doctor exit 0 (verdict: healthy (exit 0); window 3.01 s wall)
2026-09-29T23:46:54-07:00 try 24: doctor exit 0 (verdict: healthy (exit 0); window 3.00 s wall)
2026-09-29T23:46:59-07:00 try 25: doctor exit 0 (verdict: healthy (exit 0); window 3.03 s wall)
2026-09-29T23:47:04-07:00 try 26: doctor exit 0 (verdict: healthy (exit 0); window 3.00 s wall)
2026-09-29T23:47:12-07:00 try 27: doctor exit 0 (verdict: healthy (exit 0); window 3.01 s wall)
2026-09-29T23:47:17-07:00 try 28: doctor exit 0 (verdict: healthy (exit 0); window 3.00 s wall)
2026-09-29T23:47:23-07:00 try 29: doctor exit 0 (verdict: healthy (exit 0); window 3.02 s wall)
2026-09-29T23:47:28-07:00 try 30: doctor exit 0 (verdict: healthy (exit 0); window 3.00 s wall)
2026-09-29T23:47:33-07:00 try 31: doctor exit 0 (verdict: healthy (exit 0); window 3.05 s wall)
2026-09-29T23:47:39-07:00 try 32: doctor exit 0 (verdict: healthy (exit 0); window 3.03 s wall)
2026-09-29T23:47:46-07:00 try 33: doctor exit 0 (verdict: healthy (exit 0); window 3.04 s wall)
2026-09-29T23:47:52-07:00 try 34: doctor exit 0 (verdict: healthy (exit 0); window 3.00 s wall)
2026-09-29T23:47:57-07:00 try 35: doctor exit 0 (verdict: healthy (exit 0); window 3.03 s wall)
2026-09-29T23:48:03-07:00 try 36: doctor exit 0 (verdict: healthy (exit 0); window 3.04 s wall)
2026-09-29T23:48:08-07:00 try 37: doctor exit 0 (verdict: healthy (exit 0); window 3.03 s wall)
2026-09-29T23:48:15-07:00 try 38: doctor exit 0 (verdict: healthy (exit 0); window 3.01 s wall)
2026-09-29T23:48:21-07:00 try 39: doctor exit 0 (verdict: healthy (exit 0); window 3.02 s wall)
2026-09-29T23:48:26-07:00 try 40: doctor exit 0 (verdict: healthy (exit 0); window 3.02 s wall)
2026-09-29T23:48:31-07:00 try 41: doctor exit 0 (verdict: healthy (exit 0); window 3.00 s wall)
2026-09-29T23:48:37-07:00 try 42: doctor exit 0 (verdict: healthy (exit 0); window 3.00 s wall)
2026-09-29T23:48:42-07:00 try 43: doctor exit 0 (verdict: healthy (exit 0); window 3.00 s wall)
2026-09-29T23:48:48-07:00 try 44: doctor exit 10 (verdict: sim_not_advancing (exit 10); window 2.01 s wall)
2026-09-29T23:48:48-07:00 captured paused (exit 10)
2026-09-29T23:48:52-07:00 try 1: doctor exit 10 (verdict: sim_not_advancing (exit 10); window 2.02 s wall)
2026-09-29T23:48:56-07:00 try 2: doctor exit 10 (verdict: sim_not_advancing (exit 10); window 2.02 s wall)
2026-09-29T23:49:00-07:00 try 3: doctor exit 10 (verdict: sim_not_advancing (exit 10); window 2.01 s wall)
2026-09-29T23:49:05-07:00 try 4: doctor exit 10 (verdict: sim_not_advancing (exit 10); window 2.01 s wall)
2026-09-29T23:49:10-07:00 try 5: doctor exit 0 (verdict: healthy (exit 0); window 3.02 s wall)
2026-09-29T23:49:10-07:00 captured resumed (exit 0)
doctor_watch_pause.sh end 2026-09-29T23:49:10-07:00: paused and resumed runs captured
