[WARN] [ros2bag]: Positional "topics" argument deprecated. Please use optional "--topics" argument instead.
stdin is not a terminal device. Keyboard handling disabled.[INFO] [1790756698.135898126] [rosbag2_recorder]: Press SPACE for pausing/resuming
[INFO] [1790756698.135935719] [rosbag2_recorder]: Event publisher thread: Started
[INFO] [1790756698.151031147] [rosbag2_recorder]: Starting recording to '/home/administrator/robosim_bags/cancel-20260930-012426-20260930-012457'
[INFO] [1790756698.153479648] [rosbag2_recorder]: Listening for topics...
[INFO] [1790756698.153772047] [rosbag2_recorder]: Recording...
[INFO] [1790756698.153597957] [rosbag2_recorder]: Topics discovery started.
[INFO] [1790756698.234203564] [rosbag2_recorder]: Subscribed to topic '/chassis/odom'
[INFO] [1790756698.247438759] [rosbag2_recorder]: Subscribed to topic '/tf'
[INFO] [1790756698.253515479] [rosbag2_recorder]: Subscribed to topic '/initialpose'
[INFO] [1790756698.260312275] [rosbag2_recorder]: Subscribed to topic '/scan'
[INFO] [1790756698.406102287] [rosbag2_recorder]: Subscribed to topic '/amcl_pose'
[INFO] [1790756698.925553328] [rosbag2_recorder]: Subscribed to topic '/plan'
[INFO] [1790756698.948865360] [rosbag2_recorder]: Subscribed to topic '/cmd_vel'
[WARN] [1790756698.952592672] [rosbag2_cpp]: Message definition for topic '/navigate_to_pose/_action/status' with type 'action_msgs/msg/GoalStatusArray' not found. Message definition will be left empty in bag.
[INFO] [1790756698.960629374] [rosbag2_recorder]: Subscribed to topic '/navigate_to_pose/_action/status'
[WARN] [1790756698.961219984] [rosbag2_cpp]: Message definition for topic '/navigate_to_pose/_action/feedback' with type 'nav2_msgs/action/NavigateToPose_FeedbackMessage' not found. Message definition will be left empty in bag.
[INFO] [1790756698.970212255] [rosbag2_recorder]: Subscribed to topic '/navigate_to_pose/_action/feedback'
[INFO] [1790756699.078239789] [rosbag2_recorder]: Subscribed to topic '/clock'
[INFO] [1790756721.514321690] [rosbag2_recorder]: Topics discovery stopped.
[INFO] [1790756721.516066804] [rosbag2_recorder]: Pausing recording.
[INFO] [1790756721.539075981] [rosbag2_cpp]: Writing remaining messages from cache to the bag. It may take a while
[INFO] [1790756721.545898368] [rosbag2_recorder]: Recording stopped
[INFO] [1790756721.546267597] [rosbag2_recorder]: Event publisher thread: Exited
