[WARN] [ros2bag]: Positional "topics" argument deprecated. Please use optional "--topics" argument instead.
stdin is not a terminal device. Keyboard handling disabled.[INFO] [1790760053.664645712] [rosbag2_recorder]: Press SPACE for pausing/resuming
[INFO] [1790760053.664743781] [rosbag2_recorder]: Event publisher thread: Started
[INFO] [1790760053.682219326] [rosbag2_recorder]: Starting recording to '/home/administrator/robosim_bags/normal-20260930-022017-20260930-022053'
[INFO] [1790760053.686424763] [rosbag2_recorder]: Listening for topics...
[INFO] [1790760053.686778576] [rosbag2_recorder]: Recording...
[INFO] [1790760053.686559527] [rosbag2_recorder]: Topics discovery started.
[INFO] [1790760053.760178283] [rosbag2_recorder]: Subscribed to topic '/initialpose'
[INFO] [1790760053.775418813] [rosbag2_recorder]: Subscribed to topic '/chassis/odom'
[INFO] [1790760053.778539992] [rosbag2_recorder]: Subscribed to topic '/clock'
[INFO] [1790760053.784971782] [rosbag2_recorder]: Subscribed to topic '/tf'
[INFO] [1790760053.794920567] [rosbag2_recorder]: Subscribed to topic '/scan'
[INFO] [1790760054.022501345] [rosbag2_recorder]: Subscribed to topic '/amcl_pose'
[INFO] [1790760054.303226907] [rosbag2_recorder]: Subscribed to topic '/plan'
[INFO] [1790760054.333426145] [rosbag2_recorder]: Subscribed to topic '/cmd_vel'
[WARN] [1790760054.339048420] [rosbag2_cpp]: Message definition for topic '/navigate_to_pose/_action/status' with type 'action_msgs/msg/GoalStatusArray' not found. Message definition will be left empty in bag.
[INFO] [1790760054.344945345] [rosbag2_recorder]: Subscribed to topic '/navigate_to_pose/_action/status'
[WARN] [1790760054.345683707] [rosbag2_cpp]: Message definition for topic '/navigate_to_pose/_action/feedback' with type 'nav2_msgs/action/NavigateToPose_FeedbackMessage' not found. Message definition will be left empty in bag.
[INFO] [1790760054.358966480] [rosbag2_recorder]: Subscribed to topic '/navigate_to_pose/_action/feedback'
[INFO] [1790760122.295282427] [rosbag2_recorder]: Topics discovery stopped.
[INFO] [1790760122.295734650] [rosbag2_recorder]: Pausing recording.
[INFO] [1790760122.295952776] [rosbag2_cpp]: Writing remaining messages from cache to the bag. It may take a while
[INFO] [1790760122.303958377] [rosbag2_recorder]: Recording stopped
[INFO] [1790760122.321491480] [rosbag2_recorder]: Event publisher thread: Exited
