[WARN] [ros2bag]: Positional "topics" argument deprecated. Please use optional "--topics" argument instead.
stdin is not a terminal device. Keyboard handling disabled.[INFO] [1790758914.321206014] [rosbag2_recorder]: Press SPACE for pausing/resuming
[INFO] [1790758914.321220810] [rosbag2_recorder]: Event publisher thread: Started
[INFO] [1790758914.334194871] [rosbag2_recorder]: Starting recording to '/home/administrator/robosim_bags/normal-20260930-020110-20260930-020153'
[INFO] [1790758914.336973492] [rosbag2_recorder]: Listening for topics...
[INFO] [1790758914.337277516] [rosbag2_recorder]: Recording...
[INFO] [1790758914.337091011] [rosbag2_recorder]: Topics discovery started.
[INFO] [1790758914.416029807] [rosbag2_recorder]: Subscribed to topic '/chassis/odom'
[INFO] [1790758914.426707199] [rosbag2_recorder]: Subscribed to topic '/tf'
[INFO] [1790758914.432594758] [rosbag2_recorder]: Subscribed to topic '/scan'
[INFO] [1790758914.440802830] [rosbag2_recorder]: Subscribed to topic '/clock'
[INFO] [1790758914.447392018] [rosbag2_recorder]: Subscribed to topic '/initialpose'
[INFO] [1790758914.470274271] [rosbag2_recorder]: Subscribed to topic '/amcl_pose'
[INFO] [1790758914.657262640] [rosbag2_recorder]: Subscribed to topic '/plan'
[INFO] [1790758914.676332251] [rosbag2_recorder]: Subscribed to topic '/cmd_vel'
[WARN] [1790758914.678717979] [rosbag2_cpp]: Message definition for topic '/navigate_to_pose/_action/status' with type 'action_msgs/msg/GoalStatusArray' not found. Message definition will be left empty in bag.
[INFO] [1790758914.682750580] [rosbag2_recorder]: Subscribed to topic '/navigate_to_pose/_action/status'
[WARN] [1790758914.683204636] [rosbag2_cpp]: Message definition for topic '/navigate_to_pose/_action/feedback' with type 'nav2_msgs/action/NavigateToPose_FeedbackMessage' not found. Message definition will be left empty in bag.
[INFO] [1790758914.693885892] [rosbag2_recorder]: Subscribed to topic '/navigate_to_pose/_action/feedback'
[INFO] [1790758981.275163093] [rosbag2_recorder]: Topics discovery stopped.
[INFO] [1790758981.275564404] [rosbag2_recorder]: Pausing recording.
[INFO] [1790758981.275800851] [rosbag2_cpp]: Writing remaining messages from cache to the bag. It may take a while
[INFO] [1790758981.282412900] [rosbag2_recorder]: Recording stopped
[INFO] [1790758981.306887420] [rosbag2_recorder]: Event publisher thread: Exited
