[INFO] [launch]: All log files can be found below /home/administrator/.ros/log/2026-09-30-01-05-20-613520-WIN-THIV01L0JAE-78460
[INFO] [launch]: Default logging verbosity is set to INFO
[INFO] [rviz2-1]: process started with pid [78484]
[INFO] [component_container_isolated-2]: process started with pid [78487]
[INFO] [pointcloud_to_laserscan_node-3]: process started with pid [78488]
[component_container_isolated-2] [INFO] [1790755521.738861469] [nav2_container]: Load Library: /opt/ros/jazzy/lib/libamcl_core.so
[component_container_isolated-2] [INFO] [1790755521.748085499] [nav2_container]: Found class: rclcpp_components::NodeFactoryTemplate<nav2_amcl::AmclNode>
[component_container_isolated-2] [INFO] [1790755521.748177936] [nav2_container]: Instantiate class: rclcpp_components::NodeFactoryTemplate<nav2_amcl::AmclNode>
[component_container_isolated-2] [INFO] [1790755521.787789640] [amcl]: 
[component_container_isolated-2] 	amcl lifecycle node launched. 
[component_container_isolated-2] 	Waiting on external lifecycle transitions to activate
[component_container_isolated-2] 	See https://design.ros2.org/articles/node_lifecycle.html for more information.
[component_container_isolated-2] [INFO] [1790755521.788131838] [amcl]: Creating
[component_container_isolated-2] [INFO] [1790755521.792128949] [nav2_container]: Load Library: /opt/ros/jazzy/lib/libmap_server_core.so
[INFO] [launch_ros.actions.load_composable_nodes]: Loaded node '/amcl' in container '/nav2_container'
[component_container_isolated-2] [INFO] [1790755521.803655084] [nav2_container]: Found class: rclcpp_components::NodeFactoryTemplate<nav2_map_server::CostmapFilterInfoServer>
[component_container_isolated-2] [INFO] [1790755521.803781093] [nav2_container]: Found class: rclcpp_components::NodeFactoryTemplate<nav2_map_server::MapSaver>
[component_container_isolated-2] [INFO] [1790755521.803788334] [nav2_container]: Found class: rclcpp_components::NodeFactoryTemplate<nav2_map_server::MapServer>
[component_container_isolated-2] [INFO] [1790755521.803792753] [nav2_container]: Instantiate class: rclcpp_components::NodeFactoryTemplate<nav2_map_server::MapServer>
[rviz2-1] [INFO] [1790755521.815308168] [rviz2]: Stereo is NOT SUPPORTED
[rviz2-1] [INFO] [1790755521.815419225] [rviz2]: OpenGl version: 4.5 (GLSL 4.5)
[component_container_isolated-2] [INFO] [1790755521.834556478] [map_server]: 
[component_container_isolated-2] 	map_server lifecycle node launched. 
[INFO] [launch_ros.actions.load_composable_nodes]: Loaded node '/map_server' in container '/nav2_container'
[component_container_isolated-2] 	Waiting on external lifecycle transitions to activate
[component_container_isolated-2] 	See https://design.ros2.org/articles/node_lifecycle.html for more information.
[component_container_isolated-2] [INFO] [1790755521.834629732] [map_server]: Creating
[component_container_isolated-2] [INFO] [1790755521.835263632] [nav2_container]: Load Library: /opt/ros/jazzy/lib/libcontroller_server_core.so
[component_container_isolated-2] [INFO] [1790755521.838229163] [nav2_container]: Found class: rclcpp_components::NodeFactoryTemplate<nav2_controller::ControllerServer>
[component_container_isolated-2] [INFO] [1790755521.838280977] [nav2_container]: Instantiate class: rclcpp_components::NodeFactoryTemplate<nav2_controller::ControllerServer>
[component_container_isolated-2] [INFO] [1790755521.869710198] [controller_server]: 
[component_container_isolated-2] 	controller_server lifecycle node launched. 
[component_container_isolated-2] 	Waiting on external lifecycle transitions to activate
[component_container_isolated-2] 	See https://design.ros2.org/articles/node_lifecycle.html for more information.
[component_container_isolated-2] [INFO] [1790755521.872748796] [controller_server]: Creating controller server
[rviz2-1] [INFO] [1790755521.873899425] [rviz2]: Stereo is NOT SUPPORTED
[component_container_isolated-2] [INFO] [1790755521.909213195] [local_costmap.local_costmap]: 
[component_container_isolated-2] 	local_costmap lifecycle node launched. 
[component_container_isolated-2] 	Waiting on external lifecycle transitions to activate
[component_container_isolated-2] 	See https://design.ros2.org/articles/node_lifecycle.html for more information.
[component_container_isolated-2] [INFO] [1790755521.910217315] [local_costmap.local_costmap]: Creating Costmap
[INFO] [launch_ros.actions.load_composable_nodes]: Loaded node '/controller_server' in container '/nav2_container'
[component_container_isolated-2] [INFO] [1790755521.917668477] [nav2_container]: Load Library: /opt/ros/jazzy/lib/libnav2_lifecycle_manager_core.so
[component_container_isolated-2] [INFO] [1790755521.918983482] [nav2_container]: Found class: rclcpp_components::NodeFactoryTemplate<nav2_lifecycle_manager::LifecycleManager>
[component_container_isolated-2] [INFO] [1790755521.919015548] [nav2_container]: Instantiate class: rclcpp_components::NodeFactoryTemplate<nav2_lifecycle_manager::LifecycleManager>
[component_container_isolated-2] [INFO] [1790755521.948201060] [lifecycle_manager_localization]: Creating
[INFO] [launch_ros.actions.load_composable_nodes]: Loaded node '/lifecycle_manager_localization' in container '/nav2_container'
[component_container_isolated-2] [INFO] [1790755521.954816709] [lifecycle_manager_localization]: [34m[1mCreating and initializing lifecycle service clients[0m[0m
[component_container_isolated-2] [INFO] [1790755521.954829780] [nav2_container]: Load Library: /opt/ros/jazzy/lib/libsmoother_server_core.so
[component_container_isolated-2] [INFO] [1790755521.956799560] [nav2_container]: Found class: rclcpp_components::NodeFactoryTemplate<nav2_smoother::SmootherServer>
[component_container_isolated-2] [INFO] [1790755521.956838961] [nav2_container]: Instantiate class: rclcpp_components::NodeFactoryTemplate<nav2_smoother::SmootherServer>
[rviz2-1] [INFO] [1790755521.962307084] [rviz]: Subscribing to: /front_3d_lidar/lidar_points
[rviz2-1] 
[component_container_isolated-2] [INFO] [1790755521.975310625] [lifecycle_manager_localization]: [34m[1mStarting managed nodes bringup...[0m[0m
[component_container_isolated-2] [INFO] [1790755521.975382092] [lifecycle_manager_localization]: [34m[1mConfiguring map_server[0m[0m
[component_container_isolated-2] [INFO] [1790755521.975637965] [map_server]: Configuring
[component_container_isolated-2] [INFO] [1790755521.975742534] [map_io]: Loading yaml file: /home/administrator/robotics/vendor/isaac-ros-6.1/jazzy_ws/install/carter_navigation/share/carter_navigation/maps/carter_warehouse_navigation.yaml
[component_container_isolated-2] [INFO] [1790755521.975975556] [map_io]: resolution: 0.05
[component_container_isolated-2] [INFO] [1790755521.975983173] [map_io]: origin[0]: -11.975
[component_container_isolated-2] [INFO] [1790755521.976018813] [map_io]: origin[1]: -17.975
[component_container_isolated-2] [INFO] [1790755521.976021446] [map_io]: origin[2]: 0
[component_container_isolated-2] [INFO] [1790755521.976023985] [map_io]: free_thresh: 0.196
[component_container_isolated-2] [INFO] [1790755521.976033576] [map_io]: occupied_thresh: 0.65
[component_container_isolated-2] [INFO] [1790755521.976038372] [map_io]: mode: trinary
[component_container_isolated-2] [INFO] [1790755521.976041381] [map_io]: negate: 0
[component_container_isolated-2] [INFO] [1790755521.976275156] [map_io]: Loading image_file: /home/administrator/robotics/vendor/isaac-ros-6.1/jazzy_ws/install/carter_navigation/share/carter_navigation/maps/carter_warehouse_navigation.png
[rviz2-1] [INFO] [1790755522.009816716] [rviz]: Subscribing to: /mobile_base/sensors/bumper_pointcloud
[rviz2-1] 
[rviz2-1] [INFO] [1790755522.014218841] [rviz]: Subscribing to: /mobile_base/sensors/bumper_pointcloud
[rviz2-1] 
[component_container_isolated-2] [INFO] [1790755522.018418413] [map_io]: Read map /home/administrator/robotics/vendor/isaac-ros-6.1/jazzy_ws/install/carter_navigation/share/carter_navigation/maps/carter_warehouse_navigation.png: 480 X 776 map @ 0.05 m/cell
[component_container_isolated-2] [INFO] [1790755522.040199217] [lifecycle_manager_localization]: [34m[1mConfiguring amcl[0m[0m
[component_container_isolated-2] [INFO] [1790755522.040585424] [amcl]: Configuring
[component_container_isolated-2] [INFO] [1790755522.040716229] [amcl]: initTransforms
[component_container_isolated-2] [INFO] [1790755522.044916835] [smoother_server]: 
[component_container_isolated-2] 	smoother_server lifecycle node launched. 
[component_container_isolated-2] 	Waiting on external lifecycle transitions to activate
[component_container_isolated-2] 	See https://design.ros2.org/articles/node_lifecycle.html for more information.
[component_container_isolated-2] [INFO] [1790755522.045951987] [smoother_server]: Creating smoother server
[INFO] [launch_ros.actions.load_composable_nodes]: Loaded node '/smoother_server' in container '/nav2_container'
[component_container_isolated-2] [INFO] [1790755522.051470513] [nav2_container]: Load Library: /opt/ros/jazzy/lib/libplanner_server_core.so
[component_container_isolated-2] [INFO] [1790755522.052843915] [nav2_container]: Found class: rclcpp_components::NodeFactoryTemplate<nav2_planner::PlannerServer>
[component_container_isolated-2] [INFO] [1790755522.052943781] [nav2_container]: Instantiate class: rclcpp_components::NodeFactoryTemplate<nav2_planner::PlannerServer>
[component_container_isolated-2] [INFO] [1790755522.059362706] [amcl]: initPubSub
[component_container_isolated-2] [INFO] [1790755522.079148151] [amcl]: Subscribed to map topic.
[component_container_isolated-2] [INFO] [1790755522.096716219] [lifecycle_manager_localization]: [34m[1mActivating map_server[0m[0m
[component_container_isolated-2] [INFO] [1790755522.097080892] [map_server]: Activating
[component_container_isolated-2] [INFO] [1790755522.097940667] [amcl]: Received a 480 X 776 map @ 0.050 m/pix
[component_container_isolated-2] [INFO] [1790755522.098388092] [map_server]: Creating bond (map_server) to lifecycle manager.
[pointcloud_to_laserscan_node-3] [INFO] [1790755522.124247724] [pointcloud_to_laserscan]: Got a subscriber to laserscan, starting pointcloud subscriber
[component_container_isolated-2] [INFO] [1790755522.128125785] [planner_server]: 
[component_container_isolated-2] 	planner_server lifecycle node launched. 
[component_container_isolated-2] 	Waiting on external lifecycle transitions to activate
[component_container_isolated-2] 	See https://design.ros2.org/articles/node_lifecycle.html for more information.
[component_container_isolated-2] [INFO] [1790755522.129186798] [planner_server]: Creating
[rviz2-1] [INFO] [1790755522.170909148] [rviz]: Subscribing to: /front_3d_lidar/lidar_points
[rviz2-1] 
[component_container_isolated-2] [INFO] [1790755522.174210296] [global_costmap.global_costmap]: 
[component_container_isolated-2] 	global_costmap lifecycle node launched. 
[component_container_isolated-2] 	Waiting on external lifecycle transitions to activate
[component_container_isolated-2] 	See https://design.ros2.org/articles/node_lifecycle.html for more information.
[component_container_isolated-2] [INFO] [1790755522.175030199] [global_costmap.global_costmap]: Creating Costmap
[INFO] [launch_ros.actions.load_composable_nodes]: Loaded node '/planner_server' in container '/nav2_container'
[rviz2-1] [INFO] [1790755522.181543348] [rviz]: Subscribing to: /mobile_base/sensors/bumper_pointcloud
[rviz2-1] 
[component_container_isolated-2] [INFO] [1790755522.183237413] [nav2_container]: Load Library: /opt/ros/jazzy/lib/libroute_server_core.so
[component_container_isolated-2] [INFO] [1790755522.185550803] [nav2_container]: Found class: rclcpp_components::NodeFactoryTemplate<nav2_route::RouteServer>
[component_container_isolated-2] [INFO] [1790755522.185600924] [nav2_container]: Instantiate class: rclcpp_components::NodeFactoryTemplate<nav2_route::RouteServer>
[component_container_isolated-2] [INFO] [1790755522.215450521] [lifecycle_manager_localization]: Server map_server connected with bond.
[component_container_isolated-2] [INFO] [1790755522.215541830] [lifecycle_manager_localization]: [34m[1mActivating amcl[0m[0m
[component_container_isolated-2] [INFO] [1790755522.215903212] [amcl]: Activating
[component_container_isolated-2] [INFO] [1790755522.215968849] [amcl]: initialPoseReceived
[component_container_isolated-2] [INFO] [1790755522.216013705] [amcl]: Setting pose (5.350000): -6.000 -1.000 3.142
[component_container_isolated-2] [INFO] [1790755522.216586575] [amcl]: Creating bond (amcl) to lifecycle manager.
[component_container_isolated-2] [INFO] [1790755522.252898541] [route_server]: 
[INFO] [launch_ros.actions.load_composable_nodes]: Loaded node '/route_server' in container '/nav2_container'
[component_container_isolated-2] 	route_server lifecycle node launched. 
[component_container_isolated-2] 	Waiting on external lifecycle transitions to activate
[component_container_isolated-2] 	See https://design.ros2.org/articles/node_lifecycle.html for more information.
[component_container_isolated-2] [INFO] [1790755522.256811677] [nav2_container]: Load Library: /opt/ros/jazzy/lib/libbehavior_server_core.so
[component_container_isolated-2] [INFO] [1790755522.258137026] [nav2_container]: Found class: rclcpp_components::NodeFactoryTemplate<behavior_server::BehaviorServer>
[component_container_isolated-2] [INFO] [1790755522.258182352] [nav2_container]: Instantiate class: rclcpp_components::NodeFactoryTemplate<behavior_server::BehaviorServer>
[component_container_isolated-2] [INFO] [1790755522.315375099] [behavior_server]: 
[component_container_isolated-2] 	behavior_server lifecycle node launched. 
[component_container_isolated-2] 	Waiting on external lifecycle transitions to activate
[component_container_isolated-2] 	See https://design.ros2.org/articles/node_lifecycle.html for more information.
[INFO] [launch_ros.actions.load_composable_nodes]: Loaded node '/behavior_server' in container '/nav2_container'
[component_container_isolated-2] [INFO] [1790755522.322940609] [nav2_container]: Load Library: /opt/ros/jazzy/lib/libbt_navigator_core.so
[component_container_isolated-2] [INFO] [1790755522.324972924] [lifecycle_manager_localization]: Server amcl connected with bond.
[component_container_isolated-2] [INFO] [1790755522.325052479] [lifecycle_manager_localization]: [34m[1mManaged nodes are active[0m[0m
[component_container_isolated-2] [INFO] [1790755522.325076270] [lifecycle_manager_localization]: [34m[1mCreating bond timer...[0m[0m
[component_container_isolated-2] [INFO] [1790755522.326321782] [nav2_container]: Found class: rclcpp_components::NodeFactoryTemplate<nav2_bt_navigator::BtNavigator>
[component_container_isolated-2] [INFO] [1790755522.326352062] [nav2_container]: Instantiate class: rclcpp_components::NodeFactoryTemplate<nav2_bt_navigator::BtNavigator>
[component_container_isolated-2] [INFO] [1790755522.375205662] [bt_navigator]: 
[component_container_isolated-2] 	bt_navigator lifecycle node launched. 
[component_container_isolated-2] 	Waiting on external lifecycle transitions to activate
[component_container_isolated-2] 	See https://design.ros2.org/articles/node_lifecycle.html for more information.
[component_container_isolated-2] [INFO] [1790755522.376375380] [bt_navigator]: Creating
[INFO] [launch_ros.actions.load_composable_nodes]: Loaded node '/bt_navigator' in container '/nav2_container'
[component_container_isolated-2] [INFO] [1790755522.380195233] [nav2_container]: Load Library: /opt/ros/jazzy/lib/libwaypoint_follower_core.so
[component_container_isolated-2] [INFO] [1790755522.382138589] [nav2_container]: Found class: rclcpp_components::NodeFactoryTemplate<nav2_waypoint_follower::WaypointFollower>
[component_container_isolated-2] [INFO] [1790755522.382196233] [nav2_container]: Instantiate class: rclcpp_components::NodeFactoryTemplate<nav2_waypoint_follower::WaypointFollower>
[rviz2-1] [INFO] [1790755522.408742896] [rviz2]: Stereo is NOT SUPPORTED
[component_container_isolated-2] [INFO] [1790755522.423992590] [amcl]: createLaserObject
[component_container_isolated-2] [INFO] [1790755522.433827198] [waypoint_follower]: 
[component_container_isolated-2] 	waypoint_follower lifecycle node launched. 
[component_container_isolated-2] 	Waiting on external lifecycle transitions to activate
[component_container_isolated-2] 	See https://design.ros2.org/articles/node_lifecycle.html for more information.
[component_container_isolated-2] [INFO] [1790755522.434214252] [waypoint_follower]: Creating
[INFO] [launch_ros.actions.load_composable_nodes]: Loaded node '/waypoint_follower' in container '/nav2_container'
[component_container_isolated-2] [INFO] [1790755522.438553373] [nav2_container]: Load Library: /opt/ros/jazzy/lib/libvelocity_smoother_core.so
[component_container_isolated-2] [INFO] [1790755522.439512639] [nav2_container]: Found class: rclcpp_components::NodeFactoryTemplate<nav2_velocity_smoother::VelocitySmoother>
[component_container_isolated-2] [INFO] [1790755522.439554955] [nav2_container]: Instantiate class: rclcpp_components::NodeFactoryTemplate<nav2_velocity_smoother::VelocitySmoother>
[component_container_isolated-2] [INFO] [1790755522.495539899] [velocity_smoother]: 
[component_container_isolated-2] 	velocity_smoother lifecycle node launched. 
[INFO] [launch_ros.actions.load_composable_nodes]: Loaded node '/velocity_smoother' in container '/nav2_container'
[component_container_isolated-2] 	Waiting on external lifecycle transitions to activate
[component_container_isolated-2] 	See https://design.ros2.org/articles/node_lifecycle.html for more information.
[component_container_isolated-2] [INFO] [1790755522.499313956] [nav2_container]: Load Library: /opt/ros/jazzy/lib/libcollision_monitor_core.so
[component_container_isolated-2] [INFO] [1790755522.503208379] [nav2_container]: Found class: rclcpp_components::NodeFactoryTemplate<nav2_collision_monitor::CollisionMonitor>
[component_container_isolated-2] [INFO] [1790755522.503289909] [nav2_container]: Instantiate class: rclcpp_components::NodeFactoryTemplate<nav2_collision_monitor::CollisionMonitor>
[rviz2-1] [INFO] [1790755522.549630198] [rviz2]: Trying to create a map of size 480 x 776 using 1 swatches
[rviz2-1] [ERROR] [1790755522.556196477] [rviz2]: rviz/glsl120/indexed_8bit_image.vert
[rviz2-1] rviz/glsl120/indexed_8bit_image.frag
[rviz2-1]  GLSL link result : 
[rviz2-1] active samplers with a different type refer to the same texture image unit
[component_container_isolated-2] [INFO] [1790755522.565479280] [collision_monitor]: 
[INFO] [launch_ros.actions.load_composable_nodes]: Loaded node '/collision_monitor' in container '/nav2_container'
[component_container_isolated-2] 	collision_monitor lifecycle node launched. 
[component_container_isolated-2] 	Waiting on external lifecycle transitions to activate
[component_container_isolated-2] 	See https://design.ros2.org/articles/node_lifecycle.html for more information.
[component_container_isolated-2] [INFO] [1790755522.569031975] [nav2_container]: Load Library: /opt/ros/jazzy/lib/libopennav_docking_core.so
[component_container_isolated-2] [INFO] [1790755522.570819231] [nav2_container]: Found class: rclcpp_components::NodeFactoryTemplate<opennav_docking::DockingServer>
[component_container_isolated-2] [INFO] [1790755522.570873584] [nav2_container]: Instantiate class: rclcpp_components::NodeFactoryTemplate<opennav_docking::DockingServer>
[component_container_isolated-2] [INFO] [1790755522.630564220] [docking_server]: 
[component_container_isolated-2] 	docking_server lifecycle node launched. 
[component_container_isolated-2] 	Waiting on external lifecycle transitions to activate
[component_container_isolated-2] 	See https://design.ros2.org/articles/node_lifecycle.html for more information.
[component_container_isolated-2] [INFO] [1790755522.630633713] [docking_server]: Creating docking_server
[INFO] [launch_ros.actions.load_composable_nodes]: Loaded node '/docking_server' in container '/nav2_container'
[component_container_isolated-2] [INFO] [1790755522.638860111] [nav2_container]: Found class: rclcpp_components::NodeFactoryTemplate<nav2_lifecycle_manager::LifecycleManager>
[component_container_isolated-2] [INFO] [1790755522.638907693] [nav2_container]: Instantiate class: rclcpp_components::NodeFactoryTemplate<nav2_lifecycle_manager::LifecycleManager>
[component_container_isolated-2] [INFO] [1790755522.687446647] [lifecycle_manager_navigation]: Creating
[INFO] [launch_ros.actions.load_composable_nodes]: Loaded node '/lifecycle_manager_navigation' in container '/nav2_container'
[component_container_isolated-2] [INFO] [1790755522.697196435] [lifecycle_manager_navigation]: [34m[1mCreating and initializing lifecycle service clients[0m[0m
[pointcloud_to_laserscan_node-3] [WARN] [1790755522.714141887] [pointcloud_to_laserscan]: New subscription discovered on topic '/scan', requesting incompatible QoS. No messages will be sent to it. Last incompatible policy: RELIABILITY_QOS_POLICY
[component_container_isolated-2] [INFO] [1790755522.797880827] [lifecycle_manager_navigation]: [34m[1mStarting managed nodes bringup...[0m[0m
[component_container_isolated-2] [INFO] [1790755522.798002886] [lifecycle_manager_navigation]: [34m[1mConfiguring controller_server[0m[0m
[component_container_isolated-2] [INFO] [1790755522.798415706] [controller_server]: Configuring controller interface
[component_container_isolated-2] [INFO] [1790755522.798460374] [controller_server]: getting progress checker plugins..
[component_container_isolated-2] [INFO] [1790755522.799160004] [controller_server]: getting goal checker plugins..
[component_container_isolated-2] [INFO] [1790755522.799564831] [controller_server]: Controller frequency set to 20.0000Hz
[component_container_isolated-2] [INFO] [1790755522.799613636] [local_costmap.local_costmap]: Configuring
[component_container_isolated-2] [INFO] [1790755522.825385627] [local_costmap.local_costmap]: Using plugin "front_3d_lidar_layer"
[component_container_isolated-2] [INFO] [1790755522.830999881] [local_costmap.local_costmap]: Subscribed to Topics: hesai_mark
[component_container_isolated-2] [INFO] [1790755522.852782942] [local_costmap.local_costmap]: Initialized plugin "front_3d_lidar_layer"
[component_container_isolated-2] [INFO] [1790755522.852880364] [local_costmap.local_costmap]: Using plugin "front_2d_lidar_layer"
[component_container_isolated-2] [INFO] [1790755522.857323866] [local_costmap.local_costmap]: Subscribed to Topics: scan
[component_container_isolated-2] [INFO] [1790755522.871632350] [local_costmap.local_costmap]: Initialized plugin "front_2d_lidar_layer"
[component_container_isolated-2] [INFO] [1790755522.871722342] [local_costmap.local_costmap]: Using plugin "back_2d_lidar_layer"
[component_container_isolated-2] [INFO] [1790755522.874330066] [local_costmap.local_costmap]: Subscribed to Topics: scan
[component_container_isolated-2] [INFO] [1790755522.887506163] [local_costmap.local_costmap]: Initialized plugin "back_2d_lidar_layer"
[component_container_isolated-2] [INFO] [1790755522.887582709] [local_costmap.local_costmap]: Using plugin "inflation_layer"
[component_container_isolated-2] [INFO] [1790755522.890053891] [local_costmap.local_costmap]: Initialized plugin "inflation_layer"
[component_container_isolated-2] [INFO] [1790755522.890099123] [local_costmap.local_costmap]: Using plugin "static_map_layer"
[component_container_isolated-2] [INFO] [1790755522.892381856] [local_costmap.local_costmap]: Subscribing to the map topic (/map) with transient local durability
[component_container_isolated-2] [INFO] [1790755522.895104774] [local_costmap.local_costmap]: Initialized plugin "static_map_layer"
[component_container_isolated-2] [INFO] [1790755523.008901696] [controller_server]: Created progress_checker : progress_checker of type nav2_controller::SimpleProgressChecker
[component_container_isolated-2] [INFO] [1790755523.008928120] [local_costmap.local_costmap]: StaticLayer: Resizing static layer to 480 X 776 at 0.050000 m/pix
[component_container_isolated-2] [INFO] [1790755523.011178317] [controller_server]: Controller Server has progress_checker  progress checkers available.
[component_container_isolated-2] [INFO] [1790755523.012444517] [controller_server]: Created goal checker : general_goal_checker of type nav2_controller::SimpleGoalChecker
[component_container_isolated-2] [INFO] [1790755523.016170239] [controller_server]: Controller Server has general_goal_checker  goal checkers available.
[component_container_isolated-2] [INFO] [1790755523.018311447] [controller_server]: Created controller : FollowPath of type dwb_core::DWBLocalPlanner
[component_container_isolated-2] [INFO] [1790755523.022187157] [controller_server]: Setting transform_tolerance to 0.200000
[component_container_isolated-2] [INFO] [1790755523.061522394] [controller_server]: Using critic "RotateToGoal" (dwb_critics::RotateToGoalCritic)
[component_container_isolated-2] [INFO] [1790755523.063320463] [controller_server]: Critic plugin initialized
[component_container_isolated-2] [INFO] [1790755523.063686359] [controller_server]: Using critic "Oscillation" (dwb_critics::OscillationCritic)
[component_container_isolated-2] [INFO] [1790755523.065349487] [controller_server]: Critic plugin initialized
[component_container_isolated-2] [INFO] [1790755523.065713314] [controller_server]: Using critic "BaseObstacle" (dwb_critics::BaseObstacleCritic)
[component_container_isolated-2] [INFO] [1790755523.066375988] [controller_server]: Critic plugin initialized
[component_container_isolated-2] [INFO] [1790755523.066688001] [controller_server]: Using critic "GoalAlign" (dwb_critics::GoalAlignCritic)
[component_container_isolated-2] [INFO] [1790755523.067760580] [controller_server]: Critic plugin initialized
[component_container_isolated-2] [INFO] [1790755523.068137760] [controller_server]: Using critic "PathAlign" (dwb_critics::PathAlignCritic)
[component_container_isolated-2] [INFO] [1790755523.069182034] [controller_server]: Critic plugin initialized
[component_container_isolated-2] [INFO] [1790755523.069584134] [controller_server]: Using critic "PathDist" (dwb_critics::PathDistCritic)
[component_container_isolated-2] [INFO] [1790755523.070335767] [controller_server]: Critic plugin initialized
[component_container_isolated-2] [INFO] [1790755523.070694515] [controller_server]: Using critic "GoalDist" (dwb_critics::GoalDistCritic)
[component_container_isolated-2] [INFO] [1790755523.072427418] [controller_server]: Critic plugin initialized
[component_container_isolated-2] [INFO] [1790755523.072475471] [controller_server]: Controller Server has FollowPath  controllers available.
[component_container_isolated-2] [INFO] [1790755523.096521517] [lifecycle_manager_navigation]: [34m[1mConfiguring smoother_server[0m[0m
[component_container_isolated-2] [INFO] [1790755523.096916094] [smoother_server]: Configuring smoother server
[component_container_isolated-2] [INFO] [1790755523.116998695] [smoother_server]: Created smoother : simple_smoother of type nav2_smoother::SimpleSmoother
[component_container_isolated-2] [INFO] [1790755523.119215133] [smoother_server]: Smoother Server has simple_smoother  smoothers available.
[component_container_isolated-2] [INFO] [1790755523.139853676] [lifecycle_manager_navigation]: [34m[1mConfiguring planner_server[0m[0m
[component_container_isolated-2] [INFO] [1790755523.140274677] [planner_server]: Configuring
[component_container_isolated-2] [INFO] [1790755523.140377083] [global_costmap.global_costmap]: Configuring
[component_container_isolated-2] [INFO] [1790755523.159017730] [global_costmap.global_costmap]: Using plugin "static_layer"
[component_container_isolated-2] [INFO] [1790755523.161387729] [global_costmap.global_costmap]: Subscribing to the map topic (/map) with transient local durability
[component_container_isolated-2] [INFO] [1790755523.163649868] [global_costmap.global_costmap]: Initialized plugin "static_layer"
[component_container_isolated-2] [INFO] [1790755523.163689270] [global_costmap.global_costmap]: Using plugin "obstacle_layer"
[component_container_isolated-2] [INFO] [1790755523.166588506] [global_costmap.global_costmap]: Subscribed to Topics: scan
[component_container_isolated-2] [INFO] [1790755523.178135235] [global_costmap.global_costmap]: Initialized plugin "obstacle_layer"
[component_container_isolated-2] [INFO] [1790755523.178187519] [global_costmap.global_costmap]: Using plugin "inflation_layer"
[component_container_isolated-2] [INFO] [1790755523.180011073] [global_costmap.global_costmap]: Initialized plugin "inflation_layer"
[component_container_isolated-2] [INFO] [1790755523.242599629] [global_costmap.global_costmap]: StaticLayer: Resizing costmap to 480 X 776 at 0.050000 m/pix
[component_container_isolated-2] [INFO] [1790755523.243026178] [planner_server]: Created global planner plugin GridBased of type nav2_navfn_planner::NavfnPlanner
[component_container_isolated-2] [INFO] [1790755523.243063322] [planner_server]: Configuring plugin GridBased of type NavfnPlanner
[component_container_isolated-2] [INFO] [1790755523.245017586] [planner_server]: Planner Server has GridBased  planners available.
[component_container_isolated-2] [INFO] [1790755523.279785381] [lifecycle_manager_navigation]: [34m[1mConfiguring route_server[0m[0m
[component_container_isolated-2] [INFO] [1790755523.280212400] [route_server]: Configuring
[component_container_isolated-2] [INFO] [1790755523.339939805] [route_server]: Created GraphFileLoader GeoJsonGraphFileLoader of type nav2_route::GeoJsonGraphFileLoader
[component_container_isolated-2] [INFO] [1790755523.339993781] [route_server]: Configuring geojson graph file loader
[component_container_isolated-2] [INFO] [1790755523.340001586] [route_server]: No graph file provided to load yet.
[component_container_isolated-2] [INFO] [1790755523.345032628] [route_server]: Created edge cost function plugin DistanceScorer of type nav2_route::DistanceScorer
[component_container_isolated-2] [INFO] [1790755523.345092905] [route_server]: Configuring distance scorer.
[component_container_isolated-2] [INFO] [1790755523.345857515] [route_server]: Created edge cost function plugin DynamicEdgesScorer of type nav2_route::DynamicEdgesScorer
[component_container_isolated-2] [INFO] [1790755523.345871808] [route_server]: Configuring adjust edges scorer.
[component_container_isolated-2] [INFO] [1790755523.353055061] [route_server]: Created route operation AdjustSpeedLimit of type nav2_route::AdjustSpeedLimit
[component_container_isolated-2] [INFO] [1790755523.353109602] [route_server]: Configuring Adjust speed limit operation.
[component_container_isolated-2] [INFO] [1790755523.356418931] [route_server]: Created route operation ReroutingService of type nav2_route::ReroutingService
[component_container_isolated-2] [INFO] [1790755523.356472343] [route_server]: Configuring Rerouting service operation.
[component_container_isolated-2] [INFO] [1790755523.365987416] [lifecycle_manager_navigation]: [34m[1mConfiguring behavior_server[0m[0m
[component_container_isolated-2] [INFO] [1790755523.366268961] [behavior_server]: Configuring
[component_container_isolated-2] [INFO] [1790755523.373732441] [behavior_server]: Creating behavior plugin spin of type nav2_behaviors::Spin
[component_container_isolated-2] [INFO] [1790755523.375804251] [behavior_server]: Creating behavior plugin backup of type nav2_behaviors::BackUp
[component_container_isolated-2] [INFO] [1790755523.376734553] [behavior_server]: Creating behavior plugin drive_on_heading of type nav2_behaviors::DriveOnHeading
[component_container_isolated-2] [INFO] [1790755523.377682722] [behavior_server]: Creating behavior plugin wait of type nav2_behaviors::Wait
[component_container_isolated-2] [INFO] [1790755523.385736657] [behavior_server]: Configuring spin
[component_container_isolated-2] [INFO] [1790755523.409432513] [behavior_server]: Configuring backup
[component_container_isolated-2] [INFO] [1790755523.431303968] [behavior_server]: Configuring drive_on_heading
[component_container_isolated-2] [INFO] [1790755523.450484195] [behavior_server]: Configuring wait
[component_container_isolated-2] [INFO] [1790755523.471963706] [lifecycle_manager_navigation]: [34m[1mConfiguring velocity_smoother[0m[0m
[component_container_isolated-2] [INFO] [1790755523.472189864] [velocity_smoother]: Configuring velocity smoother
[component_container_isolated-2] [INFO] [1790755523.482031995] [lifecycle_manager_navigation]: [34m[1mConfiguring collision_monitor[0m[0m
[component_container_isolated-2] [INFO] [1790755523.482350684] [collision_monitor]: Configuring
[component_container_isolated-2] [INFO] [1790755523.498949989] [collision_monitor]: [scan]: Creating Scan
[component_container_isolated-2] [INFO] [1790755523.503148996] [collision_monitor]: [FootprintApproach]: Creating Polygon
[component_container_isolated-2] [INFO] [1790755523.503593130] [collision_monitor]: [FootprintApproach]: Polygon points are not defined. Using dynamic subscription instead.
[component_container_isolated-2] [INFO] [1790755523.506937064] [collision_monitor]: [FootprintApproach]: Making footprint subscriber on /local_costmap/published_footprint topic
[component_container_isolated-2] [INFO] [1790755523.525938340] [lifecycle_manager_navigation]: [34m[1mConfiguring bt_navigator[0m[0m
[component_container_isolated-2] [INFO] [1790755523.526212174] [bt_navigator]: Configuring
[component_container_isolated-2] [INFO] [1790755523.536541978] [bt_navigator]: Creating navigator id navigate_to_pose of type nav2_bt_navigator::NavigateToPoseNavigator
[component_container_isolated-2] [INFO] [1790755523.681480368] [bt_navigator]: Creating navigator id navigate_through_poses of type nav2_bt_navigator::NavigateThroughPosesNavigator
[component_container_isolated-2] [INFO] [1790755523.765391019] [lifecycle_manager_navigation]: [34m[1mConfiguring waypoint_follower[0m[0m
[component_container_isolated-2] [INFO] [1790755523.765569406] [waypoint_follower]: Configuring
[component_container_isolated-2] [INFO] [1790755523.830106114] [waypoint_follower]: Created waypoint_task_executor : wait_at_waypoint of type nav2_waypoint_follower::WaitAtWaypoint
[component_container_isolated-2] [INFO] [1790755523.831722035] [lifecycle_manager_navigation]: [34m[1mConfiguring docking_server[0m[0m
[component_container_isolated-2] [INFO] [1790755523.832008470] [docking_server]: Configuring docking_server
[component_container_isolated-2] [INFO] [1790755523.832087837] [docking_server]: Controller frequency set to 50.0000Hz
[component_container_isolated-2] [INFO] [1790755523.893561591] [docking_server]: Created charging dock plugin simple_charging_dock of type opennav_docking::SimpleChargingDock
[component_container_isolated-2] [WARN] [1790755523.914320031] [docking_server]: Dock database filepath nor dock parameters set. Docking actions can only be executed specifying the dock pose via the action request. Or update the dock database via the reload_database service.
[component_container_isolated-2] [INFO] [1790755523.914406733] [docking_server]: Docking Server has 1 dock types and 0 dock instances available.
[component_container_isolated-2] [INFO] [1790755523.922826940] [lifecycle_manager_navigation]: [34m[1mActivating controller_server[0m[0m
[component_container_isolated-2] [INFO] [1790755523.923309064] [controller_server]: Activating
[component_container_isolated-2] [INFO] [1790755523.923360784] [local_costmap.local_costmap]: Activating
[component_container_isolated-2] [INFO] [1790755523.923370564] [local_costmap.local_costmap]: Checking transform
[component_container_isolated-2] [INFO] [1790755523.923563245] [local_costmap.local_costmap]: start
[component_container_isolated-2] [INFO] [1790755524.136456189] [controller_server]: Creating bond (controller_server) to lifecycle manager.
[component_container_isolated-2] [INFO] [1790755524.245354661] [lifecycle_manager_navigation]: Server controller_server connected with bond.
[component_container_isolated-2] [INFO] [1790755524.245418230] [lifecycle_manager_navigation]: [34m[1mActivating smoother_server[0m[0m
[component_container_isolated-2] [INFO] [1790755524.245746134] [smoother_server]: Activating
[component_container_isolated-2] [INFO] [1790755524.245783373] [smoother_server]: Creating bond (smoother_server) to lifecycle manager.
[component_container_isolated-2] [INFO] [1790755524.359964527] [lifecycle_manager_navigation]: Server smoother_server connected with bond.
[component_container_isolated-2] [INFO] [1790755524.360041919] [lifecycle_manager_navigation]: [34m[1mActivating planner_server[0m[0m
[component_container_isolated-2] [INFO] [1790755524.360656165] [planner_server]: Activating
[component_container_isolated-2] [INFO] [1790755524.360697541] [global_costmap.global_costmap]: Activating
[component_container_isolated-2] [INFO] [1790755524.360703935] [global_costmap.global_costmap]: Checking transform
[component_container_isolated-2] [INFO] [1790755524.360764683] [global_costmap.global_costmap]: Timed out waiting for transform from base_link to map to become available, tf error: Lookup would require extrapolation into the past.  Requested time 6.066667 but the earliest data is at time 6.700000, when looking up transform from frame [base_link] to frame [map]
[component_container_isolated-2] [INFO] [1790755524.860837162] [global_costmap.global_costmap]: Timed out waiting for transform from base_link to map to become available, tf error: Lookup would require extrapolation into the past.  Requested time 6.250000 but the earliest data is at time 6.700000, when looking up transform from frame [base_link] to frame [map]
[component_container_isolated-2] [INFO] [1790755525.360856980] [global_costmap.global_costmap]: Timed out waiting for transform from base_link to map to become available, tf error: Lookup would require extrapolation into the past.  Requested time 6.450000 but the earliest data is at time 6.700000, when looking up transform from frame [base_link] to frame [map]
[component_container_isolated-2] [INFO] [1790755526.348706518] [global_costmap.global_costmap]: Timed out waiting for transform from base_link to map to become available, tf error: Lookup would require extrapolation into the past.  Requested time 6.500000 but the earliest data is at time 6.700000, when looking up transform from frame [base_link] to frame [map]
[component_container_isolated-2] [INFO] [1790755526.360879435] [global_costmap.global_costmap]: Timed out waiting for transform from base_link to map to become available, tf error: Lookup would require extrapolation into the past.  Requested time 6.500000 but the earliest data is at time 6.700000, when looking up transform from frame [base_link] to frame [map]
[rviz2-1] [INFO] [1790755526.406467151] [rviz2]: Trying to create a map of size 120 x 120 using 1 swatches
[component_container_isolated-2] [INFO] [1790755527.586720389] [global_costmap.global_costmap]: Timed out waiting for transform from base_link to map to become available, tf error: Lookup would require extrapolation into the past.  Requested time 6.516667 but the earliest data is at time 6.700000, when looking up transform from frame [base_link] to frame [map]
[component_container_isolated-2] [INFO] [1790755527.586830130] [global_costmap.global_costmap]: Timed out waiting for transform from base_link to map to become available, tf error: Lookup would require extrapolation into the past.  Requested time 6.516667 but the earliest data is at time 6.700000, when looking up transform from frame [base_link] to frame [map]
[component_container_isolated-2] [INFO] [1790755527.860848330] [global_costmap.global_costmap]: Timed out waiting for transform from base_link to map to become available, tf error: Lookup would require extrapolation into the past.  Requested time 6.616667 but the earliest data is at time 6.700000, when looking up transform from frame [base_link] to frame [map]
[component_container_isolated-2] [INFO] [1790755528.361060736] [global_costmap.global_costmap]: start
[component_container_isolated-2] [INFO] [1790755529.415413397] [planner_server]: Activating plugin GridBased of type NavfnPlanner
[component_container_isolated-2] [INFO] [1790755529.420199118] [planner_server]: Creating bond (planner_server) to lifecycle manager.
[rviz2-1] [INFO] [1790755529.444531915] [rviz2]: Trying to create a map of size 480 x 776 using 1 swatches
[component_container_isolated-2] [WARN] [1790755529.527014139] [planner_server.rclcpp]: failed to send response to /planner_server/get_state (timeout): client will not receive response, at ./src/rmw_response.cpp:153, at ./src/rcl/service.c:400
[component_container_isolated-2] [WARN] [1790755529.627997497] [planner_server.rclcpp]: failed to send response to /planner_server/get_state (timeout): client will not receive response, at ./src/rmw_response.cpp:153, at ./src/rcl/service.c:400
[component_container_isolated-2] [INFO] [1790755529.728530546] [lifecycle_manager_navigation]: Server planner_server connected with bond.
[component_container_isolated-2] [INFO] [1790755529.728621645] [lifecycle_manager_navigation]: [34m[1mActivating route_server[0m[0m
[component_container_isolated-2] [INFO] [1790755529.729283575] [route_server]: Activating
[component_container_isolated-2] [INFO] [1790755529.729560645] [route_server]: Creating bond (route_server) to lifecycle manager.
[component_container_isolated-2] [INFO] [1790755529.839290271] [lifecycle_manager_navigation]: Server route_server connected with bond.
[component_container_isolated-2] [INFO] [1790755529.839346005] [lifecycle_manager_navigation]: [34m[1mActivating behavior_server[0m[0m
[component_container_isolated-2] [INFO] [1790755529.839784337] [behavior_server]: Activating
[component_container_isolated-2] [INFO] [1790755529.839822342] [behavior_server]: Activating spin
[component_container_isolated-2] [INFO] [1790755529.839857801] [behavior_server]: Activating backup
[component_container_isolated-2] [INFO] [1790755529.839872419] [behavior_server]: Activating drive_on_heading
[component_container_isolated-2] [INFO] [1790755529.839887225] [behavior_server]: Activating wait
[component_container_isolated-2] [INFO] [1790755529.839926550] [behavior_server]: Creating bond (behavior_server) to lifecycle manager.
[component_container_isolated-2] [INFO] [1790755529.958076242] [lifecycle_manager_navigation]: Server behavior_server connected with bond.
[component_container_isolated-2] [INFO] [1790755529.958151498] [lifecycle_manager_navigation]: [34m[1mActivating velocity_smoother[0m[0m
[component_container_isolated-2] [INFO] [1790755529.958636228] [velocity_smoother]: Activating
[component_container_isolated-2] [INFO] [1790755529.958690076] [velocity_smoother]: Creating bond (velocity_smoother) to lifecycle manager.
[component_container_isolated-2] [INFO] [1790755530.078388831] [lifecycle_manager_navigation]: Server velocity_smoother connected with bond.
[component_container_isolated-2] [INFO] [1790755530.078475969] [lifecycle_manager_navigation]: [34m[1mActivating collision_monitor[0m[0m
[component_container_isolated-2] [INFO] [1790755530.078933822] [collision_monitor]: Activating
[component_container_isolated-2] [INFO] [1790755530.079005966] [collision_monitor]: Creating bond (collision_monitor) to lifecycle manager.
[component_container_isolated-2] [INFO] [1790755530.198121346] [lifecycle_manager_navigation]: Server collision_monitor connected with bond.
[component_container_isolated-2] [INFO] [1790755530.198203863] [lifecycle_manager_navigation]: [34m[1mActivating bt_navigator[0m[0m
[component_container_isolated-2] [INFO] [1790755530.198698779] [bt_navigator]: Activating
[component_container_isolated-2] [INFO] [1790755530.492339768] [bt_navigator]: Creating bond (bt_navigator) to lifecycle manager.
[component_container_isolated-2] [INFO] [1790755530.605309825] [lifecycle_manager_navigation]: Server bt_navigator connected with bond.
[component_container_isolated-2] [INFO] [1790755530.605374708] [lifecycle_manager_navigation]: [34m[1mActivating waypoint_follower[0m[0m
[component_container_isolated-2] [INFO] [1790755530.605890559] [waypoint_follower]: Activating
[component_container_isolated-2] [INFO] [1790755530.605949500] [waypoint_follower]: Creating bond (waypoint_follower) to lifecycle manager.
[component_container_isolated-2] [INFO] [1790755530.727568314] [lifecycle_manager_navigation]: Server waypoint_follower connected with bond.
[component_container_isolated-2] [INFO] [1790755530.727637628] [lifecycle_manager_navigation]: [34m[1mActivating docking_server[0m[0m
[component_container_isolated-2] [INFO] [1790755530.728096236] [docking_server]: Activating docking_server
[component_container_isolated-2] [INFO] [1790755530.774895713] [docking_server]: Creating bond (docking_server) to lifecycle manager.
[component_container_isolated-2] [INFO] [1790755530.893948097] [lifecycle_manager_navigation]: Server docking_server connected with bond.
[component_container_isolated-2] [INFO] [1790755530.894020996] [lifecycle_manager_navigation]: [34m[1mManaged nodes are active[0m[0m
[component_container_isolated-2] [INFO] [1790755530.894026560] [lifecycle_manager_navigation]: [34m[1mCreating bond timer...[0m[0m
[component_container_isolated-2] [INFO] [1790755535.261640927] [bt_navigator]: Begin navigating from current location (-6.00, -1.00) to (-10.05, -1.00)
[component_container_isolated-2] [WARN] [1790755535.275764400] [planner_server]: GridBased plugin failed to plan from (-6.00, -1.00) to (-10.05, -1.00): "Failed to create plan with tolerance of: 0.500000"
[component_container_isolated-2] [WARN] [1790755535.275847106] [planner_server]: [compute_path_to_pose] [ActionServer] Aborting handle.
[component_container_isolated-2] [INFO] [1790755535.292672338] [global_costmap.global_costmap]: Received request to clear entirely the global_costmap
[component_container_isolated-2] [WARN] [1790755535.382531985] [planner_server]: GridBased plugin failed to plan from (-6.00, -1.00) to (-10.05, -1.00): "Failed to create plan with tolerance of: 0.500000"
[component_container_isolated-2] [WARN] [1790755535.382626574] [planner_server]: [compute_path_to_pose] [ActionServer] Aborting handle.
[component_container_isolated-2] [INFO] [1790755535.402242682] [local_costmap.local_costmap]: Received request to clear entirely the local_costmap
[component_container_isolated-2] [INFO] [1790755535.402639897] [global_costmap.global_costmap]: Received request to clear entirely the global_costmap
[component_container_isolated-2] [WARN] [1790755536.382205938] [planner_server]: GridBased plugin failed to plan from (-6.00, -1.00) to (-10.05, -1.00): "Failed to create plan with tolerance of: 0.500000"
[component_container_isolated-2] [WARN] [1790755536.382307034] [planner_server]: [compute_path_to_pose] [ActionServer] Aborting handle.
[component_container_isolated-2] [INFO] [1790755536.402388634] [global_costmap.global_costmap]: Received request to clear entirely the global_costmap
[component_container_isolated-2] [WARN] [1790755537.382059712] [planner_server]: GridBased plugin failed to plan from (-6.00, -1.00) to (-10.05, -1.00): "Failed to create plan with tolerance of: 0.500000"
[component_container_isolated-2] [WARN] [1790755537.382155504] [planner_server]: [compute_path_to_pose] [ActionServer] Aborting handle.
[component_container_isolated-2] [INFO] [1790755537.403126514] [behavior_server]: Running spin
[component_container_isolated-2] [INFO] [1790755537.403235091] [behavior_server]: Turning 1.57 for spin behavior.
[component_container_isolated-2] [INFO] [1790755544.603488261] [behavior_server]: spin completed successfully
[component_container_isolated-2] [WARN] [1790755544.631437997] [planner_server]: GridBased plugin failed to plan from (-6.04, -0.99) to (-10.05, -1.00): "Failed to create plan with tolerance of: 0.500000"
[component_container_isolated-2] [WARN] [1790755544.631551946] [planner_server]: [compute_path_to_pose] [ActionServer] Aborting handle.
[component_container_isolated-2] [INFO] [1790755544.642340484] [global_costmap.global_costmap]: Received request to clear entirely the global_costmap
[component_container_isolated-2] [WARN] [1790755545.383617940] [planner_server]: GridBased plugin failed to plan from (-6.04, -0.98) to (-10.05, -1.00): "Failed to create plan with tolerance of: 0.500000"
[component_container_isolated-2] [WARN] [1790755545.383704814] [planner_server]: [compute_path_to_pose] [ActionServer] Aborting handle.
[component_container_isolated-2] [INFO] [1790755545.402442422] [behavior_server]: Running wait
[rviz2-1] [INFO] [1790755551.813449405] [rviz]: Message Filter dropping message: frame 'odom' at time 5.983 for reason 'the timestamp on the message is earlier than all the data in the transform cache'
[rviz2-1] [INFO] [1790755551.813561985] [rviz]: Message Filter dropping message: frame 'odom' at time 5.983 for reason 'the timestamp on the message is earlier than all the data in the transform cache'
[rviz2-1] [INFO] [1790755553.131781960] [rviz]: Message Filter dropping message: frame 'front_3d_lidar' at time 5.500 for reason 'the timestamp on the message is earlier than all the data in the transform cache'
[component_container_isolated-2] [INFO] [1790755561.214375266] [behavior_server]: wait completed successfully
[component_container_isolated-2] [WARN] [1790755561.246839624] [planner_server]: GridBased plugin failed to plan from (-6.13, -1.05) to (-10.05, -1.00): "Failed to create plan with tolerance of: 0.500000"
[component_container_isolated-2] [WARN] [1790755561.247004496] [planner_server]: [compute_path_to_pose] [ActionServer] Aborting handle.
[component_container_isolated-2] [INFO] [1790755561.263903287] [global_costmap.global_costmap]: Received request to clear entirely the global_costmap
[component_container_isolated-2] [WARN] [1790755561.393722519] [planner_server]: GridBased plugin failed to plan from (-6.13, -1.05) to (-10.05, -1.00): "Failed to create plan with tolerance of: 0.500000"
[component_container_isolated-2] [WARN] [1790755561.393810049] [planner_server]: [compute_path_to_pose] [ActionServer] Aborting handle.
[component_container_isolated-2] [INFO] [1790755561.394396818] [behavior_server]: Running backup
[component_container_isolated-2] [INFO] [1790755567.394701039] [behavior_server]: backup completed successfully
[component_container_isolated-2] [WARN] [1790755567.427148432] [planner_server]: GridBased plugin failed to plan from (-6.21, -0.75) to (-10.05, -1.00): "Failed to create plan with tolerance of: 0.500000"
[component_container_isolated-2] [WARN] [1790755567.427296689] [planner_server]: [compute_path_to_pose] [ActionServer] Aborting handle.
[component_container_isolated-2] [INFO] [1790755567.443913506] [global_costmap.global_costmap]: Received request to clear entirely the global_costmap
[component_container_isolated-2] [WARN] [1790755568.393615170] [planner_server]: GridBased plugin failed to plan from (-6.21, -0.74) to (-10.05, -1.00): "Failed to create plan with tolerance of: 0.500000"
[component_container_isolated-2] [WARN] [1790755568.393709704] [planner_server]: [compute_path_to_pose] [ActionServer] Aborting handle.
[component_container_isolated-2] [INFO] [1790755568.403975705] [local_costmap.local_costmap]: Received request to clear entirely the local_costmap
[component_container_isolated-2] [INFO] [1790755568.404348656] [global_costmap.global_costmap]: Received request to clear entirely the global_costmap
[component_container_isolated-2] [WARN] [1790755569.395511684] [planner_server]: GridBased plugin failed to plan from (-6.21, -0.74) to (-10.05, -1.00): "Failed to create plan with tolerance of: 0.500000"
[component_container_isolated-2] [WARN] [1790755569.395613098] [planner_server]: [compute_path_to_pose] [ActionServer] Aborting handle.
[component_container_isolated-2] [INFO] [1790755569.414115971] [global_costmap.global_costmap]: Received request to clear entirely the global_costmap
[component_container_isolated-2] [WARN] [1790755570.394046927] [planner_server]: GridBased plugin failed to plan from (-6.21, -0.74) to (-10.05, -1.00): "Failed to create plan with tolerance of: 0.500000"
[component_container_isolated-2] [WARN] [1790755570.394143628] [planner_server]: [compute_path_to_pose] [ActionServer] Aborting handle.
[component_container_isolated-2] [INFO] [1790755570.414396553] [behavior_server]: Running spin
[component_container_isolated-2] [INFO] [1790755570.414563000] [behavior_server]: Turning 1.57 for spin behavior.
[component_container_isolated-2] [INFO] [1790755577.415323228] [behavior_server]: spin completed successfully
[component_container_isolated-2] [WARN] [1790755577.445459837] [planner_server]: GridBased plugin failed to plan from (-6.21, -0.85) to (-10.05, -1.00): "Failed to create plan with tolerance of: 0.500000"
[component_container_isolated-2] [WARN] [1790755577.445551093] [planner_server]: [compute_path_to_pose] [ActionServer] Aborting handle.
[component_container_isolated-2] [INFO] [1790755577.464275818] [global_costmap.global_costmap]: Received request to clear entirely the global_costmap
[component_container_isolated-2] [WARN] [1790755578.394842103] [planner_server]: GridBased plugin failed to plan from (-6.21, -0.85) to (-10.05, -1.00): "Failed to create plan with tolerance of: 0.500000"
[component_container_isolated-2] [WARN] [1790755578.394955543] [planner_server]: [compute_path_to_pose] [ActionServer] Aborting handle.
[component_container_isolated-2] [WARN] [1790755578.423577161] [bt_navigator]: [navigate_to_pose] [ActionServer] Aborting handle.
[component_container_isolated-2] [ERROR] [1790755578.424051149] [bt_navigator]: Goal failed
[WARNING] [launch]: user interrupted with ctrl-c (SIGINT)
[INFO] [pointcloud_to_laserscan_node-3]: sending signal 'SIGINT' to process[pointcloud_to_laserscan_node-3]
[INFO] [component_container_isolated-2]: sending signal 'SIGINT' to process[component_container_isolated-2]
[INFO] [rviz2-1]: sending signal 'SIGINT' to process[rviz2-1]
[pointcloud_to_laserscan_node-3] [INFO] [1790755593.737048363] [rclcpp]: signal_handler(SIGINT/SIGTERM)
[component_container_isolated-2] [INFO] [1790755593.738085205] [rclcpp]: signal_handler(SIGINT/SIGTERM)
[component_container_isolated-2] [INFO] [1790755593.738220151] [amcl]: Running Nav2 LifecycleNode rcl preshutdown (amcl)
[component_container_isolated-2] [INFO] [1790755593.738351701] [amcl]: Deactivating
[component_container_isolated-2] [INFO] [1790755593.738418843] [amcl]: Destroying bond (amcl) to lifecycle manager.
[rviz2-1] [INFO] [1790755593.739358367] [rclcpp]: signal_handler(SIGINT/SIGTERM)
[component_container_isolated-2] [INFO] [1790755593.749535646] [amcl]: Cleaning up
[component_container_isolated-2] [INFO] [1790755593.797211081] [amcl]: Destroying bond (amcl) to lifecycle manager.
[component_container_isolated-2] [INFO] [1790755593.797263041] [map_server]: Running Nav2 LifecycleNode rcl preshutdown (map_server)
[component_container_isolated-2] [INFO] [1790755593.797295386] [map_server]: Deactivating
[component_container_isolated-2] [INFO] [1790755593.797306231] [map_server]: Destroying bond (map_server) to lifecycle manager.
[component_container_isolated-2] [INFO] [1790755593.807804134] [map_server]: Cleaning up
[component_container_isolated-2] [INFO] [1790755593.807908054] [map_server]: Destroying bond (map_server) to lifecycle manager.
[component_container_isolated-2] [INFO] [1790755593.807926631] [controller_server]: Running Nav2 LifecycleNode rcl preshutdown (controller_server)
[component_container_isolated-2] [INFO] [1790755593.807956242] [controller_server]: Deactivating
[component_container_isolated-2] [INFO] [1790755593.808007448] [local_costmap.local_costmap]: Deactivating
[INFO] [pointcloud_to_laserscan_node-3]: process has finished cleanly [pid 78488]
[component_container_isolated-2] [INFO] [1790755593.902888603] [controller_server]: Destroying bond (controller_server) to lifecycle manager.
[component_container_isolated-2] [INFO] [1790755593.904048414] [lifecycle_manager_localization]: [34m[1mHave not received a heartbeat from map_server.[0m[0m
[component_container_isolated-2] [ERROR] [1790755593.904103581] [lifecycle_manager_localization]: CRITICAL FAILURE: SERVER map_server IS DOWN after not receiving a heartbeat for 4000 ms. Shutting down related nodes.
[component_container_isolated-2] [INFO] [1790755593.904160256] [lifecycle_manager_localization]: [34m[1mTerminating bond timer...[0m[0m
[component_container_isolated-2] [INFO] [1790755593.904165536] [lifecycle_manager_localization]: [34m[1mResetting managed nodes...[0m[0m
[component_container_isolated-2] [INFO] [1790755593.904170063] [lifecycle_manager_localization]: [34m[1mDeactivating amcl[0m[0m
[component_container_isolated-2] [WARN] [1790755593.904592438] [rcl_lifecycle]: No transition matching 4 found for current state unconfigured
[component_container_isolated-2] [WARN] [1790755593.904610450] [rcl_lifecycle]: No transition matching 4 found for current state unconfigured
[component_container_isolated-2] [ERROR] [1790755593.904615542] [amcl]: Unable to start transition 4 from current state unconfigured: Transition is not registered., at ./src/rcl_lifecycle.c:355
[component_container_isolated-2] [ERROR] [1790755593.905468969] [lifecycle_manager_localization]: Failed to change state for node: amcl
[component_container_isolated-2] [INFO] [1790755593.905532245] [lifecycle_manager_localization]: [34m[1mDeactivating map_server[0m[0m
[component_container_isolated-2] [WARN] [1790755593.905868618] [rcl_lifecycle]: No transition matching 4 found for current state unconfigured
[component_container_isolated-2] [WARN] [1790755593.905888233] [rcl_lifecycle]: No transition matching 4 found for current state unconfigured
[component_container_isolated-2] [ERROR] [1790755593.905893136] [map_server]: Unable to start transition 4 from current state unconfigured: Transition is not registered., at ./src/rcl_lifecycle.c:355
[component_container_isolated-2] [ERROR] [1790755593.906425467] [lifecycle_manager_localization]: Failed to change state for node: map_server
[component_container_isolated-2] [INFO] [1790755593.906459227] [lifecycle_manager_localization]: [34m[1mCleaning up amcl[0m[0m
[component_container_isolated-2] [WARN] [1790755593.906669802] [rcl_lifecycle]: No transition matching 2 found for current state unconfigured
[component_container_isolated-2] [WARN] [1790755593.906686587] [rcl_lifecycle]: No transition matching 2 found for current state unconfigured
[component_container_isolated-2] [ERROR] [1790755593.906690548] [amcl]: Unable to start transition 2 from current state unconfigured: Transition is not registered., at ./src/rcl_lifecycle.c:355
[component_container_isolated-2] [INFO] [1790755593.907216843] [lifecycle_manager_localization]: [34m[1mCleaning up map_server[0m[0m
[component_container_isolated-2] [WARN] [1790755593.907375930] [rcl_lifecycle]: No transition matching 2 found for current state unconfigured
[component_container_isolated-2] [WARN] [1790755593.907386774] [rcl_lifecycle]: No transition matching 2 found for current state unconfigured
[component_container_isolated-2] [ERROR] [1790755593.907390358] [map_server]: Unable to start transition 2 from current state unconfigured: Transition is not registered., at ./src/rcl_lifecycle.c:355
[component_container_isolated-2] [INFO] [1790755593.907833197] [lifecycle_manager_localization]: [34m[1mManaged nodes have been reset[0m[0m
[component_container_isolated-2] [INFO] [1790755593.913538331] [controller_server]: Cleaning up
[component_container_isolated-2] [INFO] [1790755593.914813190] [local_costmap.local_costmap]: Cleaning up
[component_container_isolated-2] [INFO] [1790755594.076530294] [lifecycle_manager_navigation]: [34m[1mHave not received a heartbeat from controller_server.[0m[0m
[component_container_isolated-2] [ERROR] [1790755594.076631574] [lifecycle_manager_navigation]: CRITICAL FAILURE: SERVER controller_server IS DOWN after not receiving a heartbeat for 4000 ms. Shutting down related nodes.
[component_container_isolated-2] [INFO] [1790755594.076690890] [lifecycle_manager_navigation]: [34m[1mTerminating bond timer...[0m[0m
[component_container_isolated-2] [INFO] [1790755594.076704092] [lifecycle_manager_navigation]: [34m[1mResetting managed nodes...[0m[0m
[component_container_isolated-2] [INFO] [1790755594.076714182] [lifecycle_manager_navigation]: [34m[1mDeactivating docking_server[0m[0m
[component_container_isolated-2] [INFO] [1790755594.077212376] [docking_server]: Deactivating docking_server
[component_container_isolated-2] [INFO] [1790755594.152679817] [docking_server]: Destroying bond (docking_server) to lifecycle manager.
[component_container_isolated-2] [INFO] [1790755594.264571040] [controller_server]: Destroying bond (controller_server) to lifecycle manager.
[component_container_isolated-2] [INFO] [1790755594.264693349] [lifecycle_manager_localization]: Running Nav2 LifecycleManager rcl preshutdown (lifecycle_manager_localization)
[component_container_isolated-2] [INFO] [1790755594.276853124] [lifecycle_manager_navigation]: [34m[1mDeactivating waypoint_follower[0m[0m
[component_container_isolated-2] [INFO] [1790755594.277380551] [waypoint_follower]: Deactivating
[component_container_isolated-2] [INFO] [1790755594.277454860] [waypoint_follower]: Destroying bond (waypoint_follower) to lifecycle manager.
[component_container_isolated-2] [INFO] [1790755594.292113148] [smoother_server]: Running Nav2 LifecycleNode rcl preshutdown (smoother_server)
[component_container_isolated-2] [INFO] [1790755594.292254600] [smoother_server]: Deactivating
[component_container_isolated-2] [INFO] [1790755594.292294018] [smoother_server]: Destroying bond (smoother_server) to lifecycle manager.
[component_container_isolated-2] [INFO] [1790755594.302920925] [smoother_server]: Cleaning up
[component_container_isolated-2] [INFO] [1790755594.343536022] [smoother_server]: Destroying bond (smoother_server) to lifecycle manager.
[component_container_isolated-2] [INFO] [1790755594.343599204] [planner_server]: Running Nav2 LifecycleNode rcl preshutdown (planner_server)
[component_container_isolated-2] [INFO] [1790755594.343630229] [planner_server]: Deactivating
[component_container_isolated-2] [INFO] [1790755594.343661631] [global_costmap.global_costmap]: Deactivating
[component_container_isolated-2] [INFO] [1790755594.396589743] [lifecycle_manager_navigation]: [34m[1mDeactivating bt_navigator[0m[0m
[component_container_isolated-2] [INFO] [1790755594.397356224] [bt_navigator]: Deactivating
[component_container_isolated-2] [INFO] [1790755594.397441943] [bt_navigator]: Destroying bond (bt_navigator) to lifecycle manager.
[component_container_isolated-2] [INFO] [1790755594.518832984] [lifecycle_manager_navigation]: [34m[1mDeactivating collision_monitor[0m[0m
[component_container_isolated-2] [INFO] [1790755594.519405488] [collision_monitor]: Deactivating
[component_container_isolated-2] [INFO] [1790755594.519476497] [collision_monitor]: Destroying bond (collision_monitor) to lifecycle manager.
[component_container_isolated-2] [INFO] [1790755594.637251554] [lifecycle_manager_navigation]: [34m[1mDeactivating velocity_smoother[0m[0m
[component_container_isolated-2] [INFO] [1790755594.637701560] [velocity_smoother]: Deactivating
[component_container_isolated-2] [INFO] [1790755594.637800765] [velocity_smoother]: Destroying bond (velocity_smoother) to lifecycle manager.
[component_container_isolated-2] [INFO] [1790755594.756579094] [lifecycle_manager_navigation]: [34m[1mDeactivating behavior_server[0m[0m
[component_container_isolated-2] [INFO] [1790755594.757002790] [behavior_server]: Deactivating
[component_container_isolated-2] [INFO] [1790755594.757069650] [behavior_server]: Destroying bond (behavior_server) to lifecycle manager.
[component_container_isolated-2] [INFO] [1790755594.875200223] [lifecycle_manager_navigation]: [34m[1mDeactivating route_server[0m[0m
[component_container_isolated-2] [INFO] [1790755594.875757450] [route_server]: Deactivating
[component_container_isolated-2] [INFO] [1790755594.875812805] [route_server]: Destroying bond (route_server) to lifecycle manager.
[component_container_isolated-2] [INFO] [1790755594.994810384] [lifecycle_manager_navigation]: [34m[1mDeactivating planner_server[0m[0m
[component_container_isolated-2] [WARN] [1790755594.995339886] [rcl_lifecycle]: No transition matching 4 found for current state deactivating
[component_container_isolated-2] [WARN] [1790755594.995359029] [rcl_lifecycle]: No transition matching 4 found for current state deactivating
[component_container_isolated-2] [ERROR] [1790755594.995363556] [planner_server]: Unable to start transition 4 from current state deactivating: Transition is not registered., at ./src/rcl_lifecycle.c:355
[component_container_isolated-2] [ERROR] [1790755594.996242727] [lifecycle_manager_navigation]: Failed to change state for node: planner_server
[component_container_isolated-2] [INFO] [1790755594.996267434] [lifecycle_manager_navigation]: [34m[1mDeactivating smoother_server[0m[0m
[component_container_isolated-2] [WARN] [1790755594.996475934] [rcl_lifecycle]: No transition matching 4 found for current state unconfigured
[component_container_isolated-2] [WARN] [1790755594.996488759] [rcl_lifecycle]: No transition matching 4 found for current state unconfigured
[component_container_isolated-2] [ERROR] [1790755594.996492059] [smoother_server]: Unable to start transition 4 from current state unconfigured: Transition is not registered., at ./src/rcl_lifecycle.c:355
[component_container_isolated-2] [ERROR] [1790755594.996792409] [lifecycle_manager_navigation]: Failed to change state for node: smoother_server
[component_container_isolated-2] [INFO] [1790755594.996806649] [lifecycle_manager_navigation]: [34m[1mDeactivating controller_server[0m[0m
[component_container_isolated-2] [WARN] [1790755595.008818936] [rcl_lifecycle]: No transition matching 4 found for current state unconfigured
[component_container_isolated-2] [WARN] [1790755595.008863824] [rcl_lifecycle]: No transition matching 4 found for current state unconfigured
[component_container_isolated-2] [ERROR] [1790755595.008869199] [controller_server]: Unable to start transition 4 from current state unconfigured: Transition is not registered., at ./src/rcl_lifecycle.c:355
[component_container_isolated-2] [ERROR] [1790755595.009545339] [lifecycle_manager_navigation]: Failed to change state for node: controller_server
[component_container_isolated-2] [INFO] [1790755595.009605315] [lifecycle_manager_navigation]: [34m[1mCleaning up docking_server[0m[0m
[component_container_isolated-2] [INFO] [1790755595.009857099] [docking_server]: Cleaning up docking_server
[component_container_isolated-2] [INFO] [1790755595.103520164] [lifecycle_manager_navigation]: [34m[1mCleaning up waypoint_follower[0m[0m
[component_container_isolated-2] [INFO] [1790755595.103836640] [waypoint_follower]: Cleaning up
[component_container_isolated-2] [INFO] [1790755595.173100093] [lifecycle_manager_navigation]: [34m[1mCleaning up bt_navigator[0m[0m
[component_container_isolated-2] [INFO] [1790755595.173310008] [bt_navigator]: Cleaning up
[component_container_isolated-2] [INFO] [1790755595.343710658] [planner_server]: Deactivating plugin GridBased of type NavfnPlanner
[component_container_isolated-2] [INFO] [1790755595.343793172] [planner_server]: Destroying bond (planner_server) to lifecycle manager.
[component_container_isolated-2] [INFO] [1790755595.354103793] [planner_server]: Cleaning up
[component_container_isolated-2] [INFO] [1790755595.442094540] [global_costmap.global_costmap]: Cleaning up
[component_container_isolated-2] [INFO] [1790755595.479548846] [planner_server]: Cleaning up plugin GridBased of type NavfnPlanner
[component_container_isolated-2] [INFO] [1790755595.479768191] [planner_server]: Destroying plugin GridBased of type NavfnPlanner
[component_container_isolated-2] [INFO] [1790755595.642103912] [planner_server]: Destroying bond (planner_server) to lifecycle manager.
[component_container_isolated-2] [INFO] [1790755595.642174638] [route_server]: Running Nav2 LifecycleNode rcl preshutdown (route_server)
[component_container_isolated-2] [INFO] [1790755595.642191141] [route_server]: Cleaning up
[component_container_isolated-2] [INFO] [1790755595.723846916] [route_server]: Destroying bond (route_server) to lifecycle manager.
[component_container_isolated-2] [INFO] [1790755595.723916793] [behavior_server]: Running Nav2 LifecycleNode rcl preshutdown (behavior_server)
[component_container_isolated-2] [INFO] [1790755595.723934333] [behavior_server]: Cleaning up
[component_container_isolated-2] [INFO] [1790755595.744592541] [behavior_server]: Destroying bond (behavior_server) to lifecycle manager.
[component_container_isolated-2] [INFO] [1790755595.744659684] [bt_navigator]: Running Nav2 LifecycleNode rcl preshutdown (bt_navigator)
[component_container_isolated-2] [INFO] [1790755595.744667982] [bt_navigator]: Destroying bond (bt_navigator) to lifecycle manager.
[component_container_isolated-2] [INFO] [1790755595.744672414] [waypoint_follower]: Running Nav2 LifecycleNode rcl preshutdown (waypoint_follower)
[component_container_isolated-2] [INFO] [1790755595.744678355] [waypoint_follower]: Destroying bond (waypoint_follower) to lifecycle manager.
[component_container_isolated-2] [INFO] [1790755595.744682410] [velocity_smoother]: Running Nav2 LifecycleNode rcl preshutdown (velocity_smoother)
[component_container_isolated-2] [INFO] [1790755595.744694669] [velocity_smoother]: Cleaning up
[component_container_isolated-2] [INFO] [1790755595.744707117] [velocity_smoother]: Destroying bond (velocity_smoother) to lifecycle manager.
[component_container_isolated-2] [INFO] [1790755595.744710984] [collision_monitor]: Running Nav2 LifecycleNode rcl preshutdown (collision_monitor)
[component_container_isolated-2] [INFO] [1790755595.744720791] [collision_monitor]: Cleaning up
[component_container_isolated-2] [INFO] [1790755595.744731636] [collision_monitor]: [FootprintApproach]: Destroying Polygon
[component_container_isolated-2] [INFO] [1790755595.744738331] [collision_monitor]: [scan]: Destroying Scan
[component_container_isolated-2] [INFO] [1790755595.764313488] [collision_monitor]: Destroying bond (collision_monitor) to lifecycle manager.
[component_container_isolated-2] [INFO] [1790755595.764371578] [docking_server]: Running Nav2 LifecycleNode rcl preshutdown (docking_server)
[component_container_isolated-2] [INFO] [1790755595.764378745] [docking_server]: Destroying bond (docking_server) to lifecycle manager.
[component_container_isolated-2] [INFO] [1790755595.764384591] [lifecycle_manager_navigation]: Running Nav2 LifecycleManager rcl preshutdown (lifecycle_manager_navigation)
[component_container_isolated-2] [INFO] [1790755595.795025440] [bt_navigator]: Completed Cleaning up
[component_container_isolated-2] [INFO] [1790755595.795658390] [lifecycle_manager_navigation]: [34m[1mCleaning up collision_monitor[0m[0m
[component_container_isolated-2] [WARN] [1790755595.829780560] [rcl_lifecycle]: No transition matching 2 found for current state unconfigured
[component_container_isolated-2] [WARN] [1790755595.829821110] [rcl_lifecycle]: No transition matching 2 found for current state unconfigured
[component_container_isolated-2] [ERROR] [1790755595.829826013] [collision_monitor]: Unable to start transition 2 from current state unconfigured: Transition is not registered., at ./src/rcl_lifecycle.c:355
[component_container_isolated-2] [INFO] [1790755595.830377393] [lifecycle_manager_navigation]: [34m[1mCleaning up velocity_smoother[0m[0m
[component_container_isolated-2] [WARN] [1790755595.839670503] [rcl_lifecycle]: No transition matching 2 found for current state unconfigured
[component_container_isolated-2] [WARN] [1790755595.839707752] [rcl_lifecycle]: No transition matching 2 found for current state unconfigured
[component_container_isolated-2] [ERROR] [1790755595.839712656] [velocity_smoother]: Unable to start transition 2 from current state unconfigured: Transition is not registered., at ./src/rcl_lifecycle.c:355
[component_container_isolated-2] [INFO] [1790755595.840262621] [lifecycle_manager_navigation]: [34m[1mCleaning up behavior_server[0m[0m
[component_container_isolated-2] [WARN] [1790755595.867173382] [rcl_lifecycle]: No transition matching 2 found for current state unconfigured
[component_container_isolated-2] [WARN] [1790755595.867214591] [rcl_lifecycle]: No transition matching 2 found for current state unconfigured
[component_container_isolated-2] [ERROR] [1790755595.867219589] [behavior_server]: Unable to start transition 2 from current state unconfigured: Transition is not registered., at ./src/rcl_lifecycle.c:355
[component_container_isolated-2] [INFO] [1790755595.867743527] [lifecycle_manager_navigation]: [34m[1mCleaning up route_server[0m[0m
[component_container_isolated-2] Magick: abort due to signal 11 (SIGSEGV) "Segmentation Fault"...
[ERROR] [component_container_isolated-2]: process[component_container_isolated-2] failed to terminate '5' seconds after receiving 'SIGINT', escalating to 'SIGTERM'
[ERROR] [rviz2-1]: process[rviz2-1] failed to terminate '5' seconds after receiving 'SIGINT', escalating to 'SIGTERM'
[INFO] [component_container_isolated-2]: sending signal 'SIGTERM' to process[component_container_isolated-2]
[INFO] [rviz2-1]: sending signal 'SIGTERM' to process[rviz2-1]
[ERROR] [rviz2-1]: process has died [pid 78484, exit code -15, cmd '/opt/ros/jazzy/lib/rviz2/rviz2 -d /home/administrator/robotics/vendor/isaac-ros-6.1/jazzy_ws/install/carter_navigation/share/carter_navigation/rviz2/carter_navigation.rviz --ros-args --params-file /tmp/launch_params_nor8jaf3'].
[ERROR] [launch]: Caught exception in launch (see debug for traceback): Cannot shutdown a ROS adapter that is not running
[ERROR] [component_container_isolated-2]: process has died [pid 78487, exit code -6, cmd '/opt/ros/jazzy/lib/rclcpp_components/component_container_isolated --ros-args --log-level info --ros-args -r __node:=nav2_container --params-file /tmp/launch_params_ix6xkaor --params-file /tmp/launch_params_aejhykrb -r /tf:=tf -r /tf_static:=tf_static'].
